# Hostname: yichi-thinkpad
# System Type: Linux
# Machine Type: x86_64
# Processor: x86_64
# Number of MPI ranks: 8
#
# norb: 2
# nelec: (1, 1)
#
# n_eql: 6
# n_prop_steps: 30
# n_ene_blocks: 1
# n_sr_blocks: 10
# n_blocks: 20
# n_walkers: 50
# seed: 535930
# walker_type: rhf
# trial: cisd
# dt: 0.005
# use_gpu: False
# n_exp_terms: 6
# orbital_rotation: True
# do_sr: True
# symmetry: False
# save_walkers: False
# ene0: 0.0
# free_projection: False
# n_batch: 1
# maxError: 0.001
#
# Hostname: yichi-thinkpad
# System Type: Linux
# Machine Type: x86_64
# Processor: x86_64
# afqmc propagation with ccsd trial using 400 walkers
# system relaxing and appraching the equilibrium of the Markov Chain
# eql_step 	 sys_energy 	 hf_orb_cr 	 ccsd_orb_cr 	 tot_orb_cr 	 wall_time
    0	 	 -10.619879	 0.000000	 -0.040061	 -0.040061	    0.00
    1	 	 -10.619670	 -0.018990	 -0.020830	 -0.039820	   21.39 
    2	 	 -10.619553	 -0.029711	 -0.009973	 -0.039683	   35.16 
    3	 	 -10.619491	 -0.035337	 -0.004275	 -0.039612	   35.33 
    4	 	 -10.619489	 -0.035491	 -0.004119	 -0.039610	   35.50 
    5	 	 -10.619507	 -0.033767	 -0.005865	 -0.039632	   35.67 
    6	 	 -10.619473	 -0.036910	 -0.002681	 -0.039592	   35.84 
# Sampling sweeps:
# iter 	 sys_energy 	 err 	 hf_orb_cr 	 err 	 ccsd_orb_cr 	 err 	 tot_orb_cr 	 err 	 time
   0   -10.619439   0.000031   -0.039960   0.002835   0.000407   0.002871   -0.039553   0.000036  0.21 
   2   -10.619429   0.000018   -0.040930   0.001622   0.001389   0.001643   -0.039541   0.000021  25.98 
   4   -10.619442   0.000014   -0.039691   0.001313   0.000134   0.001329   -0.039556   0.000017  26.33 
   6   -10.619460   0.000012   -0.038030   0.001082   -0.001547   0.001095   -0.039577   0.000014  26.66 
   8   -10.619468   0.000010   -0.037319   0.000930   -0.002268   0.000941   -0.039587   0.000012  27.01 
  10   -10.619471   0.000009   -0.037058   0.000847   -0.002532   0.000858   -0.039590   0.000011  27.44 
  12   -10.619470   0.000009   -0.037174   0.000780   -0.002414   0.000790   -0.039588   0.000010  27.80 
  14   -10.619470   0.000008   -0.037182   0.000713   -0.002406   0.000723   -0.039588   0.000009  28.16 
  16   -10.619469   0.000008   -0.037253   0.000700   -0.002335   0.000709   -0.039587   0.000009  28.51 
  18   -10.619467   0.000007   -0.037459   0.000672   -0.002126   0.000680   -0.039585   0.000009  28.99 
# Number of outliers in post: 0 
#
# Mean: -1.06194687e+01
# Block size    # of blocks         Mean                Error
      1              160       -1.06194687e+01       6.906172e-06
      2               80       -1.06194687e+01       7.143897e-06
      5               32       -1.06194687e+01       7.587982e-06
     10               16       -1.06194687e+01       9.191449e-06
     20                8       -1.06194687e+01       8.786602e-06
     50                3       -1.06194658e+01       9.717656e-06
# Stocahstic error estimate: 7.143897e-06
#
#
# Mean: -3.72764841e-02
# Block size    # of blocks         Mean                Error
      1              160       -3.72764841e-02       6.276432e-04
      2               80       -3.72764841e-02       6.491244e-04
      5               32       -3.72764841e-02       6.892885e-04
     10               16       -3.72764841e-02       8.351270e-04
     20                8       -3.72764841e-02       7.989013e-04
     50                3       -3.75410897e-02       8.830187e-04
# Stocahstic error estimate: 6.491244e-04
#
#
# Mean: -2.31057518e-03
# Block size    # of blocks         Mean                Error
      1              160       -2.31057518e-03       6.356236e-04
      2               80       -2.31057518e-03       6.573779e-04
      5               32       -2.31057518e-03       6.980525e-04
     10               16       -2.31057518e-03       8.457452e-04
     20                8       -2.31057518e-03       8.090591e-04
     50                3       -2.04260562e-03       8.942447e-04
# Stocahstic error estimate: 6.573779e-04
#
#
# Mean: -3.95870594e-02
# Block size    # of blocks         Mean                Error
      1              160       -3.95870594e-02       7.980480e-06
      2               80       -3.95870594e-02       8.253472e-06
      5               32       -3.95870594e-02       8.764036e-06
     10               16       -3.95870594e-02       1.061826e-05
     20                8       -3.95870594e-02       1.015773e-05
     50                3       -3.95836954e-02       1.122595e-05
# Stocahstic error estimate: 8.253472e-06
#
Final Results:
lno-ccsd orbital correlation energy: -0.040061
lno-ccsd-afqmc energy: -10.619469 +/- 0.000007
lno-ccsd-afqmc hf_orb_cr: -0.037276 +/- 0.000649
lno-ccsd-afqmc ccsd_orb_cr: -0.002311 +/- 0.000657
lno-ccsd-afqmc tot_orb_cr: -0.039587 +/- 0.000008
lno-mp2 orb_corr: -0.022510
lno-ccsd orb_corr: -0.040061
