# Hostname: yichi-thinkpad
# System Type: Linux
# Machine Type: x86_64
# Processor: x86_64
# Number of MPI ranks: 8
#
# norb: 2
# nelec: (1, 1)
#
# n_eql: 6
# n_prop_steps: 30
# n_ene_blocks: 1
# n_sr_blocks: 10
# n_blocks: 20
# n_walkers: 50
# seed: 521802
# walker_type: rhf
# trial: cisd
# dt: 0.005
# use_gpu: False
# n_exp_terms: 6
# orbital_rotation: True
# do_sr: True
# symmetry: False
# save_walkers: False
# ene0: 0.0
# free_projection: False
# n_batch: 1
# maxError: 0.001
#
# Hostname: yichi-thinkpad
# System Type: Linux
# Machine Type: x86_64
# Processor: x86_64
# afqmc propagation with ccsd trial using 400 walkers
# system relaxing and appraching the equilibrium of the Markov Chain
# eql_step 	 sys_energy 	 hf_orb_cr 	 ccsd_orb_cr 	 tot_orb_cr 	 wall_time
    0	 	 -10.619879	 0.000000	 -0.040061	 -0.040061	    0.00
    1	 	 -10.619658	 -0.020133	 -0.019672	 -0.039805	   21.93 
    2	 	 -10.619540	 -0.030847	 -0.008822	 -0.039669	   35.77 
    3	 	 -10.619529	 -0.031903	 -0.007752	 -0.039655	   35.95 
    4	 	 -10.619518	 -0.032702	 -0.006943	 -0.039645	   36.12 
    5	 	 -10.619505	 -0.033988	 -0.005641	 -0.039629	   36.29 
    6	 	 -10.619517	 -0.032876	 -0.006767	 -0.039643	   36.47 
# Sampling sweeps:
# iter 	 sys_energy 	 err 	 hf_orb_cr 	 err 	 ccsd_orb_cr 	 err 	 tot_orb_cr 	 err 	 time
   0   -10.619442     None     -0.039672     None     0.000116     None     -0.039557     None    0.22 
   2   -10.619442   0.000023   -0.039692   0.002057   0.000136   0.002083   -0.039556   0.000026  26.39 
   4   -10.619432   0.000017   -0.040629   0.001576   0.001085   0.001596   -0.039544   0.000020  26.73 
   6   -10.619439   0.000014   -0.039967   0.001281   0.000414   0.001297   -0.039553   0.000016  27.08 
   8   -10.619451   0.000012   -0.038921   0.001074   -0.000645   0.001088   -0.039566   0.000014  27.42 
  10   -10.619453   0.000010   -0.038706   0.000947   -0.000863   0.000959   -0.039569   0.000012  27.87 
  12   -10.619453   0.000009   -0.038748   0.000856   -0.000820   0.000867   -0.039568   0.000011  28.22 
  14   -10.619446   0.000009   -0.039387   0.000827   -0.000173   0.000838   -0.039560   0.000011  28.58 
  16   -10.619446   0.000009   -0.039374   0.000786   -0.000186   0.000796   -0.039560   0.000010  28.95 
  18   -10.619450   0.000008   -0.038960   0.000733   -0.000606   0.000742   -0.039566   0.000009  29.38 
# Number of outliers in post: 0 
#
# Mean: -1.06194499e+01
# Block size    # of blocks         Mean                Error
      1              160       -1.06194499e+01       7.819649e-06
      2               80       -1.06194499e+01       7.744938e-06
      5               32       -1.06194499e+01       8.597816e-06
     10               16       -1.06194499e+01       9.770801e-06
     20                8       -1.06194499e+01       9.752761e-06
     50                3       -1.06194493e+01       1.493440e-05
# Stocahstic error estimate: 7.819649e-06
#
#
# Mean: -3.89861560e-02
# Block size    # of blocks         Mean                Error
      1              160       -3.89861560e-02       7.106947e-04
      2               80       -3.89861560e-02       7.040006e-04
      5               32       -3.89861560e-02       7.812032e-04
     10               16       -3.89861560e-02       8.877937e-04
     20                8       -3.89861560e-02       8.864963e-04
     50                3       -3.90438491e-02       1.355027e-03
# Stocahstic error estimate: 7.106947e-04
#
#
# Mean: -5.79165359e-04
# Block size    # of blocks         Mean                Error
      1              160       -5.79165359e-04       7.197313e-04
      2               80       -5.79165359e-04       7.129516e-04
      5               32       -5.79165359e-04       7.911356e-04
     10               16       -5.79165359e-04       8.990807e-04
     20                8       -5.79165359e-04       8.977660e-04
     50                3       -5.20738665e-04       1.372257e-03
# Stocahstic error estimate: 7.197313e-04
#
#
# Mean: -3.95653215e-02
# Block size    # of blocks         Mean                Error
      1              160       -3.95653215e-02       9.036647e-06
      2               80       -3.95653215e-02       8.950979e-06
      5               32       -3.95653215e-02       9.932472e-06
     10               16       -3.95653215e-02       1.128701e-05
     20                8       -3.95653215e-02       1.126974e-05
     50                3       -3.95645879e-02       1.722997e-05
# Stocahstic error estimate: 9.036647e-06
#
Final Results:
lno-ccsd orbital correlation energy: -0.040061
lno-ccsd-afqmc energy: -10.619450 +/- 0.000008
lno-ccsd-afqmc hf_orb_cr: -0.038986 +/- 0.000711
lno-ccsd-afqmc ccsd_orb_cr: -0.000579 +/- 0.000720
lno-ccsd-afqmc tot_orb_cr: -0.039565 +/- 0.000009
lno-mp2 orb_corr: -0.022510
lno-ccsd orb_corr: -0.040061
