# Hostname: yichi-thinkpad
# System Type: Linux
# Machine Type: x86_64
# Processor: x86_64
# Number of MPI ranks: 8
#
# norb: 2
# nelec: (1, 1)
#
# n_eql: 6
# n_prop_steps: 30
# n_ene_blocks: 1
# n_sr_blocks: 10
# n_blocks: 20
# n_walkers: 50
# seed: 340931
# walker_type: rhf
# trial: cisd
# dt: 0.005
# use_gpu: False
# n_exp_terms: 6
# orbital_rotation: True
# do_sr: True
# symmetry: False
# save_walkers: False
# ene0: 0.0
# free_projection: False
# n_batch: 1
# maxError: 0.001
#
# Hostname: yichi-thinkpad
# System Type: Linux
# Machine Type: x86_64
# Processor: x86_64
# afqmc propagation with ccsd trial using 400 walkers
# system relaxing and appraching the equilibrium of the Markov Chain
# eql_step 	 sys_energy 	 hf_orb_cr 	 ccsd_orb_cr 	 tot_orb_cr 	 wall_time
    0	 	 -10.619879	 0.000000	 -0.040061	 -0.040061	    0.00
    1	 	 -10.619647	 -0.021141	 -0.018651	 -0.039792	   21.43 
    2	 	 -10.619459	 -0.038179	 -0.001397	 -0.039576	   35.19 
    3	 	 -10.619432	 -0.040698	 0.001154	 -0.039544	   35.37 
    4	 	 -10.619494	 -0.034896	 -0.004721	 -0.039617	   35.54 
    5	 	 -10.619452	 -0.038882	 -0.000684	 -0.039567	   35.71 
    6	 	 -10.619517	 -0.032917	 -0.006726	 -0.039642	   35.88 
# Sampling sweeps:
# iter 	 sys_energy 	 err 	 hf_orb_cr 	 err 	 ccsd_orb_cr 	 err 	 tot_orb_cr 	 err 	 time
   0   -10.619480   0.000048   -0.036210   0.004412   -0.003390   0.004468   -0.039601   0.000056  0.22 
   2   -10.619508   0.000017   -0.033683   0.001577   -0.005950   0.001597   -0.039633   0.000020  25.43 
   4   -10.619507   0.000013   -0.033821   0.001184   -0.005810   0.001199   -0.039631   0.000015  25.78 
   6   -10.619490   0.000012   -0.035349   0.001066   -0.004263   0.001079   -0.039612   0.000014  26.13 
   8   -10.619482   0.000011   -0.036075   0.000977   -0.003527   0.000990   -0.039602   0.000012  26.48 
  10   -10.619485   0.000010   -0.035842   0.000883   -0.003763   0.000894   -0.039605   0.000011  26.92 
  12   -10.619485   0.000009   -0.035759   0.000789   -0.003847   0.000799   -0.039606   0.000010  27.29 
  14   -10.619481   0.000008   -0.036124   0.000761   -0.003478   0.000770   -0.039602   0.000010  27.65 
  16   -10.619482   0.000008   -0.036108   0.000697   -0.003494   0.000706   -0.039602   0.000009  28.04 
  18   -10.619479   0.000007   -0.036335   0.000681   -0.003264   0.000690   -0.039599   0.000009  28.49 
# Number of outliers in post: 0 
#
# Mean: -1.06194796e+01
# Block size    # of blocks         Mean                Error
      1              160       -1.06194796e+01       7.152421e-06
      2               80       -1.06194796e+01       6.377754e-06
      5               32       -1.06194796e+01       6.620824e-06
     10               16       -1.06194796e+01       7.149949e-06
     20                8       -1.06194796e+01       8.781117e-06
     50                3       -1.06194803e+01       9.528673e-06
# Stocahstic error estimate: 7.152421e-06
#
#
# Mean: -3.62902433e-02
# Block size    # of blocks         Mean                Error
      1              160       -3.62902433e-02       6.502033e-04
      2               80       -3.62902433e-02       5.799858e-04
      5               32       -3.62902433e-02       6.017943e-04
     10               16       -3.62902433e-02       6.494714e-04
     20                8       -3.62902433e-02       7.971172e-04
     50                3       -3.62277536e-02       8.666433e-04
# Stocahstic error estimate: 6.502033e-04
#
#
# Mean: -3.30935952e-03
# Block size    # of blocks         Mean                Error
      1              160       -3.30935952e-03       6.584707e-04
      2               80       -3.30935952e-03       5.873604e-04
      5               32       -3.30935952e-03       6.094460e-04
     10               16       -3.30935952e-03       6.577288e-04
     20                8       -3.30935952e-03       8.072512e-04
     50                3       -3.37264273e-03       8.776635e-04
# Stocahstic error estimate: 6.584707e-04
#
#
# Mean: -3.95996029e-02
# Block size    # of blocks         Mean                Error
      1              160       -3.95996029e-02       8.267386e-06
      2               80       -3.95996029e-02       7.374619e-06
      5               32       -3.95996029e-02       7.651745e-06
     10               16       -3.95996029e-02       8.257451e-06
     20                8       -3.95996029e-02       1.013395e-05
     50                3       -3.96003964e-02       1.102013e-05
# Stocahstic error estimate: 8.267386e-06
#
Final Results:
lno-ccsd orbital correlation energy: -0.040061
lno-ccsd-afqmc energy: -10.619480 +/- 0.000007
lno-ccsd-afqmc hf_orb_cr: -0.036290 +/- 0.000650
lno-ccsd-afqmc ccsd_orb_cr: -0.003309 +/- 0.000658
lno-ccsd-afqmc tot_orb_cr: -0.039600 +/- 0.000008
lno-mp2 orb_corr: -0.022510
lno-ccsd orb_corr: -0.040061
