# Hostname: yichi-thinkpad
# System Type: Linux
# Machine Type: x86_64
# Processor: x86_64
# Number of MPI ranks: 8
#
# norb: 2
# nelec: (1, 1)
#
# n_eql: 6
# n_prop_steps: 30
# n_ene_blocks: 1
# n_sr_blocks: 10
# n_blocks: 20
# n_walkers: 50
# seed: 304746
# walker_type: rhf
# trial: cisd
# dt: 0.005
# use_gpu: False
# n_exp_terms: 6
# orbital_rotation: True
# do_sr: True
# symmetry: False
# save_walkers: False
# ene0: 0.0
# free_projection: False
# n_batch: 1
# maxError: 0.001
#
# Hostname: yichi-thinkpad
# System Type: Linux
# Machine Type: x86_64
# Processor: x86_64
# afqmc propagation with ccsd trial using 400 walkers
# system relaxing and appraching the equilibrium of the Markov Chain
# eql_step 	 sys_energy 	 hf_orb_cr 	 ccsd_orb_cr 	 tot_orb_cr 	 wall_time
    0	 	 -10.619879	 0.000000	 -0.040061	 -0.040061	    0.00
    1	 	 -10.619656	 -0.020301	 -0.019502	 -0.039803	   21.57 
    2	 	 -10.619466	 -0.037503	 -0.002081	 -0.039584	   35.10 
    3	 	 -10.619455	 -0.038599	 -0.000972	 -0.039570	   35.27 
    4	 	 -10.619483	 -0.035896	 -0.003709	 -0.039605	   35.45 
    5	 	 -10.619516	 -0.032937	 -0.006705	 -0.039642	   35.66 
    6	 	 -10.619464	 -0.037671	 -0.001911	 -0.039582	   35.87 
# Sampling sweeps:
# iter 	 sys_energy 	 err 	 hf_orb_cr 	 err 	 ccsd_orb_cr 	 err 	 tot_orb_cr 	 err 	 time
   0   -10.619517     None     -0.032908     None     -0.006735     None     -0.039643     None    0.27 
   2   -10.619497   0.000015   -0.034739   0.001389   -0.004880   0.001407   -0.039619   0.000018  25.92 
   4   -10.619504   0.000012   -0.034062   0.001076   -0.005566   0.001090   -0.039628   0.000014  26.26 
   6   -10.619492   0.000011   -0.035146   0.000958   -0.004468   0.000970   -0.039614   0.000012  26.60 
   8   -10.619494   0.000009   -0.034943   0.000799   -0.004673   0.000809   -0.039617   0.000010  26.98 
  10   -10.619483   0.000008   -0.035941   0.000760   -0.003663   0.000770   -0.039604   0.000010  27.42 
  12   -10.619481   0.000008   -0.036117   0.000706   -0.003485   0.000715   -0.039602   0.000009  27.79 
  14   -10.619479   0.000008   -0.036332   0.000701   -0.003267   0.000710   -0.039599   0.000009  28.15 
  16   -10.619480   0.000007   -0.036232   0.000666   -0.003368   0.000674   -0.039600   0.000008  28.53 
  18   -10.619484   0.000007   -0.035909   0.000622   -0.003695   0.000630   -0.039604   0.000008  28.96 
# Number of outliers in post: 0 
#
# Mean: -1.06194838e+01
# Block size    # of blocks         Mean                Error
      1              160       -1.06194838e+01       6.563018e-06
      2               80       -1.06194838e+01       5.931371e-06
      5               32       -1.06194838e+01       5.821244e-06
     10               16       -1.06194838e+01       6.651773e-06
     20                8       -1.06194838e+01       7.555047e-06
     50                3       -1.06194836e+01       8.407172e-06
# Stocahstic error estimate: 6.563018e-06
#
#
# Mean: -3.59041642e-02
# Block size    # of blocks         Mean                Error
      1              160       -3.59041642e-02       5.968520e-04
      2               80       -3.59041642e-02       5.395021e-04
      5               32       -3.59041642e-02       5.290738e-04
     10               16       -3.59041642e-02       6.049796e-04
     20                8       -3.59041642e-02       6.871379e-04
     50                3       -3.59238247e-02       7.645704e-04
# Stocahstic error estimate: 5.968520e-04
#
#
# Mean: -3.70034446e-03
# Block size    # of blocks         Mean                Error
      1              160       -3.70034446e-03       6.044413e-04
      2               80       -3.70034446e-03       5.463621e-04
      5               32       -3.70034446e-03       5.358011e-04
     10               16       -3.70034446e-03       6.126725e-04
     20                8       -3.70034446e-03       6.958743e-04
     50                3       -3.68043414e-03       7.742882e-04
# Stocahstic error estimate: 6.044413e-04
#
#
# Mean: -3.96045085e-02
# Block size    # of blocks         Mean                Error
      1              160       -3.96045085e-02       7.589217e-06
      2               80       -3.96045085e-02       6.860023e-06
      5               32       -3.96045085e-02       6.727334e-06
     10               16       -3.96045085e-02       7.692959e-06
     20                8       -3.96045085e-02       8.736328e-06
     50                3       -3.96042588e-02       9.717723e-06
# Stocahstic error estimate: 7.589217e-06
#
Final Results:
lno-ccsd orbital correlation energy: -0.040061
lno-ccsd-afqmc energy: -10.619484 +/- 0.000007
lno-ccsd-afqmc hf_orb_cr: -0.035904 +/- 0.000597
lno-ccsd-afqmc ccsd_orb_cr: -0.003700 +/- 0.000604
lno-ccsd-afqmc tot_orb_cr: -0.039605 +/- 0.000008
lno-mp2 orb_corr: -0.022510
lno-ccsd orb_corr: -0.040061
