# Hostname: yichi-thinkpad
# System Type: Linux
# Machine Type: x86_64
# Processor: x86_64
# Number of MPI ranks: 8
#
# norb: 2
# nelec: (1, 1)
#
# n_eql: 3
# n_prop_steps: 50
# n_ene_blocks: 1
# n_sr_blocks: 10
# n_blocks: 20
# n_walkers: 50
# seed: 2
# walker_type: rhf
# trial: cisd
# dt: 0.005
# use_gpu: False
# n_exp_terms: 6
# orbital_rotation: True
# do_sr: True
# symmetry: False
# save_walkers: False
# ene0: 0.0
# free_projection: False
# n_batch: 1
# maxError: 0.001
#
# Hostname: yichi-thinkpad
# System Type: Linux
# Machine Type: x86_64
# Processor: x86_64
# afqmc propagation with ccsd trial using 400 walkers
# system relaxing and appraching the equilibrium of the Markov Chain
# eql_step 	 sys_energy 	 elec_orb_cr 	 hf_orb_cr 	 ccsd_orb_cr 	 tot_orb_cr 	 wall_time
    0	 	 -11.678033	 0.000000	 0.000000	 -0.040061	 -0.040061	    0.00
    1	 	 -11.677753	 0.039428	 -0.025481	 -0.053683	 -0.039737	   22.16 
