# Hostname: yichi-thinkpad
# System Type: Linux
# Machine Type: x86_64
# Processor: x86_64
# Number of MPI ranks: 8
#
# norb: 2
# nelec: (1, 1)
#
# n_eql: 6
# n_prop_steps: 30
# n_ene_blocks: 1
# n_sr_blocks: 10
# n_blocks: 20
# n_walkers: 50
# seed: 776506
# walker_type: rhf
# trial: cisd
# dt: 0.005
# use_gpu: False
# n_exp_terms: 6
# orbital_rotation: True
# do_sr: True
# symmetry: False
# save_walkers: False
# ene0: 0.0
# free_projection: False
# n_batch: 1
# maxError: 0.001
#
# Hostname: yichi-thinkpad
# System Type: Linux
# Machine Type: x86_64
# Processor: x86_64
# afqmc propagation with ccsd trial using 400 walkers
# system relaxing and appraching the equilibrium of the Markov Chain
# eql_step 	 sys_energy 	 hf_orb_cr 	 ccsd_orb_cr 	 tot_orb_cr 	 wall_time
    0	 	 -10.619879	 0.000000	 -0.040061	 -0.040061	    0.00
    1	 	 -10.619656	 -0.020268	 -0.019535	 -0.039803	   22.08 
    2	 	 -10.619492	 -0.035189	 -0.004424	 -0.039614	   37.45 
    3	 	 -10.619428	 -0.041040	 0.001501	 -0.039539	   37.61 
    4	 	 -10.619424	 -0.041315	 0.001779	 -0.039536	   37.79 
    5	 	 -10.619475	 -0.036664	 -0.002931	 -0.039595	   37.96 
    6	 	 -10.619504	 -0.034190	 -0.005436	 -0.039626	   38.13 
# Sampling sweeps:
# iter 	 sys_energy 	 err 	 hf_orb_cr 	 err 	 ccsd_orb_cr 	 err 	 tot_orb_cr 	 err 	 time
   0   -10.619523     None     -0.032370     None     -0.007280     None     -0.039649     None    0.27 
   2   -10.619511   0.000016   -0.033434   0.001477   -0.006202   0.001495   -0.039636   0.000019  26.10 
   4   -10.619486     None     -0.035743     None     -0.003864     None     -0.039607     None    26.45 
   6   -10.619472     None     -0.036983     None     -0.002608     None     -0.039591     None    26.79 
   8   -10.619473     None     -0.036871     None     -0.002721     None     -0.039592     None    27.14 
  10   -10.619471     None     -0.037035     None     -0.002555     None     -0.039590     None    27.60 
  12   -10.619467   0.000019   -0.037397   0.001718   -0.002189   0.001739   -0.039586   0.000022  27.95 
  14   -10.619467   0.000015   -0.037428   0.001376   -0.002157   0.001393   -0.039585   0.000017  28.30 
  16   -10.619467   0.000007   -0.037447   0.000680   -0.002138   0.000688   -0.039585   0.000009  28.66 
  18   -10.619462   0.000007   -0.037884   0.000650   -0.001695   0.000658   -0.039579   0.000008  29.08 
# Number of outliers in post: 0 
#
# Mean: -1.06194619e+01
# Block size    # of blocks         Mean                Error
      1              160       -1.06194619e+01       6.825771e-06
      2               80       -1.06194619e+01       6.830852e-06
      5               32       -1.06194619e+01       7.569198e-06
     10               16       -1.06194619e+01       8.436638e-06
     20                8       -1.06194619e+01       1.140296e-05
     50                3       -1.06194632e+01       6.815696e-06
# Stocahstic error estimate: 6.830852e-06
#
#
# Mean: -3.79018952e-02
# Block size    # of blocks         Mean                Error
      1              160       -3.79018952e-02       6.207648e-04
      2               80       -3.79018952e-02       6.213099e-04
      5               32       -3.79018952e-02       6.883619e-04
     10               16       -3.79018952e-02       7.676556e-04
     20                8       -3.79018952e-02       1.037677e-03
     50                3       -3.77811136e-02       6.194518e-04
# Stocahstic error estimate: 6.213099e-04
#
#
# Mean: -1.67721200e-03
# Block size    # of blocks         Mean                Error
      1              160       -1.67721200e-03       6.286582e-04
      2               80       -1.67721200e-03       6.292101e-04
      5               32       -1.67721200e-03       6.971146e-04
     10               16       -1.67721200e-03       7.774166e-04
     20                8       -1.67721200e-03       1.050873e-03
     50                3       -1.79952979e-03       6.273298e-04
# Stocahstic error estimate: 6.292101e-04
#
#
# Mean: -3.95791071e-02
# Block size    # of blocks         Mean                Error
      1              160       -3.95791071e-02       7.893409e-06
      2               80       -3.95791071e-02       7.900246e-06
      5               32       -3.95791071e-02       8.752658e-06
     10               16       -3.95791071e-02       9.761072e-06
     20                8       -3.95791071e-02       1.319535e-05
     50                3       -3.95806432e-02       7.877999e-06
# Stocahstic error estimate: 7.900246e-06
#
Final Results:
lno-ccsd orbital correlation energy: -0.040061
lno-ccsd-afqmc energy: -10.619462 +/- 0.000007
lno-ccsd-afqmc hf_orb_cr: -0.037902 +/- 0.000621
lno-ccsd-afqmc ccsd_orb_cr: -0.001677 +/- 0.000629
lno-ccsd-afqmc tot_orb_cr: -0.039579 +/- 0.000008
lno-mp2 orb_corr: -0.022510
lno-ccsd orb_corr: -0.040061
