# Hostname: yichi-thinkpad
# System Type: Linux
# Machine Type: x86_64
# Processor: x86_64
# Number of MPI ranks: 8
#
# norb: 2
# nelec: (1, 1)
#
# n_eql: 6
# n_prop_steps: 30
# n_ene_blocks: 1
# n_sr_blocks: 10
# n_blocks: 20
# n_walkers: 50
# seed: 66342
# walker_type: rhf
# trial: cisd
# dt: 0.005
# use_gpu: False
# n_exp_terms: 6
# orbital_rotation: True
# do_sr: True
# symmetry: False
# save_walkers: False
# ene0: 0.0
# free_projection: False
# n_batch: 1
# maxError: 0.001
#
# Hostname: yichi-thinkpad
# System Type: Linux
# Machine Type: x86_64
# Processor: x86_64
# afqmc propagation with ccsd trial using 400 walkers
# system relaxing and appraching the equilibrium of the Markov Chain
# eql_step 	 sys_energy 	 hf_orb_cr 	 ccsd_orb_cr 	 tot_orb_cr 	 wall_time
    0	 	 -10.619879	 0.000000	 -0.040061	 -0.040061	    0.00
    1	 	 -10.619671	 -0.018888	 -0.020933	 -0.039821	   22.16 
    2	 	 -10.619500	 -0.034321	 -0.005304	 -0.039625	   35.73 
    3	 	 -10.619492	 -0.035178	 -0.004435	 -0.039614	   35.91 
    4	 	 -10.619476	 -0.036524	 -0.003073	 -0.039597	   36.08 
    5	 	 -10.619440	 -0.039936	 0.000383	 -0.039553	   36.25 
    6	 	 -10.619502	 -0.034242	 -0.005383	 -0.039626	   36.42 
# Sampling sweeps:
# iter 	 sys_energy 	 err 	 hf_orb_cr 	 err 	 ccsd_orb_cr 	 err 	 tot_orb_cr 	 err 	 time
   0   -10.619513   0.000023   -0.033287   0.002047   -0.006351   0.002073   -0.039638   0.000026  0.22 
   2   -10.619454   0.000023   -0.038572   0.002065   -0.000999   0.002092   -0.039571   0.000026  26.07 
   4   -10.619457   0.000018   -0.038344   0.001638   -0.001229   0.001659   -0.039573   0.000021  26.41 
   6   -10.619464   0.000015   -0.037733   0.001367   -0.001848   0.001384   -0.039581   0.000017  26.73 
   8   -10.619457   0.000013   -0.038319   0.001161   -0.001255   0.001176   -0.039574   0.000015  27.08 
  10   -10.619462   0.000011   -0.037877   0.000997   -0.001702   0.001009   -0.039579   0.000013  27.51 
  12   -10.619469   0.000010   -0.037219   0.000907   -0.002369   0.000919   -0.039588   0.000012  27.85 
  14   -10.619470   0.000009   -0.037123   0.000849   -0.002466   0.000860   -0.039589   0.000011  28.21 
  16   -10.619470   0.000008   -0.037204   0.000764   -0.002384   0.000774   -0.039588   0.000010  28.54 
  18   -10.619466   0.000008   -0.037483   0.000719   -0.002101   0.000728   -0.039584   0.000009  28.95 
# Number of outliers in post: 0 
#
# Mean: -1.06194634e+01
# Block size    # of blocks         Mean                Error
      1              160       -1.06194634e+01       7.753817e-06
      2               80       -1.06194634e+01       7.942534e-06
      5               32       -1.06194634e+01       7.236895e-06
     10               16       -1.06194634e+01       8.060736e-06
     20                8       -1.06194634e+01       9.454662e-06
     50                3       -1.06194665e+01       7.505465e-06
# Stocahstic error estimate: 7.942534e-06
#
#
# Mean: -3.77649115e-02
# Block size    # of blocks         Mean                Error
      1              160       -3.77649115e-02       7.043948e-04
      2               80       -3.77649115e-02       7.214568e-04
      5               32       -3.77649115e-02       6.574819e-04
     10               16       -3.77649115e-02       7.325597e-04
     20                8       -3.77649115e-02       8.595322e-04
     50                3       -3.74852554e-02       6.827818e-04
# Stocahstic error estimate: 7.214568e-04
#
#
# Mean: -1.81593591e-03
# Block size    # of blocks         Mean                Error
      1              160       -1.81593591e-03       7.133512e-04
      2               80       -1.81593591e-03       7.306300e-04
      5               32       -1.81593591e-03       6.658423e-04
     10               16       -1.81593591e-03       7.418745e-04
     20                8       -1.81593591e-03       8.704617e-04
     50                3       -2.09914736e-03       6.914647e-04
# Stocahstic error estimate: 7.306300e-04
#
#
# Mean: -3.95808474e-02
# Block size    # of blocks         Mean                Error
      1              160       -3.95808474e-02       8.956404e-06
      2               80       -3.95808474e-02       9.173163e-06
      5               32       -3.95808474e-02       8.360412e-06
     10               16       -3.95808474e-02       9.314761e-06
     20                8       -3.95808474e-02       1.092949e-05
     50                3       -3.95844027e-02       8.683005e-06
# Stocahstic error estimate: 9.173163e-06
#
Final Results:
lno-ccsd orbital correlation energy: -0.040061
lno-ccsd-afqmc energy: -10.619463 +/- 0.000008
lno-ccsd-afqmc hf_orb_cr: -0.037765 +/- 0.000721
lno-ccsd-afqmc ccsd_orb_cr: -0.001816 +/- 0.000731
lno-ccsd-afqmc tot_orb_cr: -0.039581 +/- 0.000009
lno-mp2 orb_corr: -0.022510
lno-ccsd orb_corr: -0.040061
