# Hostname: yichi-thinkpad
# System Type: Linux
# Machine Type: x86_64
# Processor: x86_64
# Number of MPI ranks: 8
#
# norb: 2
# nelec: (1, 1)
#
# n_eql: 3
# n_prop_steps: 50
# n_ene_blocks: 1
# n_sr_blocks: 10
# n_blocks: 20
# n_walkers: 50
# seed: 2
# walker_type: rhf
# trial: cisd
# dt: 0.005
# use_gpu: False
# n_exp_terms: 6
# orbital_rotation: True
# do_sr: True
# symmetry: False
# save_walkers: False
# ene0: 0.0
# free_projection: False
# n_batch: 1
# maxError: 0.001
#
# Hostname: yichi-thinkpad
# System Type: Linux
# Machine Type: x86_64
# Processor: x86_64
# afqmc propagation with ccsd trial using 400 walkers
# system relaxing and appraching the equilibrium of the Markov Chain
# eql_step 	 sys_energy 	 elec_orb_cr 	 hf_orb_cr 	 ccsd_orb_cr 	 tot_orb_cr 	 wall_time
    0	 	 -10.435183	 0.000000	 0.000000	 -0.045159	 -0.045159	    0.00
    1	 	 -10.434908	 0.044942	 -0.027631	 -0.062142	 -0.044831	   24.04 
    2	 	 -10.434782	 0.065505	 -0.040274	 -0.069913	 -0.044681	   38.72 
    3	 	 -10.434741	 0.072100	 -0.044328	 -0.072405	 -0.044633	   38.93 
# Sampling sweeps:
# iter 	 sys_energy 	 err 	 elec_orb_cr 	 err 	 hf_orb_cr 	 err 	 ccsd_orb_cr 	 err 	 tot_orb_cr 	 err 	 time
   0   -10.434800   0.000030   0.062651   0.004901   -0.038519   0.003013   -0.068834   0.001852   -0.044702   0.000036  0.26 
   2   -10.434811   0.000014   0.060775   0.002308   -0.037365   0.001419   -0.068125   0.000872   -0.044716   0.000017  28.03 
   4   -10.434782   0.000015   0.065407   0.002507   -0.040214   0.001542   -0.069876   0.000947   -0.044682   0.000018  28.45 
   6   -10.434783   0.000012   0.065267   0.001956   -0.040127   0.001202   -0.069823   0.000739   -0.044683   0.000014  28.88 
   8   -10.434789   0.000010   0.064286   0.001573   -0.039524   0.000967   -0.069452   0.000594   -0.044690   0.000011  29.37 
  10   -10.434782   0.000009   0.065467   0.001457   -0.040250   0.000896   -0.069898   0.000551   -0.044682   0.000011  29.83 
  12   -10.434778   0.000008   0.066049   0.001357   -0.040608   0.000834   -0.070118   0.000513   -0.044677   0.000010  30.28 
  14   -10.434778   0.000008   0.066199   0.001254   -0.040700   0.000771   -0.070175   0.000474   -0.044676   0.000009  30.74 
  16   -10.434780   0.000007   0.065781   0.001144   -0.040444   0.000704   -0.070017   0.000432   -0.044679   0.000008  31.21 
  18   -10.434781   0.000007   0.065598   0.001086   -0.040331   0.000668   -0.069948   0.000411   -0.044681   0.000008  31.66 
# Number of outliers in post: 0 
#
# Mean: -1.04347814e+01
# Block size    # of blocks         Mean                Error
      1              160       -1.04347814e+01       6.516148e-06
      2               80       -1.04347814e+01       6.504367e-06
      5               32       -1.04347814e+01       5.924797e-06
     10               16       -1.04347814e+01       7.096349e-06
     20                8       -1.04347814e+01       8.586793e-06
     50                3       -1.04347813e+01       4.265089e-06
# Stocahstic error estimate: 6.516148e-06
#
#
# Mean: 6.55770549e-02
# Block size    # of blocks         Mean                Error
      1              160       6.55770549e-02       1.062900e-03
      2               80       6.55770549e-02       1.060764e-03
      5               32       6.55770549e-02       9.667242e-04
     10               16       6.55770549e-02       1.158124e-03
     20                8       6.55770549e-02       1.400251e-03
     50                3       6.55844684e-02       6.930364e-04
# Stocahstic error estimate: 1.062900e-03
#
#
# Mean: -4.03179576e-02
# Block size    # of blocks         Mean                Error
      1              160       -4.03179576e-02       6.534902e-04
      2               80       -4.03179576e-02       6.521770e-04
      5               32       -4.03179576e-02       5.943595e-04
     10               16       -4.03179576e-02       7.120355e-04
     20                8       -4.03179576e-02       8.608994e-04
     50                3       -4.03225156e-02       4.260914e-04
# Stocahstic error estimate: 6.534902e-04
#
#
# Mean: -6.99398129e-02
# Block size    # of blocks         Mean                Error
      1              160       -6.99398129e-02       4.016560e-04
      2               80       -6.99398129e-02       4.008488e-04
      5               32       -6.99398129e-02       3.653122e-04
     10               16       -6.99398129e-02       4.376396e-04
     20                8       -6.99398129e-02       5.291372e-04
     50                3       -6.99426134e-02       2.618943e-04
# Stocahstic error estimate: 4.016560e-04
#
#
# Mean: -4.46807160e-02
# Block size    # of blocks         Mean                Error
      1              160       -4.46807160e-02       7.753942e-06
      2               80       -4.46807160e-02       7.738389e-06
      5               32       -4.46807160e-02       7.052528e-06
     10               16       -4.46807160e-02       8.448820e-06
     20                8       -4.46807160e-02       1.021415e-05
     50                3       -4.46806609e-02       5.050941e-06
# Stocahstic error estimate: 7.753942e-06
#
Final Results:
lno-ccsd orbital correlation energy: -0.045159
lno-ccsd-afqmc energy: -10.434781 +/- 0.000007
lno-ccsd-afqmc elec_orb_cr: 0.065577 +/- 0.001063
lno-ccsd-afqmc hf_orb_cr: -0.040318 +/- 0.000653
lno-ccsd-afqmc ccsd_orb_cr: -0.069940 +/- 0.000402
lno-ccsd-afqmc tot_orb_cr: -0.044681 +/- 0.000008
lno-mp2 orb_corr: -0.024928
lno-ccsd orb_corr: -0.045159
