# thresh(occ,vir)   mp2_corr  ccsd_corr  olp_ratio  err  qmc_hf_cr  err  qmc_cc_cr0   err  qmc_cc_cr1   err  qmc_cc_cr2   err  qmc_cc_cr   err  qmc_orb_en   err  nelec   norb  time
  (1.00e-03,1.00e-04)  -0.019073  -0.028369  0.970067  0.000449  -0.027933  0.000550  0.092909  0.002028  -0.146105  0.003215  0.052648  0.001723  -0.000549  0.000539  -0.028481  0.000023  5  4  85.49
  (1.00e-04,1.00e-05)  -0.019073  -0.028369  0.970067  0.000449  -0.027933  0.000550  0.092909  0.002028  -0.146105  0.003215  0.052648  0.001723  -0.000549  0.000539  -0.028481  0.000023  5  4  85.49
  (1.00e-05,1.00e-06)  -0.019073  -0.028369  0.970067  0.000449  -0.027933  0.000550  0.092909  0.002028  -0.146105  0.003215  0.052648  0.001723  -0.000549  0.000539  -0.028481  0.000023  5  4  85.49
