# thresh(occ,vir)   mp2_corr  ccsd_corr  olp_ratio  err  qmc_hf_cr  err  qmc_cc_cr0   err  qmc_cc_cr1   err  qmc_cc_cr2   err  qmc_cc_cr   err  qmc_orb_en   err  nelec   norb  time
  (1.00e-03,1.00e-04)  -0.020230  -0.033515  0.939011  0.001158  -0.030286  0.000681  0.124113  0.002909  -0.210857  0.004951  0.083727  0.002703  -0.003017  0.000680  -0.033303  0.000020  4  4  82.48
  (1.00e-04,1.00e-05)  -0.020230  -0.033515  0.939011  0.001158  -0.030286  0.000681  0.124113  0.002909  -0.210857  0.004951  0.083727  0.002703  -0.003017  0.000680  -0.033303  0.000020  4  4  82.48
  (1.00e-05,1.00e-06)  -0.020230  -0.033515  0.939011  0.001158  -0.030286  0.000681  0.124113  0.002909  -0.210857  0.004951  0.083727  0.002703  -0.003017  0.000680  -0.033303  0.000020  4  4  82.48
