# thresh(occ,vir)   mp2_corr  ccsd_corr  olp_ratio  err  qmc_hf_cr  err  qmc_cc_cr0   err  qmc_cc_cr1   err  qmc_cc_cr2   err  qmc_cc_cr   err  qmc_orb_en   err  nelec   norb  time
  (1.00e-03,1.00e-04)  -0.020230  -0.033515  0.938771  0.001410  -0.030587  0.001636  0.124931  0.006979  -0.212196  0.011805  0.084538  0.006458  -0.002727  0.001633  -0.033314  0.000014  4  4  82.09
  (1.00e-04,1.00e-05)  -0.020230  -0.033515  0.938771  0.001410  -0.030587  0.001636  0.124931  0.006979  -0.212196  0.011805  0.084538  0.006458  -0.002727  0.001633  -0.033314  0.000014  4  4  82.09
  (1.00e-05,1.00e-06)  -0.020230  -0.033515  0.938771  0.001410  -0.030587  0.001636  0.124931  0.006979  -0.212196  0.011805  0.084538  0.006458  -0.002727  0.001633  -0.033314  0.000014  4  4  82.09
