# Hostname: yichi-thinkpad
# System Type: Linux
# Machine Type: x86_64
# Processor: x86_64
# Number of MPI ranks: 10
#
# norb: 4
# nelec: (2, 2)
# nchol: 36
#
# n_eql: 4
# n_prop_steps: 50
# n_ene_blocks: 1
# n_sr_blocks: 10
# n_blocks: 20
# n_walkers: 30
# seed: 114438
# walker_type: rhf
# trial: cisd
# dt: 0.005
# use_gpu: False
# n_exp_terms: 6
# orbital_rotation: True
# do_sr: True
# symmetry: False
# save_walkers: False
# free_projection: False
# n_batch: 1
# ene0: 0
#
# Hostname: yichi-thinkpad
# System Type: Linux
# Machine Type: x86_64
# Processor: x86_64
# afqmc propagation with ccsd trial using 300 walkers
# system relaxing and appraching the equilibrium of the Markov Chain
# eql_step 	 sys_energy 	 hf_orb_cr 	 ccsd_orb_cr 	 tot_orb_cr 	 wall_time
    0	 	 -2.184071	 0.000000	 -0.025331	 -0.025331	    0.00
    1	 	 -2.183932	 -0.018183	 -0.006952	 -0.025136	   39.60 
    2	 	 -2.184150	 -0.023679	 -0.001450	 -0.025129	   67.87 
    3	 	 -2.183934	 -0.024367	 -0.000623	 -0.024990	   68.87 
    4	 	 -2.183905	 -0.023920	 -0.000934	 -0.024854	   69.87 
# Sampling sweeps:
# iter 	 sys_energy 	 err 	 hf_orb_cr 	 err 	 ccsd_orb_cr 	 err 	 tot_orb_cr 	 err 	 time
   0   -2.184203     None     -0.023721   0.000976   -0.001372   0.001082   -0.025093     None    1.16 
   2   -2.184145   0.000109   -0.023349   0.000513   -0.001697   0.000538   -0.025045     None    48.26 
   4   -2.184116   0.000093   -0.022867   0.000377   -0.002071   0.000393   -0.024939   0.000107  50.45 
   6   -2.184116   0.000066   -0.023232   0.000385   -0.001669   0.000408   -0.024901   0.000087  52.71 
   8   -2.184104   0.000052   -0.023129   0.000338   -0.001795   0.000363   -0.024924   0.000074  54.88 
  10   -2.184100   0.000046   -0.023036   0.000300   -0.001894   0.000324   -0.024930   0.000068  56.98 
  12   -2.184092   0.000042   -0.023134   0.000297   -0.001806   0.000314   -0.024940   0.000060  59.21 
  14   -2.184088   0.000039   -0.023219   0.000296   -0.001717   0.000312   -0.024936   0.000054  61.44 
  16   -2.184083   0.000035   -0.023262   0.000273   -0.001711   0.000288   -0.024973   0.000051  63.52 
  18   -2.184066   0.000033   -0.023271   0.000252   -0.001702   0.000267   -0.024973   0.000048  65.74 
# Number of outliers in post: 0 
#
# Mean: -2.18405739e+00
# Block size    # of blocks         Mean                Error
      1              200       -2.18405739e+00       3.147377e-05
      2              100       -2.18405739e+00       3.083613e-05
      5               40       -2.18405739e+00       3.035942e-05
     10               20       -2.18405739e+00       2.801256e-05
     20               10       -2.18405739e+00       3.121760e-05
     50                4       -2.18405739e+00       3.696404e-05
# Stocahstic error estimate: 3.147377e-05
#
#
# Mean: -2.32214239e-02
# Block size    # of blocks         Mean                Error
      1              200       -2.32214239e-02       2.432839e-04
      2              100       -2.32214239e-02       2.405463e-04
      5               40       -2.32214239e-02       1.944834e-04
     10               20       -2.32214239e-02       2.137732e-04
     20               10       -2.32214239e-02       2.136820e-04
     50                4       -2.32214239e-02       1.589323e-04
# Stocahstic error estimate: 2.432839e-04
#
#
# Mean: -1.75850220e-03
# Block size    # of blocks         Mean                Error
      1              200       -1.75850220e-03       2.573856e-04
      2              100       -1.75850220e-03       2.559231e-04
      5               40       -1.75850220e-03       1.945936e-04
     10               20       -1.75850220e-03       2.156188e-04
     20               10       -1.75850220e-03       2.206933e-04
     50                4       -1.75850220e-03       1.628058e-04
# Stocahstic error estimate: 2.573856e-04
#
#
# Mean: -2.49799261e-02
# Block size    # of blocks         Mean                Error
      1              200       -2.49799261e-02       4.426113e-05
      2              100       -2.49799261e-02       4.618025e-05
      5               40       -2.49799261e-02       4.241956e-05
     10               20       -2.49799261e-02       4.067635e-05
     20               10       -2.49799261e-02       4.747442e-05
     50                4       -2.49799261e-02       5.226554e-05
# Stocahstic error estimate: 4.618025e-05
#
Final Results:
lno-ccsd orbital correlation energy: -0.025331
lno-ccsd-afqmc energy: -2.184057 +/- 0.000031
lno-ccsd-afqmc hf_orb_cr: -0.023221 +/- 0.000243
lno-ccsd-afqmc ccsd_orb_cr: -0.001759 +/- 0.000257
lno-ccsd-afqmc tot_orb_cr: -0.024980 +/- 0.000046
lno-mp2 orb_corr: -0.016534
lno-ccsd orb_corr: -0.025331
number of active orbitals: 4
number of active electrons: 4
