# frag 	 elec_orb_cr 	 err 	 hf_orb_cr 	 err 	 ccsd_orb_cr 	 err 	 e_afqmc_orb_cr 	 err 	 e_mp2_orb_corr 	 e_ccsd_orb_corr
  1 	 0.213871 	 0.002251 	 -0.041066 	 0.000275 	 -0.216675 	 0.002010 	 -0.043871 	 0.000030 	 -0.034210 	 -0.043672
  2 	 0.111655 	 0.001079 	 -0.038891 	 0.000255 	 -0.113503 	 0.000858 	 -0.040739 	 0.000021 	 -0.031092 	 -0.040653
  3 	 0.107826 	 0.000952 	 -0.038213 	 0.000257 	 -0.110316 	 0.000731 	 -0.040702 	 0.000019 	 -0.031092 	 -0.040653
# final results 
# elec_cr 0.433352 +/- 0.002672
# hf_cr -0.118170 +/- 0.000455
# ccsd_cr -0.440494 +/- 0.002304
# tot_afqmc_cr -0.125312 +/- 0.000041
# e_mp2_corr -0.096394
# e_ccsd_corr -0.124978
# mp2_corrected tot_afqmc_cr -0.130250
