# frag 	 elec_orb_cr 	 err 	 hf_orb_cr 	 err 	 ccsd_orb_cr 	 err 	 e_afqmc_orb_cr 	 err 	 e_mp2_orb_corr 	 e_ccsd_orb_corr
  1 	 0.219039 	 0.002411 	 -0.041821 	 0.000302 	 -0.222098 	 0.002150 	 -0.044879 	 0.000030 	 -0.035023 	 -0.044456
  2 	 0.110899 	 0.001221 	 -0.039457 	 0.000449 	 -0.112695 	 0.000931 	 -0.041253 	 0.000022 	 -0.031554 	 -0.041040
  3 	 0.110899 	 0.001221 	 -0.039457 	 0.000449 	 -0.112695 	 0.000931 	 -0.041253 	 0.000022 	 -0.031554 	 -0.041040
