# frag 	 elec_orb_cr 	 err 	 hf_orb_cr 	 err 	 ccsd_orb_cr 	 err 	 e_afqmc_orb_cr 	 err 	 e_mp2_orb_corr 	 e_ccsd_orb_corr
  1 	 0.196351 	 0.002009 	 -0.039373 	 0.000259 	 -0.198771 	 0.001780 	 -0.041793 	 0.000019 	 -0.032703 	 -0.041721
  2 	 0.104918 	 0.000999 	 -0.037981 	 0.000240 	 -0.106820 	 0.000775 	 -0.039884 	 0.000018 	 -0.030416 	 -0.039886
  3 	 0.105122 	 0.001167 	 -0.038086 	 0.000298 	 -0.106926 	 0.000896 	 -0.039889 	 0.000015 	 -0.030416 	 -0.039886
# final results 
# elec_cr 0.406391 +/- 0.002529
# hf_cr -0.115440 +/- 0.000462
# ccsd_cr -0.412517 +/- 0.002138
# tot_afqmc_cr -0.121566 +/- 0.000030
# e_mp2_corr -0.093535
# e_ccsd_corr -0.121493
# mp2_corrected tot_afqmc_cr -0.129363
