# thresh(occ,vir)   mp2_corr  ccsd_corr  olp_ratio  err  qmc_hf_cr  err  qmc_cc_cr0   err  qmc_cc_cr1   err  qmc_cc_cr2   err  qmc_cc_cr   err  qmc_orb_en   err  mp2_correction  nelec_avg   nelec_max  norb_avg   norb_max    run_time
  (1.00e-03,1.00e-04)  -0.059533  -0.095399  0.949283  0.000626  -0.088806  0.001855  0.341953  0.007828  -0.569158  0.013199  0.220913  0.007210  -0.006293  0.001849  -0.095098 	 0.000034 	  -0.00295256  4.00 	 4 	  4.33  	 5 	 250.06
