# Hostname: yichi-thinkpad
# System Type: Linux
# Machine Type: x86_64
# Processor: x86_64
#INFO: **** input file is /home/yichi/research/software/cs_afqmc/ad_afqmc/lnocc/hchain/test/test.py ****
import sys, os
import numpy as np
from functools import reduce
from pyscf.lib import logger
from ad_afqmc.lno.cc import LNOCCSD
from ad_afqmc import lno_ccsd
from pyscf import gto, scf, mp, cc
from ad_afqmc.lno.base import lno
from ad_afqmc.lno.afqmc import LNOAFQMC

log = logger.Logger(sys.stdout, 6)

a = 0.9
nH = 6
atoms = ""
for i in range(nH):
    atoms += f"H {i*a} 0 0 \n"

mol = gto.M(atom=atoms, basis="ccpvdz", verbose=4)
mf = scf.RHF(mol).density_fit()
mf.kernel()

# frozen = 0
# mmp = mp.MP2(mf,frozen=frozen)
# mmp.kernel()[0]

# # cc
# mycc = cc.CCSD(mf)
# mycc.kernel()
# et = mycc.ccsd_t()

# fci
#cisolver = fci.FCI(mf)
#fci_ene, fci_vec = cisolver.kernel()

# print(f'rhf energy is {mf.e_tot}')
# print(f"ccsd energy is {mycc.e_tot}")
# print(f"ccsd_t energy is {mycc.e_tot+et}")
# print(f"ccsd correlation energy is {mycc.e_corr}")

options = {'n_eql': 6,
           'n_prop_steps': 20,
            'n_ene_blocks': 1,
            'n_sr_blocks': 10,
            'n_blocks': 20,
            'n_walkers': 50,
            'seed': 2,
            'walker_type': 'rhf',
            'trial': 'cisd',
            'dt':0.01,
            'ad_mode':None,
            }


thresh = 2.08e-05
lno_ccsd.run_lno_ccsd_afqmc(mf,thresh,[],options,1e-6,8)#INFO: ******************** input file end ********************


System: uname_result(system='Linux', node='yichi-thinkpad', release='4.4.0-26100-Microsoft', version='#1882-Microsoft Fri Jan 01 08:00:00 PST 2016', machine='x86_64')  Threads 12
Python 3.10.16 | packaged by conda-forge | (main, Dec  5 2024, 14:16:10) [GCC 13.3.0]
numpy 1.24.3  scipy 1.14.1  h5py 3.12.1
Date: Sun Jun 15 15:46:51 2025
PySCF version 2.8.0
PySCF path  /home/yichi/research/software/lno_pyscf
GIT HEAD (branch master) ef75f4190e4de208685670651dc6c467f72b6794

[ENV] PYSCF_EXT_PATH /home/yichi/research/software/pyscf
[CONFIG] conf_file None
[INPUT] verbose = 4
[INPUT] num. atoms = 6
[INPUT] num. electrons = 6
[INPUT] charge = 0
[INPUT] spin (= nelec alpha-beta = 2S) = 0
[INPUT] symmetry False subgroup None
[INPUT] Mole.unit = angstrom
[INPUT] Symbol           X                Y                Z      unit          X                Y                Z       unit  Magmom
[INPUT]  1 H      0.000000000000   0.000000000000   0.000000000000 AA    0.000000000000   0.000000000000   0.000000000000 Bohr   0.0
[INPUT]  2 H      0.900000000000   0.000000000000   0.000000000000 AA    1.700753512109   0.000000000000   0.000000000000 Bohr   0.0
[INPUT]  3 H      1.800000000000   0.000000000000   0.000000000000 AA    3.401507024217   0.000000000000   0.000000000000 Bohr   0.0
[INPUT]  4 H      2.700000000000   0.000000000000   0.000000000000 AA    5.102260536326   0.000000000000   0.000000000000 Bohr   0.0
[INPUT]  5 H      3.600000000000   0.000000000000   0.000000000000 AA    6.803014048434   0.000000000000   0.000000000000 Bohr   0.0
[INPUT]  6 H      4.500000000000   0.000000000000   0.000000000000 AA    8.503767560543   0.000000000000   0.000000000000 Bohr   0.0

nuclear repulsion = 5.11537970556
number of shells = 18
number of NR pGTOs = 42
number of NR cGTOs = 30
basis = ccpvdz
ecp = {}
CPU time:         1.05


******** <class 'pyscf.df.df_jk.DFRHF'> ********
method = DFRHF
initial guess = minao
damping factor = 0
level_shift factor = 0
DIIS = <class 'pyscf.scf.diis.CDIIS'>
diis_start_cycle = 1
diis_space = 8
diis_damp = 0
SCF conv_tol = 1e-09
SCF conv_tol_grad = None
SCF max_cycles = 50
direct_scf = False
chkfile to save SCF result = /tmp/tmpalqh44fl
max_memory 4000 MB (current use 145 MB)
Set gradient conv threshold to 3.16228e-05
Initial guess from minao.
******** <class 'pyscf.df.df.DF'> ********
auxbasis = None
max_memory = 4000
Default auxbasis cc-pvdz-jkfit is used for H ccpvdz
init E= -2.67700584552365
  HOMO = -0.262674844680973  LUMO = 0.0388295651460732
cycle= 1 E= -3.23301970436705  delta_E= -0.556  |g|= 0.126  |ddm|= 1.36
  HOMO = -0.389482660690848  LUMO = 0.081910606959531
cycle= 2 E= -3.24210600516977  delta_E= -0.00909  |g|= 0.0338  |ddm|= 0.435
  HOMO = -0.381871045027768  LUMO = 0.100126545036022
cycle= 3 E= -3.24297627084339  delta_E= -0.00087  |g|= 0.0087  |ddm|= 0.195
  HOMO = -0.384945731936206  LUMO = 0.101678747618445
cycle= 4 E= -3.2430400898962  delta_E= -6.38e-05  |g|= 0.00138  |ddm|= 0.0652
  HOMO = -0.385272011089036  LUMO = 0.101890915486511
cycle= 5 E= -3.24304154650484  delta_E= -1.46e-06  |g|= 8.99e-05  |ddm|= 0.00832
  HOMO = -0.385281904191848  LUMO = 0.101916839372167
cycle= 6 E= -3.24304155130023  delta_E= -4.8e-09  |g|= 6.27e-06  |ddm|= 0.000271
  HOMO = -0.385278502411295  LUMO = 0.101917817626688
cycle= 7 E= -3.24304155132317  delta_E= -2.29e-11  |g|= 6.67e-07  |ddm|= 2.43e-05
  HOMO = -0.385278522425686  LUMO = 0.101918056101896
Extra cycle  E= -3.2430415513234  delta_E= -2.36e-13  |g|= 1.63e-07  |ddm|= 5.55e-06
converged SCF energy = -3.2430415513234
no_type = ie
lo_type = pm
LOs span exactly the occupied space.
Using single-LO fragment
nfrag = 3  nlo = 3
frag_atmlist = None
frag_lolist = [[0], [1], [2]]
frag_nonvlist = None
Lov is saved to /tmp/r60oinn6
########### running fragment 1 ##########
    impsol:  1 LOs  21/30 MOs  3 occ  18 vir
    CPU time for imp sol - eri          0.02 sec, wall time      0.02 sec
    CPU time for imp sol - mp2 amp      0.02 sec, wall time      0.01 sec
    CPU time for imp sol - mp2 ene      0.00 sec, wall time      0.00 sec
    CPU time for imp sol - cc  amp      1.02 sec, wall time      0.77 sec
    CPU time for imp sol - cc  ene      0.00 sec, wall time      0.00 sec
# lno-ccsd correlation energy is: -0.04456873980132734
# Generating Cholesky Integrals
# frozen orbitals are [21 22 23 24 25 26 27 28 29]
# local active orbitals are [ 0  1  2  3  4  5  6  7  8  9 10 11 12 13 14 15 16 17 18 19 20]
# local active space size 21
# loc_eris shape: (441, 441)
# chol shape: (128, 441)
# Finished calculating Cholesky integrals

# Size of the correlation space:
# Number of electrons: (3, 3)
# Number of basis functions: 21
# Number of Cholesky vectors: 128

# Hostname: yichi-thinkpad
# System Type: Linux
# Machine Type: x86_64
# Processor: x86_64
# Number of MPI ranks: 8
#
# norb: 21
# nelec: (3, 3)
#
# n_eql: 6
# n_prop_steps: 20
# n_ene_blocks: 1
# n_sr_blocks: 10
# n_blocks: 20
# n_walkers: 50
# seed: 2
# walker_type: rhf
# trial: cisd
# dt: 0.01
# n_exp_terms: 6
# orbital_rotation: True
# do_sr: True
# symmetry: False
# save_walkers: False
# ene0: 0.0
# free_projection: False
# n_batch: 1
# maxError: 0.001
# use_gpu: False
#
# Hostname: yichi-thinkpad
# System Type: Linux
# Machine Type: x86_64
# Processor: x86_64
# afqmc propagation with ccsd trial using 400 walkers
# system relaxing and appraching the equilibrium of the Markov Chain
# eql_step 	 sys_energy 	 zero_orb_cr 	 hf_orb_cr 	 ccsd_orb_cr 	 tot_orb_cr 	 wall_time
    0	 	 -3.361314	 0.000000	 0.000000	 -0.044576	 -0.044576	    0.00
    1	 	 -3.361964	 0.148686	 -0.033946	 -0.159445	 -0.044706	   41.97 
    2	 	 -3.362987	 0.197889	 -0.040269	 -0.202411	 -0.044791	   72.95 
    3	 	 -3.363633	 0.214697	 -0.043103	 -0.216946	 -0.045351	   88.87 
    4	 	 -3.363099	 0.208642	 -0.041299	 -0.212585	 -0.045242	   104.33 
    5	 	 -3.362988	 0.201058	 -0.039374	 -0.206812	 -0.045129	   120.12 
    6	 	 -3.363090	 0.211445	 -0.040821	 -0.215566	 -0.044942	   135.70 
# Sampling sweeps:
# iter 	 sys_energy 	 err 	 zero_orb_cr 	 err 	 hf_orb_cr 	 err 	 ccsd_orb_cr 	 err 	 tot_orb_cr 	 err 	 time
   0   -3.363398     None     0.213641   0.213641   -0.041638     None     -0.217019   0.008520   -0.045015     None    15.80 
   2   -3.363391   0.000133   0.213922   0.213922   -0.041686   0.000879   -0.217321   0.006800   -0.045086   0.000088  72.76 
   4   -3.363276   0.000102   0.212155   0.212155   -0.041311     None     -0.215860   0.004832   -0.045016   0.000062  104.01 
   6   -3.363247   0.000081   0.208921   0.208921   -0.040893   0.000711   -0.213002   0.003175   -0.044973   0.000047  135.24 
   8   -3.363260   0.000076   0.209243   0.209243   -0.041078   0.000430   -0.213143   0.003248   -0.044978   0.000042  167.41 
  10   -3.363277   0.000069   0.208501   0.208501   -0.041036   0.000389   -0.212446   0.002891   -0.044982   0.000040  198.99 
  12   -3.363291   0.000066   0.207611   0.207611   -0.040928   0.000345   -0.211672   0.002625   -0.044989   0.000036  230.88 
  14   -3.363280   0.000061   0.208115   0.208115   -0.040980   0.000316   -0.212137   0.002361   -0.045002   0.000035  262.07 
  16   -3.363307   0.000055   0.209537   0.209537   -0.041157   0.000306   -0.213372   0.002275   -0.044992   0.000032  294.20 
  18   -3.363290   0.000051   0.208951   0.208951   -0.041007   0.000283   -0.212943   0.002091   -0.044998   0.000029  326.69 
# Number of outliers in post: 0 
#
# Mean: -3.36330359e+00
# Block size    # of blocks         Mean                Error
      1              160       -3.36330359e+00       4.964036e-05
      2               80       -3.36330359e+00       4.768813e-05
      5               32       -3.36330359e+00       4.852103e-05
     10               16       -3.36330359e+00       4.833953e-05
     20                8       -3.36330359e+00       5.318294e-05
     50                3       -3.36329156e+00       3.126040e-05
# Stocahstic error estimate: 4.964036e-05
#
#
# Mean: 2.08885303e-01
# Block size    # of blocks         Mean                Error
      1              160       2.08885303e-01       2.137752e-03
      2               80       2.08885303e-01       2.251423e-03
      5               32       2.08885303e-01       2.080246e-03
     10               16       2.08885303e-01       1.793530e-03
     20                8       2.08885303e-01       1.883826e-03
     50                3       2.08924235e-01       2.225938e-03
# Stocahstic error estimate: 2.251423e-03
#
#
# Mean: -4.10451369e-02
# Block size    # of blocks         Mean                Error
      1              160       -4.10451369e-02       2.691228e-04
      2               80       -4.10451369e-02       2.746633e-04
      5               32       -4.10451369e-02       2.548714e-04
     10               16       -4.10451369e-02       2.914956e-04
     20                8       -4.10451369e-02       2.111805e-04
     50                3       -4.10138182e-02       1.153215e-04
# Stocahstic error estimate: 2.746633e-04
#
#
# Mean: -2.12857545e-01
# Block size    # of blocks         Mean                Error
      1              160       -2.12857545e-01       1.910596e-03
      2               80       -2.12857545e-01       2.010074e-03
      5               32       -2.12857545e-01       1.865327e-03
     10               16       -2.12857545e-01       1.538615e-03
     20                8       -2.12857545e-01       1.677432e-03
     50                3       -2.12905210e-01       2.132914e-03
# Stocahstic error estimate: 2.010074e-03
#
#
# Mean: -4.50173802e-02
# Block size    # of blocks         Mean                Error
      1              160       -4.50173802e-02       2.872193e-05
      2               80       -4.50173802e-02       2.986067e-05
      5               32       -4.50173802e-02       2.898215e-05
     10               16       -4.50173802e-02       3.716939e-05
     20                8       -4.50173802e-02       4.284855e-05
     50                3       -4.49947949e-02       1.434786e-05
# Stocahstic error estimate: 2.986067e-05
#
afqmc energy: -3.363304 +/- 0.000050
zero_orb_cr: 0.208885 +/- 0.208885
hf_orb_cr: -0.041045 +/- 0.000275
ccsd_orb_cr: -0.212858 +/- 0.002010
tot_orb_cr: -0.045017 +/- 0.000030
########### running fragment 2 ##########
    impsol:  1 LOs  19/30 MOs  3 occ  16 vir
    CPU time for imp sol - eri          0.02 sec, wall time      0.03 sec
    CPU time for imp sol - mp2 amp      0.02 sec, wall time      0.01 sec
    CPU time for imp sol - mp2 ene      0.00 sec, wall time      0.00 sec
    CPU time for imp sol - cc  amp      1.17 sec, wall time      0.86 sec
    CPU time for imp sol - cc  ene      0.02 sec, wall time      0.00 sec
# lno-ccsd correlation energy is: -0.04164467506679613
# Generating Cholesky Integrals
# frozen orbitals are [19 20 21 22 23 24 25 26 27 28 29]
# local active orbitals are [ 0  1  2  3  4  5  6  7  8  9 10 11 12 13 14 15 16 17 18]
# local active space size 19
# loc_eris shape: (361, 361)
# chol shape: (106, 361)
# Finished calculating Cholesky integrals

# Size of the correlation space:
# Number of electrons: (3, 3)
# Number of basis functions: 19
# Number of Cholesky vectors: 106

# Hostname: yichi-thinkpad
# System Type: Linux
# Machine Type: x86_64
# Processor: x86_64
# Number of MPI ranks: 8
#
# norb: 19
# nelec: (3, 3)
#
# n_eql: 6
# n_prop_steps: 20
# n_ene_blocks: 1
# n_sr_blocks: 10
# n_blocks: 20
# n_walkers: 50
# seed: 2
# walker_type: rhf
# trial: cisd
# dt: 0.01
# n_exp_terms: 6
# orbital_rotation: True
# do_sr: True
# symmetry: False
# save_walkers: False
# ene0: 0.0
# free_projection: False
# n_batch: 1
# maxError: 0.001
# use_gpu: False
#
# Hostname: yichi-thinkpad
# System Type: Linux
# Machine Type: x86_64
# Processor: x86_64
# afqmc propagation with ccsd trial using 400 walkers
# system relaxing and appraching the equilibrium of the Markov Chain
# eql_step 	 sys_energy 	 zero_orb_cr 	 hf_orb_cr 	 ccsd_orb_cr 	 tot_orb_cr 	 wall_time
    0	 	 -3.345641	 0.000000	 0.000000	 -0.041645	 -0.041645	    0.00
    1	 	 -3.346308	 0.142484	 -0.031457	 -0.152705	 -0.041678	   36.02 
    2	 	 -3.347184	 0.196825	 -0.039934	 -0.198763	 -0.041873	   64.50 
    3	 	 -3.347264	 0.203988	 -0.039554	 -0.206367	 -0.041933	   76.28 
    4	 	 -3.347177	 0.207720	 -0.039013	 -0.210715	 -0.042008	   88.54 
    5	 	 -3.347289	 0.206050	 -0.039561	 -0.208416	 -0.041928	   100.30 
    6	 	 -3.347550	 0.209650	 -0.040952	 -0.210820	 -0.042122	   112.20 
# Sampling sweeps:
# iter 	 sys_energy 	 err 	 zero_orb_cr 	 err 	 hf_orb_cr 	 err 	 ccsd_orb_cr 	 err 	 tot_orb_cr 	 err 	 time
   0   -3.346948     None     0.182154   0.182154   -0.036696   0.000691   -0.187292   0.004064   -0.041835   0.000146  12.47 
   2   -3.346970   0.000098   0.192223   0.192223   -0.037831   0.000552   -0.196302   0.003476   -0.041910   0.000077  62.44 
   4   -3.347030     None     0.201648     None     -0.038928     None     -0.204679     None     -0.041959   0.000058  86.00 
   6   -3.347026   0.000053   0.201172     None     -0.038808   0.000388   -0.204319     None     -0.041954   0.000047  107.73 
   8   -3.347092   0.000075   0.203462     None     -0.039135     None     -0.206285     None     -0.041958   0.000046  131.26 
  10   -3.347102   0.000061   0.202366     None     -0.039024   0.000381   -0.205290     None     -0.041948   0.000039  153.32 
  12   -3.347094   0.000054   0.201327   0.201327   -0.038933   0.000346   -0.204320   0.004522   -0.041926   0.000036  176.74 
  14   -3.347092   0.000049   0.201008   0.201008   -0.038986   0.000317   -0.203953   0.003772   -0.041931   0.000033  198.87 
  16   -3.347133   0.000049   0.202265   0.202265   -0.039195   0.000324   -0.205028   0.002070   -0.041959   0.000035  222.23 
  18   -3.347130   0.000045   0.202127   0.202127   -0.039212   0.000298   -0.204880   0.001944   -0.041965   0.000032  244.55 
# Number of outliers in post: 0 
#
# Mean: -3.34713310e+00
# Block size    # of blocks         Mean                Error
      1              160       -3.34713310e+00       3.994998e-05
      2               80       -3.34713310e+00       4.291431e-05
      5               32       -3.34713310e+00       3.997764e-05
     10               16       -3.34713310e+00       3.978800e-05
     20                8       -3.34713310e+00       4.790951e-05
     50                3       -3.34713444e+00       6.753360e-05
# Stocahstic error estimate: 4.291431e-05
#
#
# Mean: 2.01380182e-01
# Block size    # of blocks         Mean                Error
      1              160       2.01380182e-01       2.117465e-03
      2               80       2.01380182e-01       2.170673e-03
      5               32       2.01380182e-01       2.451676e-03
     10               16       2.01380182e-01       2.861358e-03
     20                8       2.01380182e-01       3.251884e-03
     50                3       2.02569849e-01       7.327789e-04
# Stocahstic error estimate: 2.170673e-03
#
#
# Mean: -3.91044713e-02
# Block size    # of blocks         Mean                Error
      1              160       -3.91044713e-02       2.909970e-04
      2               80       -3.91044713e-02       2.794757e-04
      5               32       -3.91044713e-02       3.053028e-04
     10               16       -3.91044713e-02       3.602669e-04
     20                8       -3.91044713e-02       3.955177e-04
     50                3       -3.92570739e-02       3.372851e-04
# Stocahstic error estimate: 2.909970e-04
#
#
# Mean: -2.04230198e-01
# Block size    # of blocks         Mean                Error
      1              160       -2.04230198e-01       1.868140e-03
      2               80       -2.04230198e-01       1.925427e-03
      5               32       -2.04230198e-01       2.184270e-03
     10               16       -2.04230198e-01       2.542462e-03
     20                8       -2.04230198e-01       2.909278e-03
     50                3       -2.05279791e-01       5.164150e-04
# Stocahstic error estimate: 1.925427e-03
#
#
# Mean: -4.19544862e-02
# Block size    # of blocks         Mean                Error
      1              160       -4.19544862e-02       3.062035e-05
      2               80       -4.19544862e-02       2.834634e-05
      5               32       -4.19544862e-02       3.129576e-05
     10               16       -4.19544862e-02       3.510385e-05
     20                8       -4.19544862e-02       4.546877e-05
     50                3       -4.19670149e-02       5.686238e-05
# Stocahstic error estimate: 3.062035e-05
#
afqmc energy: -3.347133 +/- 0.000043
zero_orb_cr: 0.201380 +/- 0.201380
hf_orb_cr: -0.039104 +/- 0.000291
ccsd_orb_cr: -0.204230 +/- 0.001925
tot_orb_cr: -0.041954 +/- 0.000031
########### running fragment 3 ##########
    impsol:  1 LOs  19/30 MOs  3 occ  16 vir
    CPU time for imp sol - eri          0.03 sec, wall time      0.03 sec
    CPU time for imp sol - mp2 amp      0.00 sec, wall time      0.01 sec
    CPU time for imp sol - mp2 ene      0.02 sec, wall time      0.00 sec
    CPU time for imp sol - cc  amp      1.09 sec, wall time      0.69 sec
    CPU time for imp sol - cc  ene      0.00 sec, wall time      0.00 sec
# lno-ccsd correlation energy is: -0.04164467145702228
# Generating Cholesky Integrals
# frozen orbitals are [19 20 21 22 23 24 25 26 27 28 29]
# local active orbitals are [ 0  1  2  3  4  5  6  7  8  9 10 11 12 13 14 15 16 17 18]
# local active space size 19
# loc_eris shape: (361, 361)
# chol shape: (106, 361)
# Finished calculating Cholesky integrals

# Size of the correlation space:
# Number of electrons: (3, 3)
# Number of basis functions: 19
# Number of Cholesky vectors: 106

# Hostname: yichi-thinkpad
# System Type: Linux
# Machine Type: x86_64
# Processor: x86_64
# Number of MPI ranks: 8
#
# norb: 19
# nelec: (3, 3)
#
# n_eql: 6
# n_prop_steps: 20
# n_ene_blocks: 1
# n_sr_blocks: 10
# n_blocks: 20
# n_walkers: 50
# seed: 2
# walker_type: rhf
# trial: cisd
# dt: 0.01
# n_exp_terms: 6
# orbital_rotation: True
# do_sr: True
# symmetry: False
# save_walkers: False
# ene0: 0.0
# free_projection: False
# n_batch: 1
# maxError: 0.001
# use_gpu: False
#
# Hostname: yichi-thinkpad
# System Type: Linux
# Machine Type: x86_64
# Processor: x86_64
# afqmc propagation with ccsd trial using 400 walkers
# system relaxing and appraching the equilibrium of the Markov Chain
# eql_step 	 sys_energy 	 zero_orb_cr 	 hf_orb_cr 	 ccsd_orb_cr 	 tot_orb_cr 	 wall_time
    0	 	 -3.345641	 0.000000	 0.000000	 -0.041646	 -0.041646	    0.00
    1	 	 -3.346284	 0.151866	 -0.031822	 -0.161874	 -0.041831	   37.33 
    2	 	 -3.346925	 0.206718	 -0.039698	 -0.209059	 -0.042039	   65.10 
    3	 	 -3.347042	 0.206690	 -0.039189	 -0.209589	 -0.042087	   76.47 
    4	 	 -3.346968	 0.207691	 -0.038529	 -0.211102	 -0.041940	   88.55 
    5	 	 -3.347227	 0.205331	 -0.038686	 -0.208617	 -0.041972	   100.95 
    6	 	 -3.347356	 0.218258	 -0.039992	 -0.220263	 -0.041997	   112.72 
# Sampling sweeps:
# iter 	 sys_energy 	 err 	 zero_orb_cr 	 err 	 hf_orb_cr 	 err 	 ccsd_orb_cr 	 err 	 tot_orb_cr 	 err 	 time
   0   -3.346982   0.000157   0.203091     None     -0.038365     None     -0.206517     None     -0.041792     None    12.24 
   2   -3.347222   0.000125   0.205107   0.205107   -0.038635   0.000483   -0.208396   0.005007   -0.041924   0.000086  64.88 
   4   -3.347298   0.000088   0.207867   0.207867   -0.039151   0.000471   -0.210746   0.003672   -0.042030   0.000068  88.64 
   6   -3.347233   0.000068   0.204770   0.204770   -0.038646   0.000459   -0.208113   0.003115   -0.041989     None    110.64 
   8   -3.347275   0.000060   0.207926   0.207926   -0.038902   0.000361   -0.211013   0.002906   -0.041990     None    134.14 
  10   -3.347247   0.000061   0.205900   0.205900   -0.038512   0.000423   -0.209341   0.002930   -0.041953   0.000059  156.16 
  12   -3.347218   0.000056   0.206121   0.206121   -0.038578   0.000383   -0.209492   0.002510   -0.041949   0.000050  180.76 
  14   -3.347201   0.000052   0.206599   0.206599   -0.038665   0.000322   -0.209887   0.002227   -0.041954   0.000041  202.57 
  16   -3.347227   0.000052   0.207380   0.207380   -0.038818   0.000315   -0.210541   0.002224   -0.041978   0.000039  226.72 
  18   -3.347200   0.000048   0.206194   0.206194   -0.038660   0.000292   -0.209506   0.002051   -0.041972   0.000035  248.97 
# Number of outliers in post: 0 
#
# Mean: -3.34720328e+00
# Block size    # of blocks         Mean                Error
      1              160       -3.34720328e+00       4.446496e-05
      2               80       -3.34720328e+00       4.526637e-05
      5               32       -3.34720328e+00       4.324117e-05
     10               16       -3.34720328e+00       3.901830e-05
     20                8       -3.34720328e+00       5.195432e-05
     50                3       -3.34720512e+00       4.129486e-05
# Stocahstic error estimate: 4.526637e-05
#
#
# Mean: 2.06035466e-01
# Block size    # of blocks         Mean                Error
      1              160       2.06035466e-01       2.166740e-03
      2               80       2.06035466e-01       2.203372e-03
      5               32       2.06035466e-01       2.032400e-03
     10               16       2.06035466e-01       1.900460e-03
     20                8       2.06035466e-01       1.893604e-03
     50                3       2.06218686e-01       4.799772e-04
# Stocahstic error estimate: 2.203372e-03
#
#
# Mean: -3.86439869e-02
# Block size    # of blocks         Mean                Error
      1              160       -3.86439869e-02       2.680411e-04
      2               80       -3.86439869e-02       2.785810e-04
      5               32       -3.86439869e-02       2.719872e-04
     10               16       -3.86439869e-02       2.593457e-04
     20                8       -3.86439869e-02       2.735949e-04
     50                3       -3.86780280e-02       2.974286e-04
# Stocahstic error estimate: 2.785810e-04
#
#
# Mean: -2.09358569e-01
# Block size    # of blocks         Mean                Error
      1              160       -2.09358569e-01       1.934341e-03
      2               80       -2.09358569e-01       1.963844e-03
      5               32       -2.09358569e-01       1.803393e-03
     10               16       -2.09358569e-01       1.687396e-03
     20                8       -2.09358569e-01       1.680832e-03
     50                3       -2.09513471e-01       6.271817e-04
# Stocahstic error estimate: 1.963844e-03
#
#
# Mean: -4.19670894e-02
# Block size    # of blocks         Mean                Error
      1              160       -4.19670894e-02       2.985408e-05
      2               80       -4.19670894e-02       3.035605e-05
      5               32       -4.19670894e-02       3.352054e-05
     10               16       -4.19670894e-02       3.348632e-05
     20                8       -4.19670894e-02       3.991108e-05
     50                3       -4.19728124e-02       6.066572e-05
# Stocahstic error estimate: 3.035605e-05
#
afqmc energy: -3.347203 +/- 0.000045
zero_orb_cr: 0.206035 +/- 0.206035
hf_orb_cr: -0.038644 +/- 0.000279
ccsd_orb_cr: -0.209359 +/- 0.001964
tot_orb_cr: -0.041967 +/- 0.000030
