# Hostname: yichi-thinkpad
# System Type: Linux
# Machine Type: x86_64
# Processor: x86_64
# Number of MPI ranks: 8
#
# Using Local Natural Orbital Approximation
# norb: 4
# nelec: (2, 2)
#
# n_eql: 5
# n_ene_blocks: 1
# n_sr_blocks: 10
# n_blocks: 100
# n_walkers: 30
# seed: 98
# walker_type: rhf
# trial: rhf
# dt: 0.005
# orbE: 1
# prjlo: [[5.55111512e-17 1.00000000e+00]]
# maxError: 0.0005773502691896258
# LNO: True
# n_exp_terms: 6
# n_prop_steps: 50
# orbital_rotation: True
# do_sr: True
# symmetry: False
# save_walkers: False
# ene0: 0.0
# free_projection: False
# n_batch: 1
#
# Equilibration sweeps:
#   Iter        Block energy     Block OrbE     Walltime
#     0      -3.159001753e+00        -        5.60e+00 
#     1      -3.211829185e+00     -2.892267145e-02     1.70e+01 
#     2      -3.220176458e+00     -3.744699061e-02     2.60e+01 
#     3      -3.219501734e+00     -3.530616686e-02     2.81e+01 
#     4      -3.215066195e+00     -3.140912205e-02     3.02e+01 
#     5      -3.224689484e+00     -3.951049969e-02     3.22e+01 
#
# Sampling sweeps:
#  Iter        Mean energy          Stochastic error          OrbitalEnergy          OrbEStochError          Walltime
     0      -3.204215527e+00                -              -3.434111923e-02        -       3.93e+01 
    10      -3.211610975e+00                -              -3.021714763e-02        -       4.40e+01 
    20      -3.211042345e+00        1.255066352e-03        -3.153838229e-02        1.364913305e-03        4.86e+01 
    30      -3.214210836e+00        2.462151669e-03        -3.267809949e-02        1.731654095e-03        5.32e+01 
    40      -3.214940556e+00        1.643071038e-03        -3.249248641e-02        1.214728787e-03        5.80e+01 
    50      -3.214560964e+00                -              -3.210898964e-02        -       6.27e+01 
    60      -3.216085192e+00        1.511344109e-03        -3.201603696e-02        8.166631180e-04        6.73e+01 
    70      -3.215992364e+00        1.393892400e-03        -3.193378500e-02        8.651220402e-04        7.22e+01 
    80      -3.215676975e+00        1.232617276e-03        -3.182015411e-02        6.941596810e-04        7.69e+01 
    90      -3.216230559e+00        1.367973725e-03        -3.264720206e-02        1.167482386e-03        8.16e+01 
#
# Number of large deviations: 0
# Number of outliers in post: 8 
#
# Mean: -3.21533179e+00
# Block size    # of blocks         Mean                Error
      1              792       -3.21533179e+00       3.743570e-04
      2              396       -3.21533179e+00       5.300909e-04
      3              264       -3.21533179e+00       6.227800e-04
      5              158       -3.21533958e+00       7.723105e-04
     10               79       -3.21533958e+00       9.736496e-04
     15               52       -3.21526141e+00       1.064925e-03
     20               39       -3.21526141e+00       1.067879e-03
     30               26       -3.21526141e+00       1.203040e-03
     50               15       -3.21529874e+00       1.350696e-03
    100                7       -3.21554124e+00       1.847773e-03
    200                3       -3.21604882e+00       2.860747e-03
    300                2       -3.21604882e+00       1.677760e-03
# Stocahstic error estimate: 1.067879e-03
#
#
# Mean: -3.22393135e-02
# Block size    # of blocks         Mean                Error
      1              792       -3.22393135e-02       2.575668e-04
      2              396       -3.22393135e-02       3.647155e-04
      3              264       -3.22393135e-02       4.220992e-04
      5              158       -3.22495467e-02       5.266278e-04
     10               79       -3.22495467e-02       6.470967e-04
     15               52       -3.21818538e-02       6.534005e-04
     20               39       -3.21818538e-02       7.495763e-04
     30               26       -3.21818538e-02       6.913979e-04
     50               15       -3.20138225e-02       6.868260e-04
    100                7       -3.17375391e-02       5.383185e-04
    200                3       -3.19647605e-02       5.783291e-04
    300                2       -3.19647605e-02       2.094134e-04
# Stocahstic error estimate: 6.534005e-04
#
AFQMC energy: -3.215 +/- 0.001

orbE energy: -0.0322 +/- 0.0007

ph_afqmc walltime: 86.02248930931091
