# Hostname: yichi-thinkpad
# System Type: Linux
# Machine Type: x86_64
# Processor: x86_64
# Number of MPI ranks: 8
#
# Using Local Natural Orbital Approximation
# norb: 5
# nelec: (2, 2)
#
# n_eql: 5
# n_ene_blocks: 1
# n_sr_blocks: 10
# n_blocks: 100
# n_walkers: 30
# seed: 98
# walker_type: rhf
# trial: rhf
# dt: 0.005
# orbE: 1
# prjlo: [[1.80411242e-16 1.00000000e+00]]
# maxError: 0.0005773502691896258
# LNO: True
# n_exp_terms: 6
# n_prop_steps: 50
# orbital_rotation: True
# do_sr: True
# symmetry: False
# save_walkers: False
# ene0: 0.0
# free_projection: False
# n_batch: 1
#
# Equilibration sweeps:
#   Iter        Block energy     Block OrbE     Walltime
#     0      -3.159001753e+00        -        6.02e+00 
#     1      -3.198278666e+00     -2.561000548e-02     1.76e+01 
#     2      -3.199032784e+00     -2.711292543e-02     2.68e+01 
#     3      -3.199446201e+00     -2.744833194e-02     2.91e+01 
#     4      -3.199802637e+00     -2.562838420e-02     3.14e+01 
#     5      -3.201841116e+00     -2.875138633e-02     3.36e+01 
#
# Sampling sweeps:
#  Iter        Mean energy          Stochastic error          OrbitalEnergy          OrbEStochError          Walltime
     0      -3.190361261e+00                -              -2.259947732e-02        -       4.08e+01 
    10      -3.200376873e+00        3.619161468e-03        -2.666650564e-02        1.663470804e-03        4.60e+01 
    20      -3.199056828e+00        2.062597284e-03        -2.509937764e-02        1.577765964e-03        5.10e+01 
    30      -3.200055140e+00        1.479773687e-03        -2.553782051e-02        1.193383553e-03        5.60e+01 
    40      -3.200438927e+00        2.033983261e-03        -2.675201408e-02        1.135643453e-03        6.12e+01 
    50      -3.199547600e+00        9.848953699e-04        -2.588998241e-02        9.612712927e-04        6.62e+01 
    60      -3.201761613e+00        1.635907366e-03        -2.828381235e-02        1.764538312e-03        7.15e+01 
    70      -3.202133722e+00        1.637391168e-03        -2.949442648e-02        1.840413708e-03        7.65e+01 
    80      -3.201837607e+00        1.429697286e-03        -2.944668761e-02        1.597998183e-03        8.16e+01 
    90      -3.201456084e+00        1.292029943e-03        -2.884624316e-02        1.458890241e-03        8.68e+01 
#
# Number of large deviations: 0
# Number of outliers in post: 16 
#
# Mean: -3.20033328e+00
# Block size    # of blocks         Mean                Error
      1              784       -3.20033328e+00       2.489285e-04
      2              392       -3.20033328e+00       3.524882e-04
      3              261       -3.20032731e+00       4.148755e-04
      5              156       -3.20030930e+00       5.105772e-04
     10               78       -3.20030930e+00       6.664494e-04
     15               52       -3.20030930e+00       7.142798e-04
     20               39       -3.20030930e+00       7.504290e-04
     30               26       -3.20030930e+00       8.192881e-04
     50               15       -3.20019884e+00       9.437744e-04
    100                7       -3.20029429e+00       9.822617e-04
    200                3       -3.20051210e+00       1.002334e-03
    300                2       -3.20051210e+00       8.648514e-06
# Stocahstic error estimate: 9.822617e-04
#
#
# Mean: -2.73142600e-02
# Block size    # of blocks         Mean                Error
      1              784       -2.73142600e-02       2.798093e-04
      2              392       -2.73142600e-02       3.962161e-04
      3              261       -2.73242491e-02       4.647494e-04
      5              156       -2.73543704e-02       5.771938e-04
     10               78       -2.73543704e-02       7.504137e-04
     15               52       -2.73543704e-02       8.255512e-04
     20               39       -2.73543704e-02       8.434871e-04
     30               26       -2.73543704e-02       1.001582e-03
     50               15       -2.72509736e-02       1.196771e-03
    100                7       -2.75537058e-02       1.414861e-03
    200                3       -2.79189960e-02       2.368267e-03
    300                2       -2.79189960e-02       1.711715e-03
# Stocahstic error estimate: 8.434871e-04
#
AFQMC energy: -3.2003 +/- 0.0010

orbE energy: -0.0273 +/- 0.0008

ph_afqmc walltime: 91.45089864730835
