# Hostname: yichi-thinkpad
# System Type: Linux
# Machine Type: x86_64
# Processor: x86_64
# Number of MPI ranks: 5
#
# norb: 4
# nelec: (2, 2)
# nchol: 10
#
# n_eql: 4
# n_prop_steps: 50
# n_ene_blocks: 1
# n_sr_blocks: 1
# n_blocks: 10
# n_walkers: 10
# seed: 298
# walker_type: rhf
# trial: cisd
# dt: 0.005
# use_gpu: False
# which_rhf: 1
# n_exp_terms: 6
# orbital_rotation: True
# do_sr: True
# symmetry: False
# save_walkers: False
# free_projection: False
# n_batch: 1
# ene0: 0
#
# Hostname: yichi-thinkpad
# System Type: Linux
# Machine Type: x86_64
# Processor: x86_64
# afqmc propagation with 50 walkers
# appraching equilibrium
# step  energy  hf_orb_en  cc_orb_en  time
    0  -3.221270  0.000000  -0.033515  4.16 
    1  -3.221007  -0.010552  -0.033356  19.04 
    2  -3.220980  -0.013946  -0.033331  31.55 
    3  -3.221012  -0.018338  -0.033346  31.57 
    4  -3.220982  -0.024995  -0.033379  31.60 
# Sampling sweeps:
# iter  energy  err  hf_orb_en  err  cc_orb_cr  err  time
     0  -3.220864  0.000074  -0.023655  0.003756  -0.033310    None    31.67
     1  -3.221012    None    -0.026717  0.004528  -0.033411    None    43.71
     2  -3.221083  0.000231  -0.032989  0.005082  -0.033393  0.000146  55.67
     3  -3.221056  0.000204  -0.038689  0.008498  -0.033407  0.000129  55.71
     4  -3.220972  0.000174  -0.037451  0.006589  -0.033374  0.000107  55.74
     5  -3.220978  0.000137  -0.036458  0.005311  -0.033363  0.000088  55.77
     6  -3.221003  0.000123  -0.036936  0.004243  -0.033355  0.000078  55.81
     7  -3.220984  0.000106  -0.035739  0.003775  -0.033332  0.000069  55.84
     8  -3.220963  0.000097  -0.034620  0.003448  -0.033313  0.000063  55.88
     9  -3.220984  0.000103  -0.035142  0.003589  -0.033334  0.000060  55.92
# Number of outliers in post: 2 
#
# Mean: -3.22088449e+00
# Block size    # of blocks         Mean                Error
      1               48       -3.22088449e+00       7.014250e-05
      2               24       -3.22088449e+00       6.753245e-05
      3               16       -3.22088449e+00       8.519357e-05
      5                9       -3.22090817e+00       7.194851e-05
     10                4       -3.22093712e+00       4.726969e-05
     15                3       -3.22090817e+00       6.953753e-05
     20                2       -3.22093712e+00       2.562931e-05
# Stocahstic error estimate: 7.014250e-05
#
#
# Mean: -3.49431597e-02
# Block size    # of blocks         Mean                Error
      1               48       -3.49431597e-02       3.737377e-03
      2               24       -3.49431597e-02       3.660714e-03
      3               16       -3.49431597e-02       3.821444e-03
      5                9       -3.39848595e-02       4.693388e-03
     10                4       -3.58869245e-02       6.738156e-03
     15                3       -3.39848595e-02       4.169919e-03
     20                2       -3.58869245e-02       5.618314e-03
# Stocahstic error estimate: 3.737377e-03
#
#
# Mean: -3.32823217e-02
# Block size    # of blocks         Mean                Error
      1               48       -3.32823217e-02       4.685906e-05
      2               24       -3.32823217e-02       4.805136e-05
      3               16       -3.32823217e-02       5.821272e-05
      5                9       -3.32810658e-02       5.955643e-05
     10                4       -3.32985955e-02       5.483319e-05
     15                3       -3.32810658e-02       7.904709e-05
     20                2       -3.32985955e-02       6.760358e-05
# Stocahstic error estimate: 4.805136e-05
#
Final Results:
lno-ccsd-afqmc energy: -3.220884 +/- 0.000070
lno-ccsd-afqmc hf_orb_en: -0.034943 +/- 0.003737
lno-ccsd-afqmc cc_orb_en: -0.033282 +/- 0.000048
total run time: 55.93
lno-mp2 orb_corr: -0.02023033
lno-ccsd orb_corr: -0.03351452
number of active electrons: 4
number of active orbitals: 4
