# Hostname: yichi-thinkpad
# System Type: Linux
# Machine Type: x86_64
# Processor: x86_64
# Number of MPI ranks: 5
#
# norb: 4
# nelec: (2, 2)
# nchol: 10
#
# n_eql: 4
# n_prop_steps: 50
# n_ene_blocks: 1
# n_sr_blocks: 1
# n_blocks: 10
# n_walkers: 10
# seed: 231
# walker_type: rhf
# trial: rhf
# dt: 0.005
# use_gpu: False
# which_rhf: 1
# n_exp_terms: 6
# orbital_rotation: True
# do_sr: True
# symmetry: False
# save_walkers: False
# free_projection: False
# n_batch: 1
# ene0: 0
#
# Hostname: yichi-thinkpad
# System Type: Linux
# Machine Type: x86_64
# Processor: x86_64
# afqmc propagation with 50 walkers
# appraching equilibrium
# step  energy  orb_en  orb_fk  orb_cx  time
    0  -3.159002  0.000000  0.000000  0.000000  1.45 
    1  -3.173512  -0.009318  0.000000  -0.009318  8.91 
    2  -3.175329  -0.007447  0.000000  -0.007447  14.15 
    3  -3.181841  -0.010928  -0.000000  -0.010928  14.17 
    4  -3.191062  -0.015054  -0.000000  -0.015054  14.20 
# Sampling sweeps:
# iter  energy  err  orb_energy  orb_fock  orb_colex  err  time
     0  -3.199898  0.008493  -0.022263  0.008035  0.000000  0.000000  -0.022263  0.008035  14.27
     1  -3.203994  0.006583  -0.022589  0.004349  -0.000000    None    -0.022589  0.004349  19.60
     2  -3.211564    None    -0.028111  0.004368  -0.000000  0.000000  -0.028111  0.004368  24.63
     3  -3.213610  0.007554  -0.028267  0.003484  0.000000  0.000000  -0.028267  0.003484  24.66
     4  -3.215010  0.005652  -0.029383  0.003519  -0.000000  0.000000  -0.029383  0.003519  24.69
     5  -3.217873  0.004773  -0.032276  0.004210  0.000000  0.000000  -0.032276  0.004210  24.72
     6  -3.220097  0.006230  -0.034662  0.005883  0.000000  0.000000  -0.034662  0.005883  24.76
     7  -3.222076  0.005419  -0.036737  0.005352  0.000000  0.000000  -0.036737  0.005352  24.79
     8  -3.225254  0.006413  -0.040199  0.005803  0.000000  0.000000  -0.040199  0.005803  24.82
     9  -3.225623  0.006031  -0.040332  0.005428  0.000000  0.000000  -0.040332  0.005428  24.86
# Number of outliers in post: 0 
#
# Mean: -3.22562260e+00
# Block size    # of blocks         Mean                Error
      1               50       -3.22562260e+00       5.395110e-03
      2               25       -3.22562260e+00       5.669774e-03
      3               16       -3.22615533e+00       6.030977e-03
      5               10       -3.22562260e+00       4.815644e-03
     10                5       -3.22562260e+00       6.879209e-03
     15                3       -3.22525421e+00       1.007826e-02
     20                2       -3.22207580e+00       1.197230e-02
# Stocahstic error estimate: 6.030977e-03
#
#
# Mean: -4.03319139e-02
# Block size    # of blocks         Mean                Error
      1               50       -4.03319139e-02       4.698013e-03
      2               25       -4.03319139e-02       5.082404e-03
      3               16       -4.05547955e-02       5.428178e-03
      5               10       -4.03319139e-02       4.718340e-03
     10                5       -4.03319139e-02       6.412561e-03
     15                3       -4.01986482e-02       1.013766e-02
     20                2       -3.67369125e-02       1.197945e-02
# Stocahstic error estimate: 5.428178e-03
#
#
# Mean: 2.18387613e-10
# Block size    # of blocks         Mean                Error
      1               50       2.18387613e-10       7.838277e-11
      2               25       2.18387613e-10       8.359397e-11
      3               16       2.17565129e-10       9.156495e-11
      5               10       2.18387613e-10       9.394501e-11
     10                5       2.18387613e-10       1.221964e-10
     15                3       1.65025061e-10       1.463909e-10
     20                2       1.46173165e-10       1.745236e-10
# Stocahstic error estimate: 9.394501e-11
#
#
# Mean: -4.03319139e-02
# Block size    # of blocks         Mean                Error
      1               50       -4.03319139e-02       4.698013e-03
      2               25       -4.03319139e-02       5.082404e-03
      3               16       -4.05547955e-02       5.428178e-03
      5               10       -4.03319139e-02       4.718340e-03
     10                5       -4.03319139e-02       6.412561e-03
     15                3       -4.01986481e-02       1.013766e-02
     20                2       -3.67369124e-02       1.197945e-02
# Stocahstic error estimate: 5.428178e-03
#
Final Results:
use norhf trial
lno-afqmc energy: -3.225623 +/- 0.006031
lno-afqmc orbital energy: -0.040332 +/- 0.005428
lno-afqmc orbital fock energy: 0.000000 +/- 0.000000
lno-afqmc orbital colexc energy: -0.040332 +/- 0.005428
total run time: 24.87
lno-mp2 orb_corr: -0.02023033
lno-ccsd orb_corr: -0.03351451
number of active electrons: 4
number of active orbitals: 4
