# Hostname: yichi-thinkpad
# System Type: Linux
# Machine Type: x86_64
# Processor: x86_64
# Number of MPI ranks: 5
#
# norb: 5
# nelec: (2, 2)
# nchol: 14
#
# n_eql: 4
# n_prop_steps: 50
# n_ene_blocks: 1
# n_sr_blocks: 1
# n_blocks: 10
# n_walkers: 10
# seed: 29
# walker_type: rhf
# trial: rhf
# dt: 0.005
# use_gpu: False
# which_rhf: 1
# n_exp_terms: 6
# orbital_rotation: True
# do_sr: True
# symmetry: False
# save_walkers: False
# free_projection: False
# n_batch: 1
# ene0: 0
#
# Hostname: yichi-thinkpad
# System Type: Linux
# Machine Type: x86_64
# Processor: x86_64
# afqmc propagation with 50 walkers
# appraching equilibrium
# step  energy  orb_en  orb_fk  orb_cx  time
    0  -3.159002  0.000000  0.000000  0.000000  1.57 
    1  -3.171574  -0.007276  -0.000000  -0.007276  9.00 
    2  -3.180983  -0.012663  0.000000  -0.012663  14.28 
    3  -3.183052  -0.013750  0.000000  -0.013750  14.31 
    4  -3.182570  -0.013757  0.000000  -0.013757  14.33 
# Sampling sweeps:
# iter  energy  err  orb_energy  orb_fock  orb_colex  err  time
     0  -3.187831  0.003417  -0.017362  0.004047  0.000000    None    -0.017362  0.004047  14.41
     1  -3.189870  0.003101  -0.019989  0.003106  0.000000  0.000000  -0.019989  0.003106  19.61
     2  -3.190613  0.002765  -0.020015  0.002287  0.000000  0.000000  -0.020015  0.002287  24.59
     3  -3.195393  0.003186  -0.023818  0.002652  0.000000  0.000000  -0.023818  0.002652  24.61
     4  -3.197383  0.003205  -0.025446  0.002732  0.000000  0.000000  -0.025446  0.002732  24.65
     5  -3.198208  0.002781  -0.025602  0.002346  0.000000  0.000000  -0.025602  0.002346  24.68
     6  -3.199360  0.002740  -0.026749  0.002367  0.000000  0.000000  -0.026749  0.002367  24.72
     7  -3.199564  0.002741  -0.027046  0.002428  0.000000  0.000000  -0.027046  0.002428  24.75
     8  -3.199643  0.002486  -0.027198  0.002198  0.000000  0.000000  -0.027198  0.002198  24.78
     9  -3.200736  0.002627  -0.027932  0.002189  0.000000  0.000000  -0.027932  0.002189  24.82
# Number of outliers in post: 0 
#
# Mean: -3.20073565e+00
# Block size    # of blocks         Mean                Error
      1               50       -3.20073565e+00       2.626672e-03
      2               25       -3.20073565e+00       2.599527e-03
      3               16       -3.20087698e+00       2.779227e-03
      5               10       -3.20073565e+00       2.609417e-03
     10                5       -3.20073565e+00       3.143550e-03
     15                3       -3.19964260e+00       5.650672e-03
     20                2       -3.19956370e+00       5.898779e-03
# Stocahstic error estimate: 2.626672e-03
#
#
# Mean: -2.79324356e-02
# Block size    # of blocks         Mean                Error
      1               50       -2.79324356e-02       2.189109e-03
      2               25       -2.79324356e-02       1.990069e-03
      3               16       -2.79777095e-02       2.176467e-03
      5               10       -2.79324356e-02       2.083243e-03
     10                5       -2.79324356e-02       2.360753e-03
     15                3       -2.71979420e-02       4.408029e-03
     20                2       -2.70460453e-02       4.565807e-03
# Stocahstic error estimate: 2.189109e-03
#
#
# Mean: 3.69261734e-10
# Block size    # of blocks         Mean                Error
      1               50       3.69261734e-10       8.770070e-11
      2               25       3.69261734e-10       8.183590e-11
      3               16       3.94991192e-10       7.989263e-11
      5               10       3.69261734e-10       7.212137e-11
     10                5       3.69261734e-10       7.639133e-11
     15                3       3.78878150e-10       1.606437e-10
     20                2       3.68340224e-10       1.967564e-10
# Stocahstic error estimate: 8.770070e-11
#
#
# Mean: -2.79324363e-02
# Block size    # of blocks         Mean                Error
      1               50       -2.79324363e-02       2.189109e-03
      2               25       -2.79324363e-02       1.990069e-03
      3               16       -2.79777103e-02       2.176467e-03
      5               10       -2.79324363e-02       2.083243e-03
     10                5       -2.79324363e-02       2.360753e-03
     15                3       -2.71979427e-02       4.408030e-03
     20                2       -2.70460460e-02       4.565807e-03
# Stocahstic error estimate: 2.189109e-03
#
Final Results:
use norhf trial
lno-afqmc energy: -3.200736 +/- 0.002627
lno-afqmc orbital energy: -0.027932 +/- 0.002189
lno-afqmc orbital fock energy: 0.000000 +/- 0.000000
lno-afqmc orbital colexc energy: -0.027932 +/- 0.002189
total run time: 24.83
lno-mp2 orb_corr: -0.01907257
lno-ccsd orb_corr: -0.02836889
number of active electrons: 4
number of active orbitals: 5
