# frag  mp2_orb_corr  ccsd_orb_corr  afqmc_orb_en  err  nelec  norb  time
  1  -0.02115507  None  -0.028627  0.002571  6  6  15.10
  2  -0.02066525  None  -0.037406  0.004438  6  6  13.82
  3  -0.02066525  None  -0.019989  0.002611  6  6  13.31
# final results 
# use norhf trial wavefunction
# mean-field energy: -3.15900175
# lno-thresh [1e-07, 1e-08]
# e_mp2_corr: -0.062486
# e_ccsd_corr: 0.000000
# afqmc_corr: -0.086022 +/- 0.005755
# mp2_correction: 0.00000001
# number of electrons: average 6.00 maxium 6
# number of orbitals: average 6.00 maxium 6
# total run time: 42.23
