# lno-thresh(occ,vir)   mp2_corr  ccsd_corr  afqmc_corr   err   afqmc_fk   err   afqmc_cx   err   mp2_cr nelec_avg   nelec_max    norb_avg   norb_max    run_time
 (1.00e-03,1.00e-04) 	 -0.059533 	 -0.095398 	 -0.100580 	 0.006583 	 0.000000 	 0.000000 	 -0.100580 	 0.006583 	 -0.00295234  4.00 	 4 	 4.33  	 5 	 74.18
# use norhf trial wavefunction
