# Hostname: yichi-thinkpad
# System Type: Linux
# Machine Type: x86_64
# Processor: x86_64
#INFO: **** input file is /home/yichi/research/software/cs_afqmc/ad_afqmc/lnocc/hchain/test/test.py ****
import sys, os
import numpy as np
from functools import reduce
from pyscf.lib import logger
from ad_afqmc.lno.cc import LNOCCSD
from ad_afqmc import lno_ccsd
from pyscf import gto, scf, mp, cc
from ad_afqmc.lno.base import lno
from ad_afqmc.lno.afqmc import LNOAFQMC

log = logger.Logger(sys.stdout, 6)

a = 0.9
nH = 6
atoms = ""
for i in range(nH):
    atoms += f"H {i*a} 0 0 \n"

mol = gto.M(atom=atoms, basis="ccpvdz", verbose=4)
mf = scf.RHF(mol).density_fit()
mf.kernel()

# frozen = 0
# mmp = mp.MP2(mf,frozen=frozen)
# mmp.kernel()[0]

# # cc
# mycc = cc.CCSD(mf)
# mycc.kernel()
# et = mycc.ccsd_t()

# fci
#cisolver = fci.FCI(mf)
#fci_ene, fci_vec = cisolver.kernel()

# print(f'rhf energy is {mf.e_tot}')
# print(f"ccsd energy is {mycc.e_tot}")
# print(f"ccsd_t energy is {mycc.e_tot+et}")
# print(f"ccsd correlation energy is {mycc.e_corr}")

options = {'n_eql': 6,
           'n_prop_steps': 20,
            'n_ene_blocks': 1,
            'n_sr_blocks': 10,
            'n_blocks': 20,
            'n_walkers': 50,
            'seed': 2,
            'walker_type': 'rhf',
            'trial': 'cisd',
            'dt':0.01,
            'ad_mode':None,
            }


thresh = 1e-4
lno_ccsd.run_lno_ccsd_afqmc(mf,thresh,[],options,1e-6,8)#INFO: ******************** input file end ********************


System: uname_result(system='Linux', node='yichi-thinkpad', release='4.4.0-26100-Microsoft', version='#1882-Microsoft Fri Jan 01 08:00:00 PST 2016', machine='x86_64')  Threads 12
Python 3.10.16 | packaged by conda-forge | (main, Dec  5 2024, 14:16:10) [GCC 13.3.0]
numpy 1.24.3  scipy 1.14.1  h5py 3.12.1
Date: Sun Jun 15 14:46:08 2025
PySCF version 2.8.0
PySCF path  /home/yichi/research/software/lno_pyscf
GIT HEAD (branch master) ef75f4190e4de208685670651dc6c467f72b6794

[ENV] PYSCF_EXT_PATH /home/yichi/research/software/pyscf
[CONFIG] conf_file None
[INPUT] verbose = 4
[INPUT] num. atoms = 6
[INPUT] num. electrons = 6
[INPUT] charge = 0
[INPUT] spin (= nelec alpha-beta = 2S) = 0
[INPUT] symmetry False subgroup None
[INPUT] Mole.unit = angstrom
[INPUT] Symbol           X                Y                Z      unit          X                Y                Z       unit  Magmom
[INPUT]  1 H      0.000000000000   0.000000000000   0.000000000000 AA    0.000000000000   0.000000000000   0.000000000000 Bohr   0.0
[INPUT]  2 H      0.900000000000   0.000000000000   0.000000000000 AA    1.700753512109   0.000000000000   0.000000000000 Bohr   0.0
[INPUT]  3 H      1.800000000000   0.000000000000   0.000000000000 AA    3.401507024217   0.000000000000   0.000000000000 Bohr   0.0
[INPUT]  4 H      2.700000000000   0.000000000000   0.000000000000 AA    5.102260536326   0.000000000000   0.000000000000 Bohr   0.0
[INPUT]  5 H      3.600000000000   0.000000000000   0.000000000000 AA    6.803014048434   0.000000000000   0.000000000000 Bohr   0.0
[INPUT]  6 H      4.500000000000   0.000000000000   0.000000000000 AA    8.503767560543   0.000000000000   0.000000000000 Bohr   0.0

nuclear repulsion = 5.11537970556
number of shells = 18
number of NR pGTOs = 42
number of NR cGTOs = 30
basis = ccpvdz
ecp = {}
CPU time:         1.06


******** <class 'pyscf.df.df_jk.DFRHF'> ********
method = DFRHF
initial guess = minao
damping factor = 0
level_shift factor = 0
DIIS = <class 'pyscf.scf.diis.CDIIS'>
diis_start_cycle = 1
diis_space = 8
diis_damp = 0
SCF conv_tol = 1e-09
SCF conv_tol_grad = None
SCF max_cycles = 50
direct_scf = False
chkfile to save SCF result = /tmp/tmpfo5967ke
max_memory 4000 MB (current use 145 MB)
Set gradient conv threshold to 3.16228e-05
Initial guess from minao.
******** <class 'pyscf.df.df.DF'> ********
auxbasis = None
max_memory = 4000
Default auxbasis cc-pvdz-jkfit is used for H ccpvdz
init E= -2.67700584552365
  HOMO = -0.262674844680972  LUMO = 0.0388295651460728
cycle= 1 E= -3.23301970436705  delta_E= -0.556  |g|= 0.126  |ddm|= 1.36
  HOMO = -0.389482660690846  LUMO = 0.0819106069595315
cycle= 2 E= -3.24210600516978  delta_E= -0.00909  |g|= 0.0338  |ddm|= 0.435
  HOMO = -0.381871045027768  LUMO = 0.100126545036023
cycle= 3 E= -3.2429762708434  delta_E= -0.00087  |g|= 0.0087  |ddm|= 0.195
  HOMO = -0.384945731936205  LUMO = 0.101678747618442
cycle= 4 E= -3.2430400898962  delta_E= -6.38e-05  |g|= 0.00138  |ddm|= 0.0652
  HOMO = -0.385272011089037  LUMO = 0.101890915486508
cycle= 5 E= -3.24304154650484  delta_E= -1.46e-06  |g|= 8.99e-05  |ddm|= 0.00832
  HOMO = -0.385281904191848  LUMO = 0.10191683937217
cycle= 6 E= -3.24304155130022  delta_E= -4.8e-09  |g|= 6.27e-06  |ddm|= 0.000271
  HOMO = -0.385278502411295  LUMO = 0.101917817626687
cycle= 7 E= -3.24304155132316  delta_E= -2.29e-11  |g|= 6.67e-07  |ddm|= 2.43e-05
  HOMO = -0.385278522425685  LUMO = 0.101918056101896
Extra cycle  E= -3.24304155132341  delta_E= -2.49e-13  |g|= 1.63e-07  |ddm|= 5.55e-06
converged SCF energy = -3.24304155132341
no_type = ie
lo_type = pm
LOs span exactly the occupied space.
Using single-LO fragment
nfrag = 3  nlo = 3
frag_atmlist = None
frag_lolist = [[0], [1], [2]]
frag_nonvlist = None
Lov is saved to /tmp/c4bw7wcm
########### running fragment 1 ##########
    impsol:  1 LOs  13/30 MOs  3 occ  10 vir
    CPU time for imp sol - eri          0.02 sec, wall time      0.01 sec
    CPU time for imp sol - mp2 amp      0.00 sec, wall time      0.01 sec
    CPU time for imp sol - mp2 ene      0.00 sec, wall time      0.00 sec
    CPU time for imp sol - cc  amp      0.56 sec, wall time      0.40 sec
    CPU time for imp sol - cc  ene      0.00 sec, wall time      0.00 sec
# lno-ccsd correlation energy is: -0.04172052266197549
# Generating Cholesky Integrals
# frozen orbitals are [13 14 15 16 17 18 19 20 21 22 23 24 25 26 27 28 29]
# local active orbitals are [ 0  1  2  3  4  5  6  7  8  9 10 11 12]
# local active space size 13
# loc_eris shape: (169, 169)
# chol shape: (75, 169)
# Finished calculating Cholesky integrals

# Size of the correlation space:
# Number of electrons: (3, 3)
# Number of basis functions: 13
# Number of Cholesky vectors: 75

# Hostname: yichi-thinkpad
# System Type: Linux
# Machine Type: x86_64
# Processor: x86_64
# Number of MPI ranks: 8
#
# norb: 13
# nelec: (3, 3)
#
# n_eql: 6
# n_prop_steps: 20
# n_ene_blocks: 1
# n_sr_blocks: 10
# n_blocks: 20
# n_walkers: 50
# seed: 2
# walker_type: rhf
# trial: cisd
# dt: 0.01
# n_exp_terms: 6
# orbital_rotation: True
# do_sr: True
# symmetry: False
# save_walkers: False
# ene0: 0.0
# free_projection: False
# n_batch: 1
# maxError: 0.001
# use_gpu: False
#
# Hostname: yichi-thinkpad
# System Type: Linux
# Machine Type: x86_64
# Processor: x86_64
# afqmc propagation with ccsd trial using 400 walkers
# system relaxing and appraching the equilibrium of the Markov Chain
# eql_step 	 sys_energy 	 zero_orb_cr 	 hf_orb_cr 	 ccsd_orb_cr 	 tot_orb_cr 	 wall_time
    0	 	 -3.328307	 0.000000	 0.000000	 -0.041722	 -0.041722	    0.00
    1	 	 -3.328715	 0.142789	 -0.031843	 -0.152527	 -0.041581	   29.52 
    2	 	 -3.329435	 0.193361	 -0.039471	 -0.195793	 -0.041903	   49.85 
    3	 	 -3.329592	 0.188028	 -0.038729	 -0.191178	 -0.041879	   53.77 
    4	 	 -3.329657	 0.199567	 -0.038860	 -0.202458	 -0.041751	   58.05 
    5	 	 -3.329628	 0.222281	 -0.043352	 -0.220703	 -0.041774	   62.79 
    6	 	 -3.329316	 0.189518	 -0.038166	 -0.193161	 -0.041810	   67.43 
# Sampling sweeps:
# iter 	 sys_energy 	 err 	 zero_orb_cr 	 err 	 hf_orb_cr 	 err 	 ccsd_orb_cr 	 err 	 tot_orb_cr 	 err 	 time
   0   -3.329164     None     0.189216   0.189216   -0.037894   0.001538   -0.193124   0.008641   -0.041802   0.000122  4.47 
   2   -3.329357   0.000077   0.186571   0.186571   -0.038035   0.000677   -0.190347   0.004177   -0.041811   0.000046  45.70 
   4   -3.329387   0.000058   0.189177   0.189177   -0.038219   0.000524   -0.192758   0.003567   -0.041799   0.000035  54.04 
   6   -3.329432   0.000054   0.190352   0.190352   -0.038359   0.000425   -0.193765   0.002778   -0.041772   0.000034  62.70 
   8   -3.329432   0.000045   0.189933   0.189933   -0.038486   0.000358   -0.193212   0.002324   -0.041765   0.000030  71.58 
  10   -3.329438   0.000040   0.193742   0.193742   -0.038988   0.000381   -0.196527   0.002564   -0.041773   0.000028  80.31 
  12   -3.329467   0.000042   0.194897   0.194897   -0.039167   0.000348   -0.197510   0.002307   -0.041779   0.000028  89.07 
  14   -3.329468   0.000040   0.195656   0.195656   -0.039227   0.000337   -0.198209   0.002220   -0.041780   0.000027  98.50 
  16   -3.329462   0.000037   0.197114   0.197114   -0.039363   0.000318   -0.199541   0.002171   -0.041789   0.000025  107.17 
  18   -3.329449   0.000036   0.197668   0.197668   -0.039407   0.000292   -0.200042   0.001982   -0.041781   0.000024  115.54 
# Number of outliers in post: 0 
#
# Mean: -3.32944069e+00
# Block size    # of blocks         Mean                Error
      1              160       -3.32944069e+00       3.445867e-05
      2               80       -3.32944069e+00       3.221589e-05
      5               32       -3.32944069e+00       3.160002e-05
     10               16       -3.32944069e+00       3.043667e-05
     20                8       -3.32944069e+00       3.647250e-05
     50                3       -3.32945375e+00       3.484044e-05
# Stocahstic error estimate: 3.445867e-05
#
#
# Mean: 1.97372995e-01
# Block size    # of blocks         Mean                Error
      1              160       1.97372995e-01       2.118562e-03
      2               80       1.97372995e-01       2.235175e-03
      5               32       1.97372995e-01       1.970912e-03
     10               16       1.97372995e-01       2.139545e-03
     20                8       1.97372995e-01       2.449245e-03
     50                3       1.97433144e-01       5.310856e-03
# Stocahstic error estimate: 2.235175e-03
#
#
# Mean: -3.93419123e-02
# Block size    # of blocks         Mean                Error
      1              160       -3.93419123e-02       2.820674e-04
      2               80       -3.93419123e-02       2.843663e-04
      5               32       -3.93419123e-02       2.741985e-04
     10               16       -3.93419123e-02       3.134263e-04
     20                8       -3.93419123e-02       3.410530e-04
     50                3       -3.94069856e-02       7.001786e-04
# Stocahstic error estimate: 2.843663e-04
#
#
# Mean: -1.99809457e-01
# Block size    # of blocks         Mean                Error
      1              160       -1.99809457e-01       1.873699e-03
      2               80       -1.99809457e-01       1.990268e-03
      5               32       -1.99809457e-01       1.743289e-03
     10               16       -1.99809457e-01       1.865394e-03
     20                8       -1.99809457e-01       2.152521e-03
     50                3       -1.99810339e-01       4.623087e-03
# Stocahstic error estimate: 1.990268e-03
#
#
# Mean: -4.17783736e-02
# Block size    # of blocks         Mean                Error
      1              160       -4.17783736e-02       2.295367e-05
      2               80       -4.17783736e-02       2.187747e-05
      5               32       -4.17783736e-02       2.411532e-05
     10               16       -4.17783736e-02       2.297554e-05
     20                8       -4.17783736e-02       2.781417e-05
     50                3       -4.17841797e-02       3.101306e-05
# Stocahstic error estimate: 2.295367e-05
#
afqmc energy: -3.329441 +/- 0.000034
zero_orb_cr: 0.197373 +/- 0.197373
hf_orb_cr: -0.039342 +/- 0.000284
ccsd_orb_cr: -0.199809 +/- 0.001990
tot_orb_cr: -0.041778 +/- 0.000023
########### running fragment 2 ##########
    impsol:  1 LOs  12/30 MOs  3 occ  9 vir
    CPU time for imp sol - eri          0.02 sec, wall time      0.03 sec
    CPU time for imp sol - mp2 amp      0.02 sec, wall time      0.04 sec
    CPU time for imp sol - mp2 ene      0.00 sec, wall time      0.00 sec
    CPU time for imp sol - cc  amp      0.77 sec, wall time      0.60 sec
    CPU time for imp sol - cc  ene      0.00 sec, wall time      0.00 sec
# lno-ccsd correlation energy is: -0.03991767653748227
# Generating Cholesky Integrals
# frozen orbitals are [12 13 14 15 16 17 18 19 20 21 22 23 24 25 26 27 28 29]
# local active orbitals are [ 0  1  2  3  4  5  6  7  8  9 10 11]
# local active space size 12
# loc_eris shape: (144, 144)
# chol shape: (62, 144)
# Finished calculating Cholesky integrals

# Size of the correlation space:
# Number of electrons: (3, 3)
# Number of basis functions: 12
# Number of Cholesky vectors: 62

# Hostname: yichi-thinkpad
# System Type: Linux
# Machine Type: x86_64
# Processor: x86_64
# Number of MPI ranks: 8
#
# norb: 12
# nelec: (3, 3)
#
# n_eql: 6
# n_prop_steps: 20
# n_ene_blocks: 1
# n_sr_blocks: 10
# n_blocks: 20
# n_walkers: 50
# seed: 2
# walker_type: rhf
# trial: cisd
# dt: 0.01
# n_exp_terms: 6
# orbital_rotation: True
# do_sr: True
# symmetry: False
# save_walkers: False
# ene0: 0.0
# free_projection: False
# n_batch: 1
# maxError: 0.001
# use_gpu: False
#
# Hostname: yichi-thinkpad
# System Type: Linux
# Machine Type: x86_64
# Processor: x86_64
# afqmc propagation with ccsd trial using 400 walkers
# system relaxing and appraching the equilibrium of the Markov Chain
# eql_step 	 sys_energy 	 zero_orb_cr 	 hf_orb_cr 	 ccsd_orb_cr 	 tot_orb_cr 	 wall_time
    0	 	 -3.315316	 0.000000	 0.000000	 -0.039918	 -0.039918	    0.00
    1	 	 -3.315515	 0.130108	 -0.028192	 -0.141757	 -0.039841	   30.63 
    2	 	 -3.316041	 0.188268	 -0.036706	 -0.191561	 -0.039999	   55.71 
    3	 	 -3.316163	 0.194210	 -0.037671	 -0.196585	 -0.040046	   59.85 
    4	 	 -3.316067	 0.187822	 -0.036547	 -0.191112	 -0.039837	   64.49 
    5	 	 -3.315982	 0.176346	 -0.034913	 -0.181270	 -0.039837	   73.53 
    6	 	 -3.316185	 0.186027	 -0.036721	 -0.189316	 -0.040011	   83.98 
# Sampling sweeps:
# iter 	 sys_energy 	 err 	 zero_orb_cr 	 err 	 hf_orb_cr 	 err 	 ccsd_orb_cr 	 err 	 tot_orb_cr 	 err 	 time
   0   -3.316126   0.000131   0.192057     None     -0.036995     None     -0.194955     None     -0.039893     None    5.55 
   2   -3.316159   0.000062   0.197536   0.197536   -0.037754   0.000692   -0.199697   0.004746   -0.039915   0.000058  90.54 
   4   -3.316132   0.000045   0.195130   0.195130   -0.037578   0.000505   -0.197452   0.003351   -0.039899   0.000044  97.63 
   6   -3.316150   0.000038   0.196487   0.196487   -0.037720   0.000482   -0.198673   0.003019   -0.039906   0.000035  104.86 
   8   -3.316141   0.000036   0.198046   0.198046   -0.037947   0.000440   -0.200003   0.002796   -0.039903   0.000033  112.55 
  10   -3.316115   0.000033   0.195491   0.195491   -0.037521   0.000430   -0.197856   0.002554   -0.039886   0.000033  119.48 
  12   -3.316149   0.000033   0.196231   0.196231   -0.037710   0.000382   -0.198435   0.002205   -0.039914   0.000031  126.47 
  14   -3.316130   0.000030   0.195504   0.195504   -0.037587   0.000339   -0.197831   0.002031   -0.039914   0.000029  133.22 
  16   -3.316133   0.000027   0.194961   0.194961   -0.037494   0.000312   -0.197380   0.001908   -0.039913   0.000026  140.87 
  18   -3.316127   0.000026   0.195946   0.195946   -0.037661   0.000301   -0.198194   0.001825   -0.039909   0.000024  148.34 
# Number of outliers in post: 0 
#
# Mean: -3.31612094e+00
# Block size    # of blocks         Mean                Error
      1              160       -3.31612094e+00       2.442008e-05
      2               80       -3.31612094e+00       2.457191e-05
      5               32       -3.31612094e+00       2.664819e-05
     10               16       -3.31612094e+00       2.195124e-05
     20                8       -3.31612094e+00       1.486975e-05
     50                3       -3.31612735e+00       9.115341e-06
# Stocahstic error estimate: 2.457191e-05
#
#
# Mean: 1.96148933e-01
# Block size    # of blocks         Mean                Error
      1              160       1.96148933e-01       2.024697e-03
      2               80       1.96148933e-01       2.000313e-03
      5               32       1.96148933e-01       1.993419e-03
     10               16       1.96148933e-01       1.539396e-03
     20                8       1.96148933e-01       1.544767e-03
     50                3       1.95962012e-01       7.361018e-04
# Stocahstic error estimate: 2.024697e-03
#
#
# Mean: -3.77192277e-02
# Block size    # of blocks         Mean                Error
      1              160       -3.77192277e-02       2.852661e-04
      2               80       -3.77192277e-02       2.946472e-04
      5               32       -3.77192277e-02       2.612423e-04
     10               16       -3.77192277e-02       2.354145e-04
     20                8       -3.77192277e-02       2.531909e-04
     50                3       -3.76588387e-02       8.835128e-05
# Stocahstic error estimate: 2.946472e-04
#
#
# Mean: -1.98339088e-01
# Block size    # of blocks         Mean                Error
      1              160       -1.98339088e-01       1.766826e-03
      2               80       -1.98339088e-01       1.733809e-03
      5               32       -1.98339088e-01       1.757640e-03
     10               16       -1.98339088e-01       1.324154e-03
     20                8       -1.98339088e-01       1.300470e-03
     50                3       -1.98213938e-01       6.479987e-04
# Stocahstic error estimate: 1.766826e-03
#
#
# Mean: -3.99093835e-02
# Block size    # of blocks         Mean                Error
      1              160       -3.99093835e-02       2.169019e-05
      2               80       -3.99093835e-02       2.287706e-05
      5               32       -3.99093835e-02       1.890660e-05
     10               16       -3.99093835e-02       1.645729e-05
     20                8       -3.99093835e-02       1.559968e-05
     50                3       -3.99107660e-02       4.766923e-06
# Stocahstic error estimate: 2.287706e-05
#
afqmc energy: -3.316121 +/- 0.000025
zero_orb_cr: 0.196149 +/- 0.196149
hf_orb_cr: -0.037719 +/- 0.000295
ccsd_orb_cr: -0.198339 +/- 0.001767
tot_orb_cr: -0.039909 +/- 0.000023
########### running fragment 3 ##########
    impsol:  1 LOs  12/30 MOs  3 occ  9 vir
    CPU time for imp sol - eri          0.03 sec, wall time      0.03 sec
    CPU time for imp sol - mp2 amp      0.00 sec, wall time      0.01 sec
    CPU time for imp sol - mp2 ene      0.00 sec, wall time      0.00 sec
    CPU time for imp sol - cc  amp      0.88 sec, wall time      0.54 sec
    CPU time for imp sol - cc  ene      0.00 sec, wall time      0.00 sec
# lno-ccsd correlation energy is: -0.03991767363214858
# Generating Cholesky Integrals
# frozen orbitals are [12 13 14 15 16 17 18 19 20 21 22 23 24 25 26 27 28 29]
# local active orbitals are [ 0  1  2  3  4  5  6  7  8  9 10 11]
# local active space size 12
# loc_eris shape: (144, 144)
# chol shape: (62, 144)
# Finished calculating Cholesky integrals

# Size of the correlation space:
# Number of electrons: (3, 3)
# Number of basis functions: 12
# Number of Cholesky vectors: 62

# Hostname: yichi-thinkpad
# System Type: Linux
# Machine Type: x86_64
# Processor: x86_64
# Number of MPI ranks: 8
#
# norb: 12
# nelec: (3, 3)
#
# n_eql: 6
# n_prop_steps: 20
# n_ene_blocks: 1
# n_sr_blocks: 10
# n_blocks: 20
# n_walkers: 50
# seed: 2
# walker_type: rhf
# trial: cisd
# dt: 0.01
# n_exp_terms: 6
# orbital_rotation: True
# do_sr: True
# symmetry: False
# save_walkers: False
# ene0: 0.0
# free_projection: False
# n_batch: 1
# maxError: 0.001
# use_gpu: False
#
# Hostname: yichi-thinkpad
# System Type: Linux
# Machine Type: x86_64
# Processor: x86_64
# afqmc propagation with ccsd trial using 400 walkers
# system relaxing and appraching the equilibrium of the Markov Chain
# eql_step 	 sys_energy 	 zero_orb_cr 	 hf_orb_cr 	 ccsd_orb_cr 	 tot_orb_cr 	 wall_time
    0	 	 -3.315316	 0.000000	 0.000000	 -0.039918	 -0.039918	    0.00
    1	 	 -3.315497	 0.130478	 -0.028322	 -0.141972	 -0.039816	   28.14 
    2	 	 -3.315778	 0.176379	 -0.034952	 -0.181281	 -0.039855	   47.65 
    3	 	 -3.315947	 0.194442	 -0.037826	 -0.196592	 -0.039976	   50.78 
    4	 	 -3.316062	 0.196234	 -0.037524	 -0.198551	 -0.039841	   53.79 
    5	 	 -3.316089	 0.178882	 -0.035751	 -0.182897	 -0.039765	   57.14 
    6	 	 -3.316096	 0.197478	 -0.038028	 -0.199385	 -0.039935	   60.97 
# Sampling sweeps:
# iter 	 sys_energy 	 err 	 zero_orb_cr 	 err 	 hf_orb_cr 	 err 	 ccsd_orb_cr 	 err 	 tot_orb_cr 	 err 	 time
   0   -3.316234   0.000139   0.198760   0.198760   -0.037997   0.001129   -0.200675   0.009197   -0.039912     None    3.58 
   2   -3.316198   0.000065   0.199011   0.199011   -0.037831   0.000724   -0.201050   0.005088   -0.039870   0.000065  40.92 
   4   -3.316159   0.000050   0.196101   0.196101   -0.037750   0.000489   -0.198235   0.003389   -0.039883   0.000043  46.84 
   6   -3.316186   0.000039   0.197409   0.197409   -0.037948   0.000397   -0.199367   0.002732   -0.039906   0.000033  54.06 
   8   -3.316145   0.000035   0.196371   0.196371   -0.037751   0.000372   -0.198528   0.002618   -0.039908   0.000028  61.47 
  10   -3.316106   0.000034   0.192479   0.192479   -0.037252   0.000371   -0.195121   0.002564   -0.039893   0.000028  68.06 
  12   -3.316098   0.000029   0.194098   0.194098   -0.037540   0.000362   -0.196468   0.002354   -0.039909   0.000027  75.33 
  14   -3.316101   0.000027   0.193004   0.193004   -0.037481   0.000325   -0.195442   0.002111   -0.039919   0.000024  82.64 
  16   -3.316103   0.000025   0.193711   0.193711   -0.037554   0.000301   -0.196077   0.001974   -0.039920   0.000023  89.36 
  18   -3.316114   0.000024   0.195089   0.195089   -0.037776   0.000318   -0.197236   0.002011   -0.039924   0.000023  96.42 
# Number of outliers in post: 0 
#
# Mean: -3.31611434e+00
# Block size    # of blocks         Mean                Error
      1              160       -3.31611434e+00       2.308069e-05
      2               80       -3.31611434e+00       2.260322e-05
      5               32       -3.31611434e+00       2.091533e-05
     10               16       -3.31611434e+00       2.367274e-05
     20                8       -3.31611434e+00       3.035486e-05
     50                3       -3.31611579e+00       6.107903e-05
# Stocahstic error estimate: 2.308069e-05
#
#
# Mean: 1.95266393e-01
# Block size    # of blocks         Mean                Error
      1              160       1.95266393e-01       2.110781e-03
      2               80       1.95266393e-01       2.223053e-03
      5               32       1.95266393e-01       2.022310e-03
     10               16       1.95266393e-01       2.097143e-03
     20                8       1.95266393e-01       2.126442e-03
     50                3       1.95174563e-01       2.819549e-03
# Stocahstic error estimate: 2.223053e-03
#
#
# Mean: -3.78033838e-02
# Block size    # of blocks         Mean                Error
      1              160       -3.78033838e-02       2.924524e-04
      2               80       -3.78033838e-02       3.060497e-04
      5               32       -3.78033838e-02       2.741063e-04
     10               16       -3.78033838e-02       2.978464e-04
     20                8       -3.78033838e-02       3.093742e-04
     50                3       -3.78077071e-02       5.554945e-04
# Stocahstic error estimate: 3.060497e-04
#
#
# Mean: -1.97389472e-01
# Block size    # of blocks         Mean                Error
      1              160       -1.97389472e-01       1.844050e-03
      2               80       -1.97389472e-01       1.946029e-03
      5               32       -1.97389472e-01       1.776596e-03
     10               16       -1.97389472e-01       1.831087e-03
     20                8       -1.97389472e-01       1.848289e-03
     50                3       -1.97292014e-01       2.296388e-03
# Stocahstic error estimate: 1.946029e-03
#
#
# Mean: -3.99264629e-02
# Block size    # of blocks         Mean                Error
      1              160       -3.99264629e-02       2.032650e-05
      2               80       -3.99264629e-02       2.246300e-05
      5               32       -3.99264629e-02       1.887739e-05
     10               16       -3.99264629e-02       2.099538e-05
     20                8       -3.99264629e-02       1.970994e-05
     50                3       -3.99251576e-02       3.310811e-05
# Stocahstic error estimate: 2.246300e-05
#
afqmc energy: -3.316114 +/- 0.000023
zero_orb_cr: 0.195266 +/- 0.195266
hf_orb_cr: -0.037803 +/- 0.000306
ccsd_orb_cr: -0.197389 +/- 0.001946
tot_orb_cr: -0.039926 +/- 0.000022
