# Hostname: yichi-thinkpad
# System Type: Linux
# Machine Type: x86_64
# Processor: x86_64
#INFO: **** input file is /home/yichi/research/software/cs_afqmc/ad_afqmc/lnocc/hchain/test/test.py ****
import sys, os
import numpy as np
from functools import reduce
from pyscf.lib import logger
from ad_afqmc.lno.cc import LNOCCSD
from ad_afqmc import lno_ccsd
from pyscf import gto, scf, mp, cc
from ad_afqmc.lno.base import lno
from ad_afqmc.lno.afqmc import LNOAFQMC

log = logger.Logger(sys.stdout, 6)

a = 0.9
nH = 6
atoms = ""
for i in range(nH):
    atoms += f"H {i*a} 0 0 \n"

mol = gto.M(atom=atoms, basis="ccpvdz", verbose=4)
mf = scf.RHF(mol).density_fit()
mf.kernel()

# frozen = 0
# mmp = mp.MP2(mf,frozen=frozen)
# mmp.kernel()[0]

# # cc
# mycc = cc.CCSD(mf)
# mycc.kernel()
# et = mycc.ccsd_t()

# fci
#cisolver = fci.FCI(mf)
#fci_ene, fci_vec = cisolver.kernel()

# print(f'rhf energy is {mf.e_tot}')
# print(f"ccsd energy is {mycc.e_tot}")
# print(f"ccsd_t energy is {mycc.e_tot+et}")
# print(f"ccsd correlation energy is {mycc.e_corr}")

options = {'n_eql': 6,
           'n_prop_steps': 20,
            'n_ene_blocks': 1,
            'n_sr_blocks': 10,
            'n_blocks': 20,
            'n_walkers': 50,
            'seed': 2,
            'walker_type': 'rhf',
            'trial': 'cisd',
            'dt':0.01,
            'ad_mode':None,
            }


thresh = 1.00e-07
lno_ccsd.run_lno_ccsd_afqmc(mf,thresh,[],options,1e-6,8)#INFO: ******************** input file end ********************


System: uname_result(system='Linux', node='yichi-thinkpad', release='4.4.0-26100-Microsoft', version='#1882-Microsoft Fri Jan 01 08:00:00 PST 2016', machine='x86_64')  Threads 12
Python 3.10.16 | packaged by conda-forge | (main, Dec  5 2024, 14:16:10) [GCC 13.3.0]
numpy 1.24.3  scipy 1.14.1  h5py 3.12.1
Date: Tue Jun 17 12:46:08 2025
PySCF version 2.8.0
PySCF path  /home/yichi/research/software/lno_pyscf
GIT HEAD (branch master) ef75f4190e4de208685670651dc6c467f72b6794

[ENV] PYSCF_EXT_PATH /home/yichi/research/software/pyscf
[CONFIG] conf_file None
[INPUT] verbose = 4
[INPUT] num. atoms = 6
[INPUT] num. electrons = 6
[INPUT] charge = 0
[INPUT] spin (= nelec alpha-beta = 2S) = 0
[INPUT] symmetry False subgroup None
[INPUT] Mole.unit = angstrom
[INPUT] Symbol           X                Y                Z      unit          X                Y                Z       unit  Magmom
[INPUT]  1 H      0.000000000000   0.000000000000   0.000000000000 AA    0.000000000000   0.000000000000   0.000000000000 Bohr   0.0
[INPUT]  2 H      0.900000000000   0.000000000000   0.000000000000 AA    1.700753512109   0.000000000000   0.000000000000 Bohr   0.0
[INPUT]  3 H      1.800000000000   0.000000000000   0.000000000000 AA    3.401507024217   0.000000000000   0.000000000000 Bohr   0.0
[INPUT]  4 H      2.700000000000   0.000000000000   0.000000000000 AA    5.102260536326   0.000000000000   0.000000000000 Bohr   0.0
[INPUT]  5 H      3.600000000000   0.000000000000   0.000000000000 AA    6.803014048434   0.000000000000   0.000000000000 Bohr   0.0
[INPUT]  6 H      4.500000000000   0.000000000000   0.000000000000 AA    8.503767560543   0.000000000000   0.000000000000 Bohr   0.0

nuclear repulsion = 5.11537970556
number of shells = 18
number of NR pGTOs = 42
number of NR cGTOs = 30
basis = ccpvdz
ecp = {}
CPU time:         2.61


******** <class 'pyscf.df.df_jk.DFRHF'> ********
method = DFRHF
initial guess = minao
damping factor = 0
level_shift factor = 0
DIIS = <class 'pyscf.scf.diis.CDIIS'>
diis_start_cycle = 1
diis_space = 8
diis_damp = 0
SCF conv_tol = 1e-09
SCF conv_tol_grad = None
SCF max_cycles = 50
direct_scf = False
chkfile to save SCF result = /tmp/tmp3whs1npo
max_memory 4000 MB (current use 145 MB)
Set gradient conv threshold to 3.16228e-05
Initial guess from minao.
******** <class 'pyscf.df.df.DF'> ********
auxbasis = None
max_memory = 4000
Default auxbasis cc-pvdz-jkfit is used for H ccpvdz
init E= -2.67700584552365
  HOMO = -0.262674844680973  LUMO = 0.0388295651460734
cycle= 1 E= -3.23301970436704  delta_E= -0.556  |g|= 0.126  |ddm|= 1.36
  HOMO = -0.389482660690848  LUMO = 0.0819106069595299
cycle= 2 E= -3.24210600516978  delta_E= -0.00909  |g|= 0.0338  |ddm|= 0.435
  HOMO = -0.381871045027769  LUMO = 0.100126545036023
cycle= 3 E= -3.24297627084339  delta_E= -0.00087  |g|= 0.0087  |ddm|= 0.195
  HOMO = -0.384945731936203  LUMO = 0.10167874761844
cycle= 4 E= -3.2430400898962  delta_E= -6.38e-05  |g|= 0.00138  |ddm|= 0.0652
  HOMO = -0.385272011089036  LUMO = 0.101890915486511
cycle= 5 E= -3.24304154650485  delta_E= -1.46e-06  |g|= 8.99e-05  |ddm|= 0.00832
  HOMO = -0.38528190419185  LUMO = 0.101916839372167
cycle= 6 E= -3.24304155130022  delta_E= -4.8e-09  |g|= 6.27e-06  |ddm|= 0.000271
  HOMO = -0.385278502411301  LUMO = 0.101917817626689
cycle= 7 E= -3.24304155132317  delta_E= -2.29e-11  |g|= 6.67e-07  |ddm|= 2.43e-05
  HOMO = -0.385278522425686  LUMO = 0.101918056101896
Extra cycle  E= -3.24304155132341  delta_E= -2.43e-13  |g|= 1.63e-07  |ddm|= 5.55e-06
converged SCF energy = -3.24304155132341
no_type = ie
lo_type = pm
LOs span exactly the occupied space.
Using single-LO fragment
nfrag = 3  nlo = 3
frag_atmlist = None
frag_lolist = [[0], [1], [2]]
frag_nonvlist = None
Lov is saved to /tmp/6d1ckhn5
########### running fragment 1 ##########
    impsol:  1 LOs  30/30 MOs  3 occ  27 vir
    CPU time for imp sol - eri          0.08 sec, wall time      0.11 sec
    CPU time for imp sol - mp2 amp      0.00 sec, wall time      0.00 sec
    CPU time for imp sol - mp2 ene      0.00 sec, wall time      0.00 sec
    CPU time for imp sol - cc  amp      1.14 sec, wall time      0.86 sec
    CPU time for imp sol - cc  ene      0.00 sec, wall time      0.00 sec
# lno-ccsd correlation energy is: -0.04506901262567156
# Generating Cholesky Integrals
# frozen orbitals are 0
# local active orbitals are [ 0  1  2  3  4  5  6  7  8  9 10 11 12 13 14 15 16 17 18 19 20 21 22 23
 24 25 26 27 28 29]
# local active space size 30
# loc_eris shape: (900, 900)
# chol shape: (170, 900)
# Finished calculating Cholesky integrals

# Size of the correlation space:
# Number of electrons: (3, 3)
# Number of basis functions: 30
# Number of Cholesky vectors: 170

# Hostname: yichi-thinkpad
# System Type: Linux
# Machine Type: x86_64
# Processor: x86_64
# Number of MPI ranks: 8
#
# norb: 30
# nelec: (3, 3)
#
# n_eql: 6
# n_prop_steps: 20
# n_ene_blocks: 1
# n_sr_blocks: 10
# n_blocks: 20
# n_walkers: 50
# seed: 2
# walker_type: rhf
# trial: cisd
# dt: 0.01
# n_exp_terms: 6
# orbital_rotation: True
# do_sr: True
# symmetry: False
# save_walkers: False
# ene0: 0.0
# free_projection: False
# n_batch: 1
# maxError: 0.001
# use_gpu: False
#
# Hostname: yichi-thinkpad
# System Type: Linux
# Machine Type: x86_64
# Processor: x86_64
# afqmc propagation with ccsd trial using 400 walkers
# system relaxing and appraching the equilibrium of the Markov Chain
# eql_step 	 sys_energy 	 zero_orb_cr 	 hf_orb_cr 	 ccsd_orb_cr 	 tot_orb_cr 	 wall_time
    0	 	 -3.372354	 0.000000	 0.000000	 -0.045072	 -0.045072	    0.00
    1	 	 -3.373189	 0.161166	 -0.035698	 -0.170769	 -0.045302	   58.99 
    2	 	 -3.374432	 0.207486	 -0.042435	 -0.210737	 -0.045686	   108.75 
    3	 	 -3.374726	 0.218152	 -0.043298	 -0.220723	 -0.045869	   145.13 
    4	 	 -3.374442	 0.208155	 -0.041468	 -0.212347	 -0.045660	   180.26 
    5	 	 -3.374116	 0.206529	 -0.041339	 -0.210832	 -0.045642	   221.35 
    6	 	 -3.374604	 0.234633	 -0.045080	 -0.235499	 -0.045946	   264.51 
# Sampling sweeps:
# iter 	 sys_energy 	 err 	 zero_orb_cr 	 err 	 hf_orb_cr 	 err 	 ccsd_orb_cr 	 err 	 tot_orb_cr 	 err 	 time
   0   -3.374799     None     0.223414     None     -0.043217   0.001360   -0.226018     None     -0.045822     None    42.72 
   2   -3.374427   0.000154   0.209677     None     -0.041233     None     -0.214182     None     -0.045738   0.000092  165.02 
   4   -3.374620   0.000156   0.209719   0.209719   -0.041666   0.000757   -0.213916   0.004534   -0.045863   0.000093  249.62 
   6   -3.374710   0.000119   0.210410   0.210410   -0.041695   0.000568   -0.214676   0.003493   -0.045962     None    363.28 
   8   -3.374738   0.000099   0.211299   0.211299   -0.041846   0.000448   -0.215450   0.003119   -0.045997   0.000068  445.52 
  10   -3.374664   0.000087   0.208541   0.208541   -0.041447   0.000420   -0.213072   0.002799   -0.045978   0.000057  512.78 
  12   -3.374679   0.000079   0.209088   0.209088   -0.041655   0.000380   -0.213393   0.002519   -0.045960   0.000052  580.92 
  14   -3.374693   0.000073   0.208534   0.208534   -0.041539   0.000343   -0.212949   0.002292   -0.045955   0.000047  655.08 
  16   -3.374665   0.000068   0.207555   0.207555   -0.041417   0.000312   -0.212070   0.002098   -0.045931   0.000043  740.27 
  18   -3.374652   0.000065   0.207059   0.207059   -0.041340   0.000293   -0.211629   0.002001   -0.045910   0.000041  825.02 
# Number of outliers in post: 0 
#
# Mean: -3.37465647e+00
# Block size    # of blocks         Mean                Error
      1              160       -3.37465647e+00       6.316961e-05
      2               80       -3.37465647e+00       6.127599e-05
      5               32       -3.37465647e+00       5.726152e-05
     10               16       -3.37465647e+00       5.466914e-05
     20                8       -3.37465647e+00       5.653279e-05
     50                3       -3.37465611e+00       2.722035e-05
# Stocahstic error estimate: 6.316961e-05
#
#
# Mean: 2.06907731e-01
# Block size    # of blocks         Mean                Error
      1              160       2.06907731e-01       2.165312e-03
      2               80       2.06907731e-01       2.111249e-03
      5               32       2.06907731e-01       2.378530e-03
     10               16       2.06907731e-01       2.224651e-03
     20                8       2.06907731e-01       1.757165e-03
     50                3       2.06898612e-01       2.734362e-03
# Stocahstic error estimate: 2.165312e-03
#
#
# Mean: -4.12993733e-02
# Block size    # of blocks         Mean                Error
      1              160       -4.12993733e-02       2.772530e-04
      2               80       -4.12993733e-02       2.828536e-04
      5               32       -4.12993733e-02       2.952577e-04
     10               16       -4.12993733e-02       2.996650e-04
     20                8       -4.12993733e-02       2.028692e-04
     50                3       -4.13547189e-02       2.776381e-04
# Stocahstic error estimate: 2.828536e-04
#
#
# Mean: -2.11520324e-01
# Block size    # of blocks         Mean                Error
      1              160       -2.11520324e-01       1.939774e-03
      2               80       -2.11520324e-01       1.874275e-03
      5               32       -2.11520324e-01       2.122408e-03
     10               16       -2.11520324e-01       1.949650e-03
     20                8       -2.11520324e-01       1.597061e-03
     50                3       -2.11464249e-01       2.504408e-03
# Stocahstic error estimate: 1.939774e-03
#
#
# Mean: -4.59119676e-02
# Block size    # of blocks         Mean                Error
      1              160       -4.59119676e-02       3.872957e-05
      2               80       -4.59119676e-02       3.941094e-05
      5               32       -4.59119676e-02       3.809581e-05
     10               16       -4.59119676e-02       4.161778e-05
     20                8       -4.59119676e-02       6.008630e-05
     50                3       -4.59203574e-02       5.091066e-05
# Stocahstic error estimate: 3.941094e-05
#
afqmc energy: -3.374656 +/- 0.000063
zero_orb_cr: 0.206908 +/- 0.206908
hf_orb_cr: -0.041299 +/- 0.000283
ccsd_orb_cr: -0.211520 +/- 0.001940
tot_orb_cr: -0.045912 +/- 0.000039
########### running fragment 2 ##########
    impsol:  1 LOs  30/30 MOs  3 occ  27 vir
    CPU time for imp sol - eri          0.03 sec, wall time      0.03 sec
    CPU time for imp sol - mp2 amp      0.00 sec, wall time      0.01 sec
    CPU time for imp sol - mp2 ene      0.02 sec, wall time      0.00 sec
    CPU time for imp sol - cc  amp      2.47 sec, wall time      1.77 sec
    CPU time for imp sol - cc  ene      0.00 sec, wall time      0.00 sec
# lno-ccsd correlation energy is: -0.0421322412313281
# Generating Cholesky Integrals
# frozen orbitals are 0
# local active orbitals are [ 0  1  2  3  4  5  6  7  8  9 10 11 12 13 14 15 16 17 18 19 20 21 22 23
 24 25 26 27 28 29]
# local active space size 30
# loc_eris shape: (900, 900)
# chol shape: (176, 900)
# Finished calculating Cholesky integrals

# Size of the correlation space:
# Number of electrons: (3, 3)
# Number of basis functions: 30
# Number of Cholesky vectors: 176

# Hostname: yichi-thinkpad
# System Type: Linux
# Machine Type: x86_64
# Processor: x86_64
# Number of MPI ranks: 8
#
# norb: 30
# nelec: (3, 3)
#
# n_eql: 6
# n_prop_steps: 20
# n_ene_blocks: 1
# n_sr_blocks: 10
# n_blocks: 20
# n_walkers: 50
# seed: 2
# walker_type: rhf
# trial: cisd
# dt: 0.01
# n_exp_terms: 6
# orbital_rotation: True
# do_sr: True
# symmetry: False
# save_walkers: False
# ene0: 0.0
# free_projection: False
# n_batch: 1
# maxError: 0.001
# use_gpu: False
#
# Hostname: yichi-thinkpad
# System Type: Linux
# Machine Type: x86_64
# Processor: x86_64
# afqmc propagation with ccsd trial using 400 walkers
# system relaxing and appraching the equilibrium of the Markov Chain
# eql_step 	 sys_energy 	 zero_orb_cr 	 hf_orb_cr 	 ccsd_orb_cr 	 tot_orb_cr 	 wall_time
    0	 	 -3.372364	 0.000000	 0.000000	 -0.042130	 -0.042130	    0.00
    1	 	 -3.373022	 0.135925	 -0.030545	 -0.147732	 -0.042352	   74.87 
    2	 	 -3.374514	 0.203062	 -0.040026	 -0.205879	 -0.042842	   137.08 
    3	 	 -3.375301	 0.214787	 -0.039620	 -0.218055	 -0.042888	   173.34 
    4	 	 -3.375343	 0.219599	 -0.040439	 -0.222336	 -0.043176	   210.06 
    5	 	 -3.374609	 0.203195	 -0.038320	 -0.207686	 -0.042811	   245.76 
    6	 	 -3.374487	 0.202260	 -0.038760	 -0.206347	 -0.042848	   282.01 
# Sampling sweeps:
# iter 	 sys_energy 	 err 	 zero_orb_cr 	 err 	 hf_orb_cr 	 err 	 ccsd_orb_cr 	 err 	 tot_orb_cr 	 err 	 time
   0   -3.374200     None     0.205564   0.205564   -0.038515   0.000803   -0.209828   0.004267   -0.042779     None    36.32 
   2   -3.374342   0.000102   0.199047   0.199047   -0.037886   0.000400   -0.203926   0.003197   -0.042765   0.000065  132.39 
   4   -3.374432   0.000099   0.200450   0.200450   -0.038458   0.000542   -0.204874   0.003635   -0.042883     None    201.90 
   6   -3.374528   0.000095   0.201768   0.201768   -0.038373   0.000462   -0.206338   0.003085   -0.042943   0.000060  272.73 
   8   -3.374502   0.000083   0.201941   0.201941   -0.038427   0.000396   -0.206471   0.002715   -0.042957   0.000062  342.46 
  10   -3.374540   0.000077   0.204941   0.204941   -0.038624   0.000408   -0.209253   0.002984   -0.042937   0.000064  412.47 
  12   -3.374563   0.000070   0.207589   0.207589   -0.038992   0.000380   -0.211560   0.002759   -0.042964   0.000058  483.83 
  14   -3.374622   0.000075   0.208059   0.208059   -0.039110   0.000350   -0.211932   0.002521   -0.042983   0.000058  552.94 
  16   -3.374626   0.000068   0.208624   0.208624   -0.039228   0.000328   -0.212376   0.002314   -0.042981   0.000053  623.80 
  18   -3.374635   0.000062   0.209124   0.209124   -0.039332   0.000309   -0.212768   0.002147   -0.042976   0.000049  695.50 
# Number of outliers in post: 0 
#
# Mean: -3.37463254e+00
# Block size    # of blocks         Mean                Error
      1              160       -3.37463254e+00       5.782160e-05
      2               80       -3.37463254e+00       5.959931e-05
      5               32       -3.37463254e+00       5.486650e-05
     10               16       -3.37463254e+00       6.221985e-05
     20                8       -3.37463254e+00       7.930664e-05
     50                3       -3.37462830e+00       1.119303e-04
# Stocahstic error estimate: 5.959931e-05
#
#
# Mean: 2.08138976e-01
# Block size    # of blocks         Mean                Error
      1              160       2.08138976e-01       2.341801e-03
      2               80       2.08138976e-01       2.335897e-03
      5               32       2.08138976e-01       2.234761e-03
     10               16       2.08138976e-01       2.448050e-03
     20                8       2.08138976e-01       2.577713e-03
     50                3       2.09338922e-01       5.559802e-03
# Stocahstic error estimate: 2.341801e-03
#
#
# Mean: -3.92013928e-02
# Block size    # of blocks         Mean                Error
      1              160       -3.92013928e-02       2.989796e-04
      2               80       -3.92013928e-02       3.018992e-04
      5               32       -3.92013928e-02       3.181122e-04
     10               16       -3.92013928e-02       3.413279e-04
     20                8       -3.92013928e-02       3.277618e-04
     50                3       -3.93729140e-02       7.193247e-04
# Stocahstic error estimate: 3.018992e-04
#
#
# Mean: -2.11897137e-01
# Block size    # of blocks         Mean                Error
      1              160       -2.11897137e-01       2.090284e-03
      2               80       -2.11897137e-01       2.085703e-03
      5               32       -2.11897137e-01       1.971465e-03
     10               16       -2.11897137e-01       2.161665e-03
     20                8       -2.11897137e-01       2.311847e-03
     50                3       -2.12947370e-01       4.929628e-03
# Stocahstic error estimate: 2.090284e-03
#
#
# Mean: -4.29595549e-02
# Block size    # of blocks         Mean                Error
      1              160       -4.29595549e-02       4.285045e-05
      2               80       -4.29595549e-02       4.743432e-05
      5               32       -4.29595549e-02       4.365248e-05
     10               16       -4.29595549e-02       4.732912e-05
     20                8       -4.29595549e-02       5.567145e-05
     50                3       -4.29813622e-02       4.471924e-05
# Stocahstic error estimate: 4.743432e-05
#
afqmc energy: -3.374633 +/- 0.000060
zero_orb_cr: 0.208139 +/- 0.208139
hf_orb_cr: -0.039201 +/- 0.000302
ccsd_orb_cr: -0.211897 +/- 0.002090
tot_orb_cr: -0.042960 +/- 0.000047
########### running fragment 3 ##########
    impsol:  1 LOs  30/30 MOs  3 occ  27 vir
    CPU time for imp sol - eri          0.05 sec, wall time      0.04 sec
    CPU time for imp sol - mp2 amp      0.00 sec, wall time      0.02 sec
    CPU time for imp sol - mp2 ene      0.00 sec, wall time      0.00 sec
    CPU time for imp sol - cc  amp      1.64 sec, wall time      1.06 sec
    CPU time for imp sol - cc  ene      0.00 sec, wall time      0.00 sec
# lno-ccsd correlation energy is: -0.042132237183989674
# Generating Cholesky Integrals
# frozen orbitals are 0
# local active orbitals are [ 0  1  2  3  4  5  6  7  8  9 10 11 12 13 14 15 16 17 18 19 20 21 22 23
 24 25 26 27 28 29]
# local active space size 30
# loc_eris shape: (900, 900)
# chol shape: (175, 900)
# Finished calculating Cholesky integrals

# Size of the correlation space:
# Number of electrons: (3, 3)
# Number of basis functions: 30
# Number of Cholesky vectors: 175

# Hostname: yichi-thinkpad
# System Type: Linux
# Machine Type: x86_64
# Processor: x86_64
# Number of MPI ranks: 8
#
# norb: 30
# nelec: (3, 3)
#
# n_eql: 6
# n_prop_steps: 20
# n_ene_blocks: 1
# n_sr_blocks: 10
# n_blocks: 20
# n_walkers: 50
# seed: 2
# walker_type: rhf
# trial: cisd
# dt: 0.01
# n_exp_terms: 6
# orbital_rotation: True
# do_sr: True
# symmetry: False
# save_walkers: False
# ene0: 0.0
# free_projection: False
# n_batch: 1
# maxError: 0.001
# use_gpu: False
#
# Hostname: yichi-thinkpad
# System Type: Linux
# Machine Type: x86_64
# Processor: x86_64
# afqmc propagation with ccsd trial using 400 walkers
# system relaxing and appraching the equilibrium of the Markov Chain
# eql_step 	 sys_energy 	 zero_orb_cr 	 hf_orb_cr 	 ccsd_orb_cr 	 tot_orb_cr 	 wall_time
    0	 	 -3.372365	 0.000000	 0.000000	 -0.042130	 -0.042130	    0.00
    1	 	 -3.373235	 0.138647	 -0.030924	 -0.150101	 -0.042378	   58.00 
    2	 	 -3.374679	 0.198089	 -0.039074	 -0.201712	 -0.042697	   108.02 
    3	 	 -3.374490	 0.198691	 -0.039318	 -0.202361	 -0.042988	   146.38 
    4	 	 -3.374998	 0.205016	 -0.039372	 -0.208378	 -0.042734	   182.97 
    5	 	 -3.374425	 0.203736	 -0.038678	 -0.207716	 -0.042659	   219.06 
    6	 	 -3.374448	 0.194823	 -0.037810	 -0.199659	 -0.042646	   255.01 
# Sampling sweeps:
# iter 	 sys_energy 	 err 	 zero_orb_cr 	 err 	 hf_orb_cr 	 err 	 ccsd_orb_cr 	 err 	 tot_orb_cr 	 err 	 time
   0   -3.374875   0.000560   0.198512   0.198512   -0.038699   0.001408   -0.202458   0.008506   -0.042645   0.000260  36.68 
   2   -3.374594   0.000200   0.192848   0.192848   -0.038080   0.000606   -0.197422   0.003955   -0.042655   0.000113  132.34 
   4   -3.374510   0.000150   0.197534   0.197534   -0.038482   0.000501   -0.201788   0.003535   -0.042735   0.000075  202.84 
   6   -3.374674   0.000120   0.199813   0.199813   -0.038507   0.000442   -0.203999   0.003151   -0.042694   0.000067  280.58 
   8   -3.374674   0.000099   0.200770   0.200770   -0.038538   0.000371   -0.204967   0.002614   -0.042735   0.000056  367.16 
  10   -3.374674   0.000093   0.201795   0.201795   -0.038656   0.000351   -0.205913   0.002463   -0.042774   0.000054  442.49 
  12   -3.374639   0.000082   0.202809   0.202809   -0.038882   0.000329   -0.206708   0.002282   -0.042781   0.000049  511.46 
  14   -3.374692   0.000078   0.204038   0.204038   -0.039107   0.000325   -0.207736   0.002196   -0.042805   0.000047  581.68 
  16   -3.374664   0.000071   0.204709   0.204709   -0.039242   0.000304   -0.208300   0.002058   -0.042833   0.000044  651.06 
  18   -3.374633   0.000066   0.204927   0.204927   -0.039297   0.000286   -0.208424   0.001906   -0.042794   0.000042  720.52 
# Number of outliers in post: 0 
#
# Mean: -3.37461296e+00
# Block size    # of blocks         Mean                Error
      1              160       -3.37461296e+00       6.380025e-05
      2               80       -3.37461296e+00       5.982705e-05
      5               32       -3.37461296e+00       6.582277e-05
     10               16       -3.37461296e+00       7.805786e-05
     20                8       -3.37461296e+00       9.821713e-05
     50                3       -3.37464363e+00       4.680424e-05
# Stocahstic error estimate: 6.380025e-05
#
#
# Mean: 2.05289214e-01
# Block size    # of blocks         Mean                Error
      1              160       2.05289214e-01       2.082162e-03
      2               80       2.05289214e-01       1.960586e-03
      5               32       2.05289214e-01       1.913073e-03
     10               16       2.05289214e-01       1.958597e-03
     20                8       2.05289214e-01       2.387382e-03
     50                3       2.05123612e-01       4.892209e-03
# Stocahstic error estimate: 2.082162e-03
#
#
# Mean: -3.93026371e-02
# Block size    # of blocks         Mean                Error
      1              160       -3.93026371e-02       2.773882e-04
      2               80       -3.93026371e-02       2.614375e-04
      5               32       -3.93026371e-02       2.765594e-04
     10               16       -3.93026371e-02       2.860490e-04
     20                8       -3.93026371e-02       3.705268e-04
     50                3       -3.93058962e-02       7.417897e-04
# Stocahstic error estimate: 2.773882e-04
#
#
# Mean: -2.08763858e-01
# Block size    # of blocks         Mean                Error
      1              160       -2.08763858e-01       1.848733e-03
      2               80       -2.08763858e-01       1.743002e-03
      5               32       -2.08763858e-01       1.687214e-03
     10               16       -2.08763858e-01       1.729947e-03
     20                8       -2.08763858e-01       2.083349e-03
     50                3       -2.08618573e-01       4.233952e-03
# Stocahstic error estimate: 1.848733e-03
#
#
# Mean: -4.27772811e-02
# Block size    # of blocks         Mean                Error
      1              160       -4.27772811e-02       4.131290e-05
      2               80       -4.27772811e-02       3.956381e-05
      5               32       -4.27772811e-02       4.556197e-05
     10               16       -4.27772811e-02       4.979134e-05
     20                8       -4.27772811e-02       6.628392e-05
     50                3       -4.28008575e-02       5.330825e-05
# Stocahstic error estimate: 4.131290e-05
#
afqmc energy: -3.374613 +/- 0.000064
zero_orb_cr: 0.205289 +/- 0.205289
hf_orb_cr: -0.039303 +/- 0.000277
ccsd_orb_cr: -0.208764 +/- 0.001849
tot_orb_cr: -0.042777 +/- 0.000041
