# Hostname: yichi-thinkpad
# System Type: Linux
# Machine Type: x86_64
# Processor: x86_64
#INFO: **** input file is /home/yichi/research/software/cs_afqmc/ad_afqmc/lnocc/hchain/test/test.py ****
import sys, os
import numpy as np
from functools import reduce
from pyscf.lib import logger
from ad_afqmc.lno.cc import LNOCCSD
from ad_afqmc import lno_ccsd
from pyscf import gto, scf, mp, cc
from ad_afqmc.lno.base import lno
from ad_afqmc.lno.afqmc import LNOAFQMC

log = logger.Logger(sys.stdout, 6)

a = 0.9
nH = 6
atoms = ""
for i in range(nH):
    atoms += f"H {i*a} 0 0 \n"

mol = gto.M(atom=atoms, basis="ccpvdz", verbose=4)
mf = scf.RHF(mol).density_fit()
mf.kernel()

# frozen = 0
# mmp = mp.MP2(mf,frozen=frozen)
# mmp.kernel()[0]

# # cc
# mycc = cc.CCSD(mf)
# mycc.kernel()
# et = mycc.ccsd_t()

# fci
#cisolver = fci.FCI(mf)
#fci_ene, fci_vec = cisolver.kernel()

# print(f'rhf energy is {mf.e_tot}')
# print(f"ccsd energy is {mycc.e_tot}")
# print(f"ccsd_t energy is {mycc.e_tot+et}")
# print(f"ccsd correlation energy is {mycc.e_corr}")

options = {'n_eql': 6,
           'n_prop_steps': 20,
            'n_ene_blocks': 1,
            'n_sr_blocks': 10,
            'n_blocks': 20,
            'n_walkers': 50,
            'seed': 2,
            'walker_type': 'rhf',
            'trial': 'cisd',
            'dt':0.01,
            'ad_mode':None,
            }


thresh = 8.02e-05
lno_ccsd.run_lno_ccsd_afqmc(mf,thresh,[],options,1e-6,8)#INFO: ******************** input file end ********************


System: uname_result(system='Linux', node='yichi-thinkpad', release='4.4.0-26100-Microsoft', version='#1882-Microsoft Fri Jan 01 08:00:00 PST 2016', machine='x86_64')  Threads 12
Python 3.10.16 | packaged by conda-forge | (main, Dec  5 2024, 14:16:10) [GCC 13.3.0]
numpy 1.24.3  scipy 1.14.1  h5py 3.12.1
Date: Sun Jun 15 14:59:49 2025
PySCF version 2.8.0
PySCF path  /home/yichi/research/software/lno_pyscf
GIT HEAD (branch master) ef75f4190e4de208685670651dc6c467f72b6794

[ENV] PYSCF_EXT_PATH /home/yichi/research/software/pyscf
[CONFIG] conf_file None
[INPUT] verbose = 4
[INPUT] num. atoms = 6
[INPUT] num. electrons = 6
[INPUT] charge = 0
[INPUT] spin (= nelec alpha-beta = 2S) = 0
[INPUT] symmetry False subgroup None
[INPUT] Mole.unit = angstrom
[INPUT] Symbol           X                Y                Z      unit          X                Y                Z       unit  Magmom
[INPUT]  1 H      0.000000000000   0.000000000000   0.000000000000 AA    0.000000000000   0.000000000000   0.000000000000 Bohr   0.0
[INPUT]  2 H      0.900000000000   0.000000000000   0.000000000000 AA    1.700753512109   0.000000000000   0.000000000000 Bohr   0.0
[INPUT]  3 H      1.800000000000   0.000000000000   0.000000000000 AA    3.401507024217   0.000000000000   0.000000000000 Bohr   0.0
[INPUT]  4 H      2.700000000000   0.000000000000   0.000000000000 AA    5.102260536326   0.000000000000   0.000000000000 Bohr   0.0
[INPUT]  5 H      3.600000000000   0.000000000000   0.000000000000 AA    6.803014048434   0.000000000000   0.000000000000 Bohr   0.0
[INPUT]  6 H      4.500000000000   0.000000000000   0.000000000000 AA    8.503767560543   0.000000000000   0.000000000000 Bohr   0.0

nuclear repulsion = 5.11537970556
number of shells = 18
number of NR pGTOs = 42
number of NR cGTOs = 30
basis = ccpvdz
ecp = {}
CPU time:         1.00


******** <class 'pyscf.df.df_jk.DFRHF'> ********
method = DFRHF
initial guess = minao
damping factor = 0
level_shift factor = 0
DIIS = <class 'pyscf.scf.diis.CDIIS'>
diis_start_cycle = 1
diis_space = 8
diis_damp = 0
SCF conv_tol = 1e-09
SCF conv_tol_grad = None
SCF max_cycles = 50
direct_scf = False
chkfile to save SCF result = /tmp/tmp4t2rvxsk
max_memory 4000 MB (current use 145 MB)
Set gradient conv threshold to 3.16228e-05
Initial guess from minao.
******** <class 'pyscf.df.df.DF'> ********
auxbasis = None
max_memory = 4000
Default auxbasis cc-pvdz-jkfit is used for H ccpvdz
init E= -2.67700584552365
  HOMO = -0.262674844680972  LUMO = 0.0388295651460742
cycle= 1 E= -3.23301970436704  delta_E= -0.556  |g|= 0.126  |ddm|= 1.36
  HOMO = -0.389482660690849  LUMO = 0.0819106069595293
cycle= 2 E= -3.24210600516978  delta_E= -0.00909  |g|= 0.0338  |ddm|= 0.435
  HOMO = -0.381871045027768  LUMO = 0.100126545036024
cycle= 3 E= -3.24297627084339  delta_E= -0.00087  |g|= 0.0087  |ddm|= 0.195
  HOMO = -0.384945731936204  LUMO = 0.101678747618444
cycle= 4 E= -3.24304008989619  delta_E= -6.38e-05  |g|= 0.00138  |ddm|= 0.0652
  HOMO = -0.385272011089038  LUMO = 0.101890915486504
cycle= 5 E= -3.24304154650485  delta_E= -1.46e-06  |g|= 8.99e-05  |ddm|= 0.00832
  HOMO = -0.385281904191849  LUMO = 0.10191683937217
cycle= 6 E= -3.24304155130023  delta_E= -4.8e-09  |g|= 6.27e-06  |ddm|= 0.000271
  HOMO = -0.385278502411312  LUMO = 0.101917817626685
cycle= 7 E= -3.24304155132316  delta_E= -2.29e-11  |g|= 6.67e-07  |ddm|= 2.43e-05
  HOMO = -0.385278522425688  LUMO = 0.101918056101893
Extra cycle  E= -3.2430415513234  delta_E= -2.38e-13  |g|= 1.63e-07  |ddm|= 5.55e-06
converged SCF energy = -3.2430415513234
no_type = ie
lo_type = pm
LOs span exactly the occupied space.
Using single-LO fragment
nfrag = 3  nlo = 3
frag_atmlist = None
frag_lolist = [[0], [1], [2]]
frag_nonvlist = None
Lov is saved to /tmp/rt1a8axu
########### running fragment 1 ##########
    impsol:  1 LOs  13/30 MOs  3 occ  10 vir
    CPU time for imp sol - eri          0.00 sec, wall time      0.01 sec
    CPU time for imp sol - mp2 amp      0.00 sec, wall time      0.00 sec
    CPU time for imp sol - mp2 ene      0.00 sec, wall time      0.00 sec
    CPU time for imp sol - cc  amp      0.20 sec, wall time      0.17 sec
    CPU time for imp sol - cc  ene      0.00 sec, wall time      0.00 sec
# lno-ccsd correlation energy is: -0.04172052266157198
# Generating Cholesky Integrals
# frozen orbitals are [13 14 15 16 17 18 19 20 21 22 23 24 25 26 27 28 29]
# local active orbitals are [ 0  1  2  3  4  5  6  7  8  9 10 11 12]
# local active space size 13
# loc_eris shape: (169, 169)
# chol shape: (75, 169)
# Finished calculating Cholesky integrals

# Size of the correlation space:
# Number of electrons: (3, 3)
# Number of basis functions: 13
# Number of Cholesky vectors: 75

# Hostname: yichi-thinkpad
# System Type: Linux
# Machine Type: x86_64
# Processor: x86_64
# Number of MPI ranks: 8
#
# norb: 13
# nelec: (3, 3)
#
# n_eql: 6
# n_prop_steps: 20
# n_ene_blocks: 1
# n_sr_blocks: 10
# n_blocks: 20
# n_walkers: 50
# seed: 2
# walker_type: rhf
# trial: cisd
# dt: 0.01
# n_exp_terms: 6
# orbital_rotation: True
# do_sr: True
# symmetry: False
# save_walkers: False
# ene0: 0.0
# free_projection: False
# n_batch: 1
# maxError: 0.001
# use_gpu: False
#
# Hostname: yichi-thinkpad
# System Type: Linux
# Machine Type: x86_64
# Processor: x86_64
# afqmc propagation with ccsd trial using 400 walkers
# system relaxing and appraching the equilibrium of the Markov Chain
# eql_step 	 sys_energy 	 zero_orb_cr 	 hf_orb_cr 	 ccsd_orb_cr 	 tot_orb_cr 	 wall_time
    0	 	 -3.328307	 0.000000	 0.000000	 -0.041722	 -0.041722	    0.00
    1	 	 -3.328755	 0.145581	 -0.033198	 -0.154062	 -0.041680	   29.33 
    2	 	 -3.329459	 0.209377	 -0.041858	 -0.209266	 -0.041747	   49.48 
    3	 	 -3.329560	 0.199270	 -0.039231	 -0.201608	 -0.041568	   53.42 
    4	 	 -3.329239	 0.193548	 -0.037632	 -0.197655	 -0.041738	   57.57 
    5	 	 -3.329505	 0.220467	 -0.042844	 -0.219445	 -0.041823	   62.38 
    6	 	 -3.329431	 0.195692	 -0.038914	 -0.198652	 -0.041873	   66.94 
# Sampling sweeps:
# iter 	 sys_energy 	 err 	 zero_orb_cr 	 err 	 hf_orb_cr 	 err 	 ccsd_orb_cr 	 err 	 tot_orb_cr 	 err 	 time
   0   -3.329207   0.000084   0.190329   0.190329   -0.038269   0.001353   -0.193728   0.006417   -0.041667   0.000069  4.73 
   2   -3.329226   0.000059   0.189989   0.189989   -0.038041   0.000551   -0.193633   0.002826   -0.041684   0.000051  45.17 
   4   -3.329307   0.000055   0.192148   0.192148   -0.038581     None     -0.195283   0.003186   -0.041716   0.000041  53.52 
   6   -3.329379     None     0.196395   0.196395   -0.039130     None     -0.199037   0.002787   -0.041772   0.000038  62.00 
   8   -3.329425     None     0.198509   0.198509   -0.039360     None     -0.200921   0.002475   -0.041772   0.000033  70.92 
  10   -3.329463   0.000040   0.201863     None     -0.039841   0.000475   -0.203830     None     -0.041808   0.000031  79.37 
  12   -3.329470   0.000036   0.201979   0.201979   -0.039978   0.000419   -0.203827   0.002554   -0.041825   0.000029  88.22 
  14   -3.329460     None     0.200526   0.200526   -0.039792   0.000391   -0.202546   0.002354   -0.041812   0.000027  97.45 
  16   -3.329486     None     0.200701   0.200701   -0.039884   0.000348   -0.202627   0.002097   -0.041810   0.000024  106.45 
  18   -3.329496     None     0.200788   0.200788   -0.039859   0.000316   -0.202746   0.001915   -0.041817   0.000022  115.53 
# Number of outliers in post: 0 
#
# Mean: -3.32949675e+00
# Block size    # of blocks         Mean                Error
      1              160       -3.32949675e+00       3.126913e-05
      2               80       -3.32949675e+00       3.350425e-05
      5               32       -3.32949675e+00       3.548630e-05
     10               16       -3.32949675e+00       4.261346e-05
     20                8       -3.32949675e+00       5.643865e-05
     50                3       -3.32949506e+00       8.703913e-05
#
# Mean: 2.00294852e-01
# Block size    # of blocks         Mean                Error
      1              160       2.00294852e-01       1.983611e-03
      2               80       2.00294852e-01       2.104923e-03
      5               32       2.00294852e-01       2.082948e-03
     10               16       2.00294852e-01       2.811576e-03
     20                8       2.00294852e-01       3.288434e-03
     50                3       2.00961669e-01       5.975477e-03
# Stocahstic error estimate: 2.104923e-03
#
#
# Mean: -3.97702610e-02
# Block size    # of blocks         Mean                Error
      1              160       -3.97702610e-02       2.875495e-04
      2               80       -3.97702610e-02       3.057180e-04
      5               32       -3.97702610e-02       3.060645e-04
     10               16       -3.97702610e-02       3.942061e-04
     20                8       -3.97702610e-02       4.582180e-04
     50                3       -3.98859167e-02       7.674058e-04
# Stocahstic error estimate: 3.060645e-04
#
#
# Mean: -2.02346636e-01
# Block size    # of blocks         Mean                Error
      1              160       -2.02346636e-01       1.738681e-03
      2               80       -2.02346636e-01       1.838700e-03
      5               32       -2.02346636e-01       1.812355e-03
     10               16       -2.02346636e-01       2.455230e-03
     20                8       -2.02346636e-01       2.880779e-03
     50                3       -2.02892139e-01       5.274525e-03
# Stocahstic error estimate: 1.838700e-03
#
#
# Mean: -4.18220449e-02
# Block size    # of blocks         Mean                Error
      1              160       -4.18220449e-02       2.237231e-05
      2               80       -4.18220449e-02       2.223212e-05
      5               32       -4.18220449e-02       2.167548e-05
     10               16       -4.18220449e-02       2.896199e-05
     20                8       -4.18220449e-02       4.011191e-05
     50                3       -4.18163870e-02       5.907856e-05
# Stocahstic error estimate: 2.237231e-05
#
afqmc energy: -3.329497 +/-   None  
zero_orb_cr: 0.200295 +/- 0.200295
hf_orb_cr: -0.039770 +/- 0.000306
ccsd_orb_cr: -0.202347 +/- 0.001839
tot_orb_cr: -0.041822 +/- 0.000022
########### running fragment 2 ##########
    impsol:  1 LOs  13/30 MOs  3 occ  10 vir
    CPU time for imp sol - eri          0.05 sec, wall time      0.04 sec
    CPU time for imp sol - mp2 amp      0.00 sec, wall time      0.01 sec
    CPU time for imp sol - mp2 ene      0.00 sec, wall time      0.00 sec
    CPU time for imp sol - cc  amp      0.92 sec, wall time      0.66 sec
    CPU time for imp sol - cc  ene      0.00 sec, wall time      0.00 sec
# lno-ccsd correlation energy is: -0.040521218017201065
# Generating Cholesky Integrals
# frozen orbitals are [13 14 15 16 17 18 19 20 21 22 23 24 25 26 27 28 29]
# local active orbitals are [ 0  1  2  3  4  5  6  7  8  9 10 11 12]
# local active space size 13
# loc_eris shape: (169, 169)
# chol shape: (73, 169)
# Finished calculating Cholesky integrals

# Size of the correlation space:
# Number of electrons: (3, 3)
# Number of basis functions: 13
# Number of Cholesky vectors: 73

# Hostname: yichi-thinkpad
# System Type: Linux
# Machine Type: x86_64
# Processor: x86_64
# Number of MPI ranks: 8
#
# norb: 13
# nelec: (3, 3)
#
# n_eql: 6
# n_prop_steps: 20
# n_ene_blocks: 1
# n_sr_blocks: 10
# n_blocks: 20
# n_walkers: 50
# seed: 2
# walker_type: rhf
# trial: cisd
# dt: 0.01
# n_exp_terms: 6
# orbital_rotation: True
# do_sr: True
# symmetry: False
# save_walkers: False
# ene0: 0.0
# free_projection: False
# n_batch: 1
# maxError: 0.001
# use_gpu: False
#
# Hostname: yichi-thinkpad
# System Type: Linux
# Machine Type: x86_64
# Processor: x86_64
# afqmc propagation with ccsd trial using 400 walkers
# system relaxing and appraching the equilibrium of the Markov Chain
# eql_step 	 sys_energy 	 zero_orb_cr 	 hf_orb_cr 	 ccsd_orb_cr 	 tot_orb_cr 	 wall_time
    0	 	 -3.320454	 0.000000	 0.000000	 -0.040524	 -0.040524	    0.00
    1	 	 -3.320782	 0.145145	 -0.030928	 -0.154756	 -0.040539	   28.36 
    2	 	 -3.321253	 0.198113	 -0.038072	 -0.200484	 -0.040443	   48.81 
    3	 	 -3.321463	 0.196991	 -0.037611	 -0.199984	 -0.040603	   52.89 
    4	 	 -3.321463	 0.210844	 -0.039640	 -0.211900	 -0.040696	   57.19 
    5	 	 -3.321363	 0.207903	 -0.038855	 -0.209710	 -0.040661	   61.89 
    6	 	 -3.321615	 0.209416	 -0.039317	 -0.210804	 -0.040706	   66.63 
# Sampling sweeps:
# iter 	 sys_energy 	 err 	 zero_orb_cr 	 err 	 hf_orb_cr 	 err 	 ccsd_orb_cr 	 err 	 tot_orb_cr 	 err 	 time
   0   -3.321231     None     0.197773   0.197773   -0.036827     None     -0.201457   0.007776   -0.040511     None    4.79 
   2   -3.321362   0.000104   0.196584   0.196584   -0.037428   0.001190   -0.199700   0.006129   -0.040543   0.000080  42.57 
   4   -3.321348     None     0.197910   0.197910   -0.037523   0.000673   -0.200930   0.003329   -0.040543   0.000053  50.62 
   6   -3.321391     None     0.198864   0.198864   -0.037550   0.000475   -0.201845   0.002775   -0.040531   0.000048  59.48 
   8   -3.321415   0.000055   0.200102   0.200102   -0.037843   0.000448   -0.202798   0.002736   -0.040540   0.000043  67.93 
  10   -3.321397     None     0.200064   0.200064   -0.037807   0.000393   -0.202818   0.002417   -0.040561   0.000037  76.16 
  12   -3.321405   0.000049   0.201471   0.201471   -0.038058   0.000382   -0.203975   0.002346   -0.040563   0.000036  84.75 
  14   -3.321397   0.000048   0.200854   0.200854   -0.038062   0.000350   -0.203344   0.002166   -0.040552   0.000035  93.74 
  16   -3.321398   0.000034   0.200349   0.200349   -0.037962   0.000332   -0.202924   0.002055   -0.040537   0.000034  102.70 
  18   -3.321388   0.000031   0.199754   0.199754   -0.037869   0.000310   -0.202406   0.001891   -0.040521   0.000032  111.19 
# Number of outliers in post: 0 
#
# Mean: -3.32138388e+00
# Block size    # of blocks         Mean                Error
      1              160       -3.32138388e+00       2.842978e-05
      2               80       -3.32138388e+00       2.961767e-05
      5               32       -3.32138388e+00       3.224283e-05
     10               16       -3.32138388e+00       3.726936e-05
     20                8       -3.32138388e+00       3.057188e-05
     50                3       -3.32138862e+00       1.961523e-05
# Stocahstic error estimate: 2.961767e-05
#
#
# Mean: 1.99244945e-01
# Block size    # of blocks         Mean                Error
      1              160       1.99244945e-01       2.064787e-03
      2               80       1.99244945e-01       2.100861e-03
      5               32       1.99244945e-01       2.265954e-03
     10               16       1.99244945e-01       2.034736e-03
     20                8       1.99244945e-01       2.161572e-03
     50                3       1.99840967e-01       2.767452e-03
# Stocahstic error estimate: 2.100861e-03
#
#
# Mean: -3.78030891e-02
# Block size    # of blocks         Mean                Error
      1              160       -3.78030891e-02       2.937711e-04
      2               80       -3.78030891e-02       2.998013e-04
      5               32       -3.78030891e-02       3.115859e-04
     10               16       -3.78030891e-02       2.919372e-04
     20                8       -3.78030891e-02       3.064453e-04
     50                3       -3.78709639e-02       4.113405e-04
# Stocahstic error estimate: 2.998013e-04
#
#
# Mean: -2.01964745e-01
# Block size    # of blocks         Mean                Error
      1              160       -2.01964745e-01       1.797732e-03
      2               80       -2.01964745e-01       1.827364e-03
      5               32       -2.01964745e-01       1.973891e-03
     10               16       -2.01964745e-01       1.760141e-03
     20                8       -2.01964745e-01       1.884053e-03
     50                3       -2.02494697e-01       2.415076e-03
# Stocahstic error estimate: 1.827364e-03
#
#
# Mean: -4.05228892e-02
# Block size    # of blocks         Mean                Error
      1              160       -4.05228892e-02       2.786647e-05
      2               80       -4.05228892e-02       3.012308e-05
      5               32       -4.05228892e-02       2.705159e-05
     10               16       -4.05228892e-02       3.132289e-05
     20                8       -4.05228892e-02       3.620160e-05
     50                3       -4.05246950e-02       5.153555e-05
# Stocahstic error estimate: 3.012308e-05
#
afqmc energy: -3.321384 +/- 0.000030
zero_orb_cr: 0.199245 +/- 0.199245
hf_orb_cr: -0.037803 +/- 0.000300
ccsd_orb_cr: -0.201965 +/- 0.001827
tot_orb_cr: -0.040523 +/- 0.000030
########### running fragment 3 ##########
    impsol:  1 LOs  13/30 MOs  3 occ  10 vir
    CPU time for imp sol - eri          0.02 sec, wall time      0.03 sec
    CPU time for imp sol - mp2 amp      0.00 sec, wall time      0.01 sec
    CPU time for imp sol - mp2 ene      0.00 sec, wall time      0.00 sec
    CPU time for imp sol - cc  amp      0.91 sec, wall time      0.69 sec
    CPU time for imp sol - cc  ene      0.00 sec, wall time      0.00 sec
# lno-ccsd correlation energy is: -0.04052121491995239
# Generating Cholesky Integrals
# frozen orbitals are [13 14 15 16 17 18 19 20 21 22 23 24 25 26 27 28 29]
# local active orbitals are [ 0  1  2  3  4  5  6  7  8  9 10 11 12]
# local active space size 13
# loc_eris shape: (169, 169)
# chol shape: (72, 169)
# Finished calculating Cholesky integrals

# Size of the correlation space:
# Number of electrons: (3, 3)
# Number of basis functions: 13
# Number of Cholesky vectors: 72

# Hostname: yichi-thinkpad
# System Type: Linux
# Machine Type: x86_64
# Processor: x86_64
# Number of MPI ranks: 8
#
# norb: 13
# nelec: (3, 3)
#
# n_eql: 6
# n_prop_steps: 20
# n_ene_blocks: 1
# n_sr_blocks: 10
# n_blocks: 20
# n_walkers: 50
# seed: 2
# walker_type: rhf
# trial: cisd
# dt: 0.01
# n_exp_terms: 6
# orbital_rotation: True
# do_sr: True
# symmetry: False
# save_walkers: False
# ene0: 0.0
# free_projection: False
# n_batch: 1
# maxError: 0.001
# use_gpu: False
#
# Hostname: yichi-thinkpad
# System Type: Linux
# Machine Type: x86_64
# Processor: x86_64
# afqmc propagation with ccsd trial using 400 walkers
# system relaxing and appraching the equilibrium of the Markov Chain
# eql_step 	 sys_energy 	 zero_orb_cr 	 hf_orb_cr 	 ccsd_orb_cr 	 tot_orb_cr 	 wall_time
    0	 	 -3.320454	 0.000000	 0.000000	 -0.040524	 -0.040524	    0.00
    1	 	 -3.320923	 0.139458	 -0.030028	 -0.150004	 -0.040574	   29.58 
    2	 	 -3.321299	 0.190985	 -0.037430	 -0.194119	 -0.040565	   48.73 
    3	 	 -3.321688	 0.232153	 -0.042305	 -0.230547	 -0.040699	   52.41 
    4	 	 -3.321477	 0.196694	 -0.038158	 -0.199215	 -0.040679	   56.55 
    5	 	 -3.321363	 0.180566	 -0.035632	 -0.185412	 -0.040478	   60.92 
    6	 	 -3.321335	 0.200484	 -0.037968	 -0.203140	 -0.040624	   65.48 
# Sampling sweeps:
# iter 	 sys_energy 	 err 	 zero_orb_cr 	 err 	 hf_orb_cr 	 err 	 ccsd_orb_cr 	 err 	 tot_orb_cr 	 err 	 time
   0   -3.321219     None     0.190017     None     -0.036265   0.001024   -0.194357     None     -0.040604     None    4.75 
   2   -3.321368   0.000114   0.193943   0.193943   -0.036982   0.000589   -0.197514   0.003710   -0.040554   0.000063  45.57 
   4   -3.321407   0.000070   0.201796   0.201796   -0.038143   0.000548   -0.204169     None     -0.040517   0.000051  54.48 
   6   -3.321433   0.000060   0.202692   0.202692   -0.038160   0.000430   -0.205032   0.002578   -0.040500   0.000041  63.93 
   8   -3.321422   0.000053   0.201663   0.201663   -0.038180   0.000395   -0.204010   0.002377   -0.040527   0.000035  72.71 
  10   -3.321404   0.000046   0.200838   0.200838   -0.038268   0.000350   -0.203119   0.002042   -0.040550   0.000031  81.91 
  12   -3.321412   0.000042   0.200032   0.200032   -0.038187   0.000329   -0.202400   0.002030   -0.040555   0.000029  90.04 
  14   -3.321431   0.000037   0.200249   0.200249   -0.038302   0.000307   -0.202489   0.001792   -0.040543   0.000027  99.32 
  16   -3.321462   0.000037   0.201877   0.201877   -0.038490   0.000305   -0.203927   0.001837   -0.040540   0.000027  108.02 
  18   -3.321466   0.000034   0.203845   0.203845   -0.038662   0.000305   -0.205735   0.001901   -0.040552   0.000026  116.75 
# Number of outliers in post: 0 
#
# Mean: -3.32147424e+00
# Block size    # of blocks         Mean                Error
      1              160       -3.32147424e+00       3.038431e-05
      2               80       -3.32147424e+00       3.354576e-05
      5               32       -3.32147424e+00       3.152742e-05
     10               16       -3.32147424e+00       3.327966e-05
     20                8       -3.32147424e+00       4.530839e-05
     50                3       -3.32146349e+00       8.214091e-05
# Stocahstic error estimate: 3.354576e-05
#
#
# Mean: 2.04327244e-01
# Block size    # of blocks         Mean                Error
      1              160       2.04327244e-01       2.082822e-03
      2               80       2.04327244e-01       2.069546e-03
      5               32       2.04327244e-01       2.241428e-03
     10               16       2.04327244e-01       2.620737e-03
     20                8       2.04327244e-01       3.574041e-03
     50                3       2.03986894e-01       5.871441e-03
# Stocahstic error estimate: 2.082822e-03
#
#
# Mean: -3.87190224e-02
# Block size    # of blocks         Mean                Error
      1              160       -3.87190224e-02       2.930083e-04
      2               80       -3.87190224e-02       2.774522e-04
      5               32       -3.87190224e-02       2.671237e-04
     10               16       -3.87190224e-02       2.894434e-04
     20                8       -3.87190224e-02       4.005347e-04
     50                3       -3.86675581e-02       6.834199e-04
# Stocahstic error estimate: 2.930083e-04
#
#
# Mean: -2.06162215e-01
# Block size    # of blocks         Mean                Error
      1              160       -2.06162215e-01       1.827624e-03
      2               80       -2.06162215e-01       1.827558e-03
      5               32       -2.06162215e-01       2.003275e-03
     10               16       -2.06162215e-01       2.361274e-03
     20                8       -2.06162215e-01       3.199453e-03
     50                3       -2.05867842e-01       5.229319e-03
# Stocahstic error estimate: 1.827624e-03
#
#
# Mean: -4.05539942e-02
# Block size    # of blocks         Mean                Error
      1              160       -4.05539942e-02       2.571392e-05
      2               80       -4.05539942e-02       2.555500e-05
      5               32       -4.05539942e-02       2.220799e-05
     10               16       -4.05539942e-02       2.031298e-05
     20                8       -4.05539942e-02       2.030362e-05
     50                3       -4.05485063e-02       3.137990e-05
# Stocahstic error estimate: 2.571392e-05
#
afqmc energy: -3.321474 +/- 0.000034
zero_orb_cr: 0.204327 +/- 0.204327
hf_orb_cr: -0.038719 +/- 0.000293
ccsd_orb_cr: -0.206162 +/- 0.001828
tot_orb_cr: -0.040554 +/- 0.000026
