# Hostname: yichi-thinkpad
# System Type: Linux
# Machine Type: x86_64
# Processor: x86_64
# Number of MPI ranks: 10
#
# Using Local Natural Orbital Approximation
# norb: 17
# nelec: (4, 4)
#
# n_eql: 1
# n_ene_blocks: 1
# n_sr_blocks: 10
# n_blocks: 20
# n_walkers: 30
# seed: 98
# walker_type: rhf
# trial: rhf
# dt: 0.005
# orbE: 3
# prjlo: [[ 1.12757026e-17 -3.94430453e-31  6.93889390e-18 -1.00000000e+00]]
# maxError: 0.0005
# LNO: True
# n_exp_terms: 6
# n_prop_steps: 50
# orbital_rotation: True
# do_sr: True
# symmetry: False
# save_walkers: False
# ene0: 0.0
# free_projection: False
# n_batch: 1
#
# Equilibration sweeps:
#   Iter        Block energy      Walltime
#     0      -7.602676444e+01     1.42e+01 
