# Hostname: yichi-thinkpad
# System Type: Linux
# Machine Type: x86_64
# Processor: x86_64
# Number of MPI ranks: 10
#
# Using Local Natural Orbital Approximation
# norb: 13
# nelec: (4, 4)
#
# n_eql: 1
# n_ene_blocks: 1
# n_sr_blocks: 10
# n_blocks: 20
# n_walkers: 30
# seed: 98
# walker_type: rhf
# trial: rhf
# dt: 0.005
# orbE: 3
# prjlo: [[-1.38050658e-30 -1.38777878e-17  2.77555756e-17  1.00000000e+00]]
# maxError: 0.0005
# LNO: True
# n_exp_terms: 6
# n_prop_steps: 50
# orbital_rotation: True
# do_sr: True
# symmetry: False
# save_walkers: False
# ene0: 0.0
# free_projection: False
# n_batch: 1
#
# Equilibration sweeps:
#   Iter        Block energy      Walltime
#     0      -7.602676471e+01     1.01e+01 
#     1      -7.621799469e+01     3.85e+01 
#
# Sampling sweeps:
#  Iter        Mean energy          Stochastic error          OrbitalEnergy          OrbEStochError          Walltime
     0      -7.623235321e+01                -              -3.470049426e-02        -       5.37e+01 
     2      -7.622831510e+01                -              -3.187488887e-02        -       5.93e+01 
     4      -7.621760967e+01                -              -3.085755747e-02        -       6.48e+01 
     6      -7.621564497e+01                -              -3.077808079e-02        -       7.02e+01 
     8      -7.621644808e+01                -              -3.096003398e-02        -       7.55e+01 
    10      -7.621421362e+01        6.395609999e-03        -3.057513861e-02        9.682289840e-04        8.09e+01 
    12      -7.621306820e+01        6.310647319e-03        -3.049821382e-02        8.537396374e-04        8.87e+01 
    14      -7.621449307e+01        5.260255993e-03        -3.075286708e-02        7.115275187e-04        9.51e+01 
    16      -7.621514778e+01        5.397079684e-03        -3.097205974e-02        8.456589545e-04        1.00e+02 
    18      -7.621678757e+01        4.725600485e-03        -3.118163392e-02        7.427965001e-04        1.09e+02 
#
# Number of large deviations: 0
#
# Mean: -3.10441659e-02
# Block size    # of blocks         Mean                Error
      1              200       -3.10441659e-02       1.735700e-04
      2              100       -3.10441659e-02       2.467047e-04
      5               40       -3.10441659e-02       3.960756e-04
     10               20       -3.10441659e-02       5.748760e-04
     20               10       -3.10441659e-02       6.708369e-04
     50                4       -3.10441659e-02       3.527176e-04
# Stocahstic error estimate: 6.708369e-04
#
# Number of outliers in post: 0 
#
# Mean: -7.62150186e+01
# Block size    # of blocks         Mean                Error
      1              200       -7.62150186e+01       1.187470e-03
      2              100       -7.62150186e+01       1.687818e-03
      5               40       -7.62150186e+01       2.709731e-03
     10               20       -7.62150186e+01       3.932985e-03
     20               10       -7.62150186e+01       4.448853e-03
     50                4       -7.62150186e+01       2.004726e-03
# Stocahstic error estimate: 4.448853e-03
#
AFQMC energy: -76.215 +/- 0.004

orbE energy: -0.0310 +/- 0.0007

ph_afqmc walltime: 111.83889031410217
