# Hostname: yichi-thinkpad
# System Type: Linux
# Machine Type: x86_64
# Processor: x86_64
# Number of MPI ranks: 8
#
# norb: 13
# nelec: (4, 4)
#
# n_eql: 5
# n_prop_steps: 30
# n_ene_blocks: 1
# n_sr_blocks: 10
# n_blocks: 20
# n_walkers: 50
# seed: 2
# walker_type: rhf
# trial: cisd
# dt: 0.01
# n_exp_terms: 6
# orbital_rotation: True
# do_sr: True
# symmetry: False
# save_walkers: False
# ene0: 0.0
# free_projection: False
# n_batch: 1
# maxError: 0.001
# use_gpu: False
#
# Hostname: yichi-thinkpad
# System Type: Linux
# Machine Type: x86_64
# Processor: x86_64
# afqmc propagation with ccsd trial using 400 walkers
# system relaxing and appraching the equilibrium of the Markov Chain
# eql_step 	 sys_energy 	 elec_orb_cr 	 hf_orb_cr 	 ccsd_orb_cr 	 tot_orb_cr 	 wall_time
    0	 	 -76.212567	 0.000000	 0.000000	 -0.030808	 -0.030808	    0.00
    1	 	 -76.213013	 0.158736	 -0.028481	 -0.161016	 -0.030762	   52.62 
    2	 	 -76.213440	 0.156312	 -0.027772	 -0.159174	 -0.030634	   93.23 
    3	 	 -76.214027	 0.169470	 -0.030250	 -0.170015	 -0.030795	   101.96 
    4	 	 -76.213608	 0.162606	 -0.028953	 -0.164370	 -0.030718	   110.47 
lno-ccsd orb_corr: -0.030802
