# Hostname: yichi-thinkpad
# System Type: Linux
# Machine Type: x86_64
# Processor: x86_64
# Number of MPI ranks: 8
#
# norb: 7
# nelec: (4, 4)
#
# n_eql: 3
# n_prop_steps: 50
# n_ene_blocks: 1
# n_sr_blocks: 10
# n_blocks: 20
# n_walkers: 50
# seed: 2
# walker_type: rhf
# trial: cisd
# dt: 0.005
# use_gpu: False
# n_exp_terms: 6
# orbital_rotation: True
# do_sr: True
# symmetry: False
# save_walkers: False
# ene0: 0.0
# free_projection: False
# n_batch: 1
# maxError: 0.001
#
# Hostname: yichi-thinkpad
# System Type: Linux
# Machine Type: x86_64
# Processor: x86_64
# afqmc propagation with ccsd trial using 400 walkers
# system relaxing and appraching the equilibrium of the Markov Chain
# eql_step 	 sys_energy 	 elec_orb_cr 	 hf_orb_cr 	 ccsd_orb_cr 	 tot_orb_cr 	 wall_time
    0	 	 -108.700451	 0.000000	 0.000000	 -0.060007	 -0.060007	    0.00
    1	 	 -108.701172	 0.569712	 -0.045340	 -0.584561	 -0.060189	   44.04 
    2	 	 -108.702965	 0.722139	 -0.054280	 -0.729701	 -0.061842	   77.14 
    3	 	 -108.702126	 0.747522	 -0.055882	 -0.753368	 -0.061729	   79.70 
# Sampling sweeps:
# iter 	 sys_energy 	 err 	 elec_orb_cr 	 err 	 hf_orb_cr 	 err 	 ccsd_orb_cr 	 err 	 tot_orb_cr 	 err 	 time
   0   -108.702234   0.001599   0.710590   0.027823   -0.053613   0.002287   -0.718224   0.026282   -0.061247   0.000889  2.47 
   2   -108.703090     None     0.722843   0.023097   -0.054692   0.001885   -0.729698   0.021683   -0.061547   0.000883  64.39 
   4   -108.703008   0.000771   0.753892   0.018657   -0.056534   0.001394   -0.759171   0.017632   -0.061812   0.000429  69.47 
   6   -108.702388   0.000608   0.749946   0.014729   -0.056248   0.001099   -0.755301   0.013876   -0.061603   0.000329  74.08 
   8   -108.702153   0.000489   0.748440   0.013111   -0.056162   0.000958   -0.753800   0.012374   -0.061522   0.000280  78.98 
  10   -108.702013   0.000413   0.754380   0.011814   -0.056614   0.000869   -0.759272   0.011135   -0.061506   0.000241  83.88 
  12   -108.701865   0.000377   0.749422   0.010520   -0.056334   0.000762   -0.754411   0.009929   -0.061322   0.000215  88.68 
  14   -108.701728   0.000331   0.744660   0.009567   -0.055953   0.000704   -0.749923   0.009016   -0.061216   0.000192  93.65 
  16   -108.701789   0.000305   0.745852   0.008931   -0.056064   0.000657   -0.751022   0.008415   -0.061233   0.000176  98.35 
  18   -108.701811   0.000281   0.743609   0.008835   -0.056001   0.000661   -0.748789   0.008308   -0.061181   0.000166  103.40 
# Number of outliers in post: 0 
#
# Mean: -1.08701815e+02
# Block size    # of blocks         Mean                Error
      1              160       -1.08701815e+02       2.611793e-04
      2               80       -1.08701815e+02       2.674999e-04
      5               32       -1.08701815e+02       2.624364e-04
     10               16       -1.08701815e+02       2.841235e-04
     20                8       -1.08701815e+02       3.643018e-04
     50                3       -1.08701824e+02       5.484380e-04
# Stocahstic error estimate: 2.674999e-04
#
#
# Mean: 7.41545171e-01
# Block size    # of blocks         Mean                Error
      1              160       7.41545171e-01       8.613376e-03
      2               80       7.41545171e-01       7.937212e-03
      5               32       7.41545171e-01       8.447382e-03
     10               16       7.41545171e-01       6.917387e-03
     20                8       7.41545171e-01       8.528577e-03
     50                3       7.44012812e-01       5.904324e-03
# Stocahstic error estimate: 8.613376e-03
#
#
# Mean: -5.58751389e-02
# Block size    # of blocks         Mean                Error
      1              160       -5.58751389e-02       6.461072e-04
      2               80       -5.58751389e-02       5.832388e-04
      5               32       -5.58751389e-02       6.303804e-04
     10               16       -5.58751389e-02       4.878528e-04
     20                8       -5.58751389e-02       5.682867e-04
     50                3       -5.60217452e-02       3.415551e-04
# Stocahstic error estimate: 6.461072e-04
#
#
# Mean: -7.46822353e-01
# Block size    # of blocks         Mean                Error
      1              160       -7.46822353e-01       8.094472e-03
      2               80       -7.46822353e-01       7.474428e-03
      5               32       -7.46822353e-01       7.931366e-03
     10               16       -7.46822353e-01       6.557603e-03
     20                8       -7.46822353e-01       8.125851e-03
     50                3       -7.49180376e-01       5.814965e-03
# Stocahstic error estimate: 8.094472e-03
#
#
# Mean: -6.11523217e-02
# Block size    # of blocks         Mean                Error
      1              160       -6.11523217e-02       1.585589e-04
      2               80       -6.11523217e-02       1.543561e-04
      5               32       -6.11523217e-02       1.470876e-04
     10               16       -6.11523217e-02       1.529695e-04
     20                8       -6.11523217e-02       2.003985e-04
     50                3       -6.11893099e-02       3.185513e-04
# Stocahstic error estimate: 1.585589e-04
#
Final Results:
lno-ccsd orbital correlation energy: -0.060007
lno-ccsd-afqmc energy: -108.701815 +/- 0.000267
lno-ccsd-afqmc elec_orb_cr: 0.741545 +/- 0.008613
lno-ccsd-afqmc hf_orb_cr: -0.055875 +/- 0.000646
lno-ccsd-afqmc ccsd_orb_cr: -0.746822 +/- 0.008094
lno-ccsd-afqmc tot_orb_cr: -0.061152 +/- 0.000159
lno-mp2 orb_corr: -0.060069
lno-ccsd orb_corr: -0.060006
