# Hostname: yichi-thinkpad
# System Type: Linux
# Machine Type: x86_64
# Processor: x86_64
# Number of MPI ranks: 10
#
# Using Local Natural Orbital Approximation
# norb: 21
# nelec: (4, 4)
#
# n_eql: 1
# n_ene_blocks: 1
# n_sr_blocks: 10
# n_blocks: 1
# n_walkers: 5
# seed: 98
# walker_type: rhf
# trial: rhf
# dt: 0.005
# orbE: 3
# prjlo: [[-2.77555756e-17  1.11022302e-16 -1.97215226e-30  1.00000000e+00]]
# maxError: 0.0005
# LNO: True
# n_exp_terms: 6
# n_prop_steps: 50
# orbital_rotation: True
# do_sr: True
# symmetry: False
# save_walkers: False
# ene0: 0.0
# free_projection: False
# n_batch: 1
#
# Equilibration sweeps:
#   Iter        Block energy      Walltime
#     0      -7.602660143e+01     2.70e+00 
#     1      -7.625006866e+01     1.02e+01 
#
# Sampling sweeps:
#  Iter        Mean energy          Stochastic error          OrbitalEnergy          OrbEStochError          Walltime
     0      -7.620351410e+01                -              -3.356405348e-02        -       1.55e+01 
#
# Number of large deviations: 0
#
# Mean: -3.35640535e-02
# Block size    # of blocks         Mean                Error
      1               10       -3.35640535e-02       0.000000e+00
      2                5       -3.35640535e-02       0.000000e+00
# Number of outliers in post: 0 
#
# Mean: -7.62035141e+01
# Block size    # of blocks         Mean                Error
      1               10       -7.62035141e+01       0.000000e+00
      2                5       -7.62035141e+01       0.000000e+00
AFQMC energy: -76.2035140991211

orbE energy: -0.03356405347585678 +/- None

ph_afqmc walltime: 15.579084634780884
