# Number of MPI ranks: 1
#
# norb: 4
# nelec: (np.int64(1), np.int64(1))
#
# n_eql: 2
# n_ene_blocks: 25
# n_sr_blocks: 2
# n_blocks: 20
# n_walkers: 20
# seed: 98
# walker_type: rhf
# trial: rhf
# dt: 0.005
# orbE: 0
# prjlo: [[-1.]]
# maxError: 0.00035355339059327376
# n_prop_steps: 50
# orbital_rotation: True
# do_sr: True
# symmetry: False
# save_walkers: False
# ene0: 0.0
# free_projection: False
#
# Equilibration sweeps:
#   Iter        Block energy      Walltime
#     0      -1.513652948e+02     1.39e+00 
#     1      -1.513672028e+02     2.94e+00 
#     2      -1.513673553e+02     4.22e+00 
#
# Sampling sweeps:
#  Iter        Mean energy          Stochastic error          OrbitalEnergy          OrbE Stoch Error                        Walltime
     0      -1.513668518e+02                -              -1.554151648e-03        -       5.57e+00 
     2      -1.513669840e+02                -              -1.689828450e-03        -       5.82e+00 
     4      -1.513669617e+02                -              -1.668755882e-03        -       6.06e+00 
     6      -1.513669542e+02        8.903186457e-05        -1.662997003e-03        8.967486527e-05        6.31e+00 
     8      -1.513669095e+02                -              -1.617647377e-03        -       6.55e+00 
    10      -1.513669018e+02        8.903220621e-05        -1.610365658e-03        8.884119353e-05        6.79e+00 
    12      -1.513669269e+02        7.168258376e-05        -1.634671098e-03        7.153495761e-05        7.04e+00 
    14      -1.513669851e+02        8.643256777e-05        -1.691281415e-03        8.457434355e-05        7.29e+00 
    16      -1.513670089e+02                -              -1.715247082e-03        -       7.53e+00 
    18      -1.513669972e+02                -              -1.703679992e-03        -       7.77e+00 
#
# Number of large deviations: 0
#
# Mean: -1.73547319e-03
# Block size    # of blocks         Mean                Error
      1               20       -1.73547319e-03       6.145048e-05
      2               10       -1.73547319e-03       7.175817e-05
      5                4       -1.73547319e-03       7.578306e-05
# Number of outliers in post: 0 
#
# Mean: -1.51367029e+02
# Block size    # of blocks         Mean                Error
      1               20       -1.51367029e+02       6.184753e-05
      2               10       -1.51367029e+02       7.218756e-05
      5                4       -1.51367029e+02       7.663389e-05
AFQMC energy: -151.36702882197446

orbE energy: -0.0017354731943604806 +/- None

ph_afqmc walltime: 7.912518739700317
