# Hostname: yichi-thinkpad
# System Type: Linux
# Machine Type: x86_64
# Processor: x86_64
# Number of MPI ranks: 10
#
# Using Local Natural Orbital Approximation
# norb: 6
# nelec: (3, 3)
#
# n_eql: 1
# n_ene_blocks: 1
# n_sr_blocks: 10
# n_blocks: 5
# n_walkers: 5
# seed: 98
# walker_type: rhf
# trial: rhf
# dt: 0.005
# orbE: 2
# prjlo: [[-5.55111512e-17  1.87350135e-16  1.00000000e+00]]
# maxError: 0.0005773502691896258
# LNO: True
# n_exp_terms: 6
# n_prop_steps: 50
# orbital_rotation: True
# do_sr: True
# symmetry: False
# save_walkers: False
# ene0: 0.0
# free_projection: False
# n_batch: 1
#
# Equilibration sweeps:
#   Iter        Block energy      Walltime
#     0      -2.747884527e+00     6.12e+00 
#     1      -2.942350149e+00     1.47e+01 
#
# Sampling sweeps:
#  Iter        Mean energy          Stochastic error          OrbitalEnergy          OrbEStochError          Walltime
     0      -2.913071394e+00                -              -4.456401989e-02        -       2.19e+01 
     1      -2.910553265e+00                -              -6.274138327e-02        -       2.20e+01 
     2      -2.900796232e+00                -              -5.959942759e-02        -       2.21e+01 
     3      -2.891212845e+00                -              -5.977709365e-02        -       2.22e+01 
     4      -2.888198648e+00                -              -5.697494499e-02        -       2.24e+01 
#
# Number of large deviations: 0
#
# Mean: -5.69749450e-02
# Block size    # of blocks         Mean                Error
      1               50       -5.69749450e-02       1.916590e-03
      2               25       -5.69749450e-02       2.766937e-03
      3               16       -5.74422924e-02       3.224195e-03
      5               10       -5.69749450e-02       4.666573e-03
     10                5       -5.69749450e-02       7.424477e-03
     15                3       -5.82209178e-02       2.674745e-03
     20                2       -5.97770936e-02       4.199651e-03
# Stocahstic error estimate: 7.424477e-03
#
# Number of outliers in post: 0 
#
# Mean: -2.88819865e+00
# Block size    # of blocks         Mean                Error
      1               50       -2.88819865e+00       2.796737e-03
      2               25       -2.88819865e+00       4.037583e-03
      3               16       -2.88870136e+00       5.142616e-03
      5               10       -2.88819865e+00       6.809580e-03
     10                5       -2.88819865e+00       1.083398e-02
     15                3       -2.88953891e+00       1.573460e-02
     20                2       -2.89121285e+00       2.740050e-02
AFQMC energy: -2.888198648392768

orbE energy: -0.057 +/- 0.007

ph_afqmc walltime: 22.500335216522217
