# Hostname: yichi-thinkpad
# System Type: Linux
# Machine Type: x86_64
# Processor: x86_64
# Number of MPI ranks: 6
#
# norb: 3
# nelec: (1, 1)
# nchol: 90
#
# n_eql: 4
# n_prop_steps: 10
# n_ene_blocks: 1
# n_sr_blocks: 10
# n_blocks: 10
# n_walkers: 10
# seed: 278
# walker_type: rhf
# trial: cisd
# dt: 0.005
# use_gpu: False
# n_exp_terms: 6
# orbital_rotation: True
# do_sr: True
# symmetry: False
# save_walkers: False
# free_projection: False
# n_batch: 1
# ene0: 0
#
# Hostname: yichi-thinkpad
# System Type: Linux
# Machine Type: x86_64
# Processor: x86_64
# afqmc propagation with ccsd trial using 60 walkers
# system relaxing and appraching the equilibrium of the Markov Chain
# step  energy  hf_orb_cr  olp_ratio  ccsd_orb_cr0  ccsd_orb_cr1  ccsd_orb_cr2  ccsd_orb_cr  orb_corr  time
    0  -5.240042  0.000000  1.000000  0.000000  0.001863  -0.035337  -0.033474  -0.033474  2.18 
    1  -5.239895  -0.005907  0.994482  0.008609  -0.008652  -0.027377  -0.027420  -0.033327  13.51 
    2  -5.239542  -0.017067  0.983531  0.025709  -0.029561  -0.012055  -0.015907  -0.032973  20.97 
    3  -5.239234  -0.024999  0.975421  0.038375  -0.045069  -0.000973  -0.007667  -0.032666  21.05 
    4  -5.238923  -0.031483  0.968917  0.048648  -0.057723  0.008204  -0.000872  -0.032355  21.13 
# Sampling sweeps:
# iter  energy  err  hf_orb_cr  err  olp_ratio  ccsd_orb_cr0  err  ccsd_orb_cr1  err ccsd_orb_cr2  err  ccsd_orb_cr  err tot_orb_cr  err  time
     0  -5.238764    None    -0.035288    None    0.965154     None    0.054875    None    -0.065324    None    0.013542    None    0.003092    None    -0.032196    None    21.25
     1  -5.238781  0.000299  -0.037902  0.005672  0.963330   0.005532  0.058019  0.009002  -0.069186  0.011098  0.016855  0.008034  0.005688  0.005942  -0.032214  0.000299  27.85
     2  -5.238807  0.000253  -0.037913  0.004410  0.963363   0.004411  0.058040  0.007265  -0.069247  0.008937  0.016881  0.006291  0.005674  0.004640  -0.032239  0.000252  34.03
     3  -5.238859  0.000222  -0.037311  0.003820  0.964362   0.003635  0.057363  0.006195  -0.068406  0.007635  0.016063  0.005463  0.005020  0.004024  -0.032291  0.000222  34.11
     4  -5.238962  0.000200  -0.036316  0.003287  0.965558   0.003166  0.055923  0.005368  -0.066580  0.006614  0.014580  0.004712  0.003923  0.003468  -0.032393  0.000200  34.20
     5  -5.239015  0.000183  -0.036733  0.002984  0.965165   0.002898  0.056470  0.004891  -0.067220  0.006022  0.015036  0.004275  0.004286  0.003146  -0.032446  0.000183  34.29
     6  -5.239036  0.000161  -0.037807  0.002712  0.964216   0.002620  0.057757  0.004385  -0.068796  0.005397  0.016378  0.003861  0.005339  0.002851  -0.032467  0.000161  34.38
     7  -5.239008  0.000151  -0.038977  0.002630  0.963093   0.002537  0.059358  0.004192  -0.070773  0.005158  0.017951  0.003720  0.006537  0.002756  -0.032440  0.000151  34.47
     8  -5.239042  0.000140  -0.038776  0.002455  0.963638   0.002349  0.058666  0.003882  -0.069928  0.004774  0.017564  0.003457  0.006303  0.002567  -0.032473  0.000140  34.55
     9  -5.239093  0.000129  -0.037867  0.002276  0.964600   0.002185  0.057042  0.003612  -0.067931  0.004443  0.016231  0.003208  0.005342  0.002380  -0.032525  0.000129  34.65
# Number of outliers in post: 0 
#
# Mean: -5.23909316e+00
# Block size    # of blocks         Mean                Error
      1               60       -5.23909316e+00       1.288193e-04
      2               30       -5.23909316e+00       1.168881e-04
      5               12       -5.23909316e+00       9.607560e-05
     10                6       -5.23909316e+00       1.259980e-04
     20                3       -5.23909316e+00       1.472856e-04
# Stocahstic error estimate: 1.288193e-04
#
#
# Mean: -3.78669399e-02
# Block size    # of blocks         Mean                Error
      1               60       -3.78669399e-02       2.276161e-03
      2               30       -3.78669399e-02       1.985350e-03
      5               12       -3.78669399e-02       1.974322e-03
     10                6       -3.78669399e-02       2.304167e-03
     20                3       -3.78669399e-02       7.738130e-04
# Stocahstic error estimate: 2.276161e-03
#
#
# Mean: 9.64599937e-01
# Block size    # of blocks         Mean                Error
      1               60       9.64599937e-01       2.185392e-03
      2               30       9.64599937e-01       2.008216e-03
      5               12       9.64599937e-01       2.042232e-03
     10                6       9.64599937e-01       2.546877e-03
     20                3       9.64599937e-01       2.728559e-04
# Stocahstic error estimate: 2.185392e-03
#
#
# Mean: 5.70417504e-02
# Block size    # of blocks         Mean                Error
      1               60       5.70417504e-02       3.612032e-03
      2               30       5.70417504e-02       3.302245e-03
      5               12       5.70417504e-02       3.072102e-03
     10                6       5.70417504e-02       3.684869e-03
     20                3       5.70417504e-02       1.166989e-03
# Stocahstic error estimate: 3.612032e-03
#
#
# Mean: -6.79309824e-02
# Block size    # of blocks         Mean                Error
      1               60       -6.79309824e-02       4.442825e-03
      2               30       -6.79309824e-02       4.056703e-03
      5               12       -6.79309824e-02       3.772271e-03
     10                6       -6.79309824e-02       4.518646e-03
     20                3       -6.79309824e-02       1.343897e-03
# Stocahstic error estimate: 4.442825e-03
#
#
# Mean: 1.62314931e-02
# Block size    # of blocks         Mean                Error
      1               60       1.62314931e-02       3.208177e-03
      2               30       1.62314931e-02       2.834966e-03
      5               12       1.62314931e-02       2.735314e-03
     10                6       1.62314931e-02       3.200134e-03
     20                3       1.62314931e-02       7.292409e-04
# Stocahstic error estimate: 3.208177e-03
#
#
# Mean: 5.34226150e-03
# Block size    # of blocks         Mean                Error
      1               60       5.34226150e-03       2.379619e-03
      2               30       5.34226150e-03       2.082906e-03
      5               12       5.34226150e-03       2.039044e-03
     10                6       5.34226150e-03       2.373457e-03
     20                3       5.34226150e-03       6.268352e-04
# Stocahstic error estimate: 2.379619e-03
#
#
# Mean: -3.25246783e-02
# Block size    # of blocks         Mean                Error
      1               60       -3.25246783e-02       1.288223e-04
      2               30       -3.25246783e-02       1.168365e-04
      5               12       -3.25246783e-02       9.599056e-05
     10                6       -3.25246783e-02       1.259160e-04
     20                3       -3.25246783e-02       1.470448e-04
# Stocahstic error estimate: 1.288223e-04
#
Final Results:
lno-ccsd-afqmc energy: -5.239093 +/- 0.000129
lno-ccsd-afqmc hf_orb_cr: -0.037867 +/- 0.002276
lno-ccsd-afqmc olp_ratio: 0.964600 +/- 0.002185
lno-ccsd-afqmc ccsd_orb_cr0: 0.057042 +/- 0.003612
lno-ccsd-afqmc ccsd_orb_cr1: -0.067931 +/- 0.004443
lno-ccsd-afqmc ccsd_orb_cr2: 0.016231 +/- 0.003208
lno-ccsd-afqmc ccsd_orb_cr: 0.005342 +/- 0.002380
lno-ccsd-afqmc tot_orb_corr: -0.032525 +/- 0.000129
total run time: 34.67
lno-mp2 orb_corr: -0.019489
number of active orbitals: 2
number of active electrons: 3
