# Hostname: yichi-thinkpad
# System Type: Linux
# Machine Type: x86_64
# Processor: x86_64
# Number of MPI ranks: 6
#
# norb: 3
# nelec: (1, 1)
# nchol: 90
#
# n_eql: 4
# n_prop_steps: 10
# n_ene_blocks: 1
# n_sr_blocks: 10
# n_blocks: 10
# n_walkers: 10
# seed: 54
# walker_type: rhf
# trial: cisd
# dt: 0.005
# use_gpu: False
# n_exp_terms: 6
# orbital_rotation: True
# do_sr: True
# symmetry: False
# save_walkers: False
# free_projection: False
# n_batch: 1
# ene0: 0
#
# Hostname: yichi-thinkpad
# System Type: Linux
# Machine Type: x86_64
# Processor: x86_64
# afqmc propagation with ccsd trial using 60 walkers
# system relaxing and appraching the equilibrium of the Markov Chain
# step  energy  hf_orb_cr  olp_ratio  ccsd_orb_cr0  ccsd_orb_cr1  ccsd_orb_cr2  ccsd_orb_cr  orb_corr  time
    0  -5.234723  0.000000  1.000000  0.000000  0.002545  -0.030699  -0.028155  -0.028155  2.19 
    1  -5.234291  -0.006503  0.993876  0.009769  -0.008193  -0.022795  -0.021219  -0.027722  12.04 
    2  -5.233878  -0.014466  0.986439  0.021639  -0.021188  -0.013294  -0.012843  -0.027309  18.82 
    3  -5.233698  -0.016116  0.984794  0.024270  -0.024091  -0.011192  -0.011013  -0.027129  18.90 
    4  -5.233696  -0.015481  0.985381  0.023338  -0.023090  -0.011894  -0.011646  -0.027127  18.98 
# Sampling sweeps:
# iter  energy  err  hf_orb_cr  err  olp_ratio  ccsd_orb_cr0  err  ccsd_orb_cr1  err ccsd_orb_cr2  err  ccsd_orb_cr  err tot_orb_cr  err  time
     0  -5.233897    None    -0.014724    None    0.986325     None    0.021840    None    -0.021315    None    -0.013129    None    -0.012604    None    -0.027328    None    19.09
     1  -5.233910  0.000161  -0.015204  0.001258  0.985879   0.001192  0.022559  0.001902  -0.022088  0.002113  -0.012609  0.001574  -0.012137  0.001362  -0.027341  0.000161  25.60
     2  -5.233898  0.000152  -0.015672  0.001014  0.985425   0.000982  0.023306  0.001570  -0.022930  0.001752  -0.012033  0.001302  -0.011657  0.001120  -0.027329  0.000152  31.93
     3  -5.233771  0.000197  -0.017525  0.001917  0.983640   0.001841  0.026179  0.002950  -0.026144  0.003282  -0.009713  0.002421  -0.009677  0.002089  -0.027202  0.000197  32.01
     4  -5.233560  0.000262  -0.020392  0.002745  0.980842   0.002674  0.030656  0.004273  -0.031122  0.004758  -0.006134  0.003477  -0.006600  0.002991  -0.026992  0.000262  32.09
     5  -5.233564  0.000239  -0.020788  0.002453  0.980468   0.002398  0.031256  0.003832  -0.031756  0.004266  -0.005708  0.003109  -0.006208  0.002676  -0.026996  0.000239  32.18
     6  -5.233549  0.000212  -0.020827  0.002150  0.980405   0.002102  0.031356  0.003361  -0.031869  0.003742  -0.005641  0.002727  -0.006154  0.002346  -0.026981  0.000212  32.26
     7  -5.233454  0.000200  -0.021459  0.001973  0.979723   0.001937  0.032444  0.003099  -0.033090  0.003452  -0.004780  0.002512  -0.005426  0.002159  -0.026885  0.000199  32.36
     8  -5.233379  0.000198  -0.021917  0.001989  0.979248   0.001946  0.033230  0.003129  -0.033973  0.003483  -0.004151  0.002530  -0.004894  0.002175  -0.026811  0.000198  32.45
     9  -5.233369  0.000194  -0.021985  0.001955  0.979205   0.001909  0.033346  0.003087  -0.034100  0.003427  -0.004062  0.002476  -0.004816  0.002129  -0.026801  0.000194  32.54
# Number of outliers in post: 1 
#
# Mean: -5.23346548e+00
# Block size    # of blocks         Mean                Error
      1               59       -5.23346548e+00       1.702745e-04
      2               29       -5.23346151e+00       1.591967e-04
      5               11       -5.23351513e+00       1.547534e-04
     10                5       -5.23358549e+00       1.817902e-04
     20                2       -5.23368869e+00       3.652665e-04
# Stocahstic error estimate: 1.702745e-04
#
#
# Mean: -2.09394235e-02
# Block size    # of blocks         Mean                Error
      1               59       -2.09394235e-02       1.664553e-03
      2               29       -2.09164027e-02       1.395278e-03
      5               11       -2.05214874e-02       1.631331e-03
     10                5       -1.98562034e-02       2.064207e-03
     20                2       -1.95291005e-02       5.693900e-03
# Stocahstic error estimate: 1.664553e-03
#
#
# Mean: 9.80230807e-01
# Block size    # of blocks         Mean                Error
      1               59       9.80230807e-01       1.621860e-03
      2               29       9.80250004e-01       1.378985e-03
      5               11       9.80633053e-01       1.592810e-03
     10                5       9.81280511e-01       2.027307e-03
     20                2       9.81695716e-01       5.506752e-03
# Stocahstic error estimate: 1.621860e-03
#
#
# Mean: 3.17102434e-02
# Block size    # of blocks         Mean                Error
      1               59       3.17102434e-02       2.635599e-03
      2               29       3.16813982e-02       2.243737e-03
      5               11       3.10172474e-02       2.567470e-03
     10                5       2.99528485e-02       3.253666e-03
     20                2       2.92994471e-02       8.850358e-03
# Stocahstic error estimate: 2.635599e-03
#
#
# Mean: -3.22764634e-02
# Block size    # of blocks         Mean                Error
      1               59       -3.22764634e-02       2.931365e-03
      2               29       -3.22499822e-02       2.500670e-03
      5               11       -3.15061366e-02       2.853642e-03
     10                5       -3.03227094e-02       3.607609e-03
     20                2       -2.95668685e-02       9.790582e-03
# Stocahstic error estimate: 2.931365e-03
#
#
# Mean: -5.39153617e-03
# Block size    # of blocks         Mean                Error
      1               59       -5.39153617e-03       2.117860e-03
      2               29       -5.40821836e-03       1.797886e-03
      5               11       -5.93644275e-03       2.058543e-03
     10                5       -6.79098823e-03       2.571879e-03
     20                2       -7.32381878e-03       6.999213e-03
# Stocahstic error estimate: 2.117860e-03
#
#
# Mean: -5.95775612e-03
# Block size    # of blocks         Mean                Error
      1               59       -5.95775612e-03       1.822099e-03
      2               29       -5.97680237e-03       1.540924e-03
      5               11       -6.42533180e-03       1.772409e-03
     10                5       -7.16084909e-03       2.218194e-03
     20                2       -7.59124023e-03       6.058989e-03
# Stocahstic error estimate: 1.822099e-03
#
#
# Mean: -2.68971796e-02
# Block size    # of blocks         Mean                Error
      1               59       -2.68971796e-02       1.702119e-04
      2               29       -2.68932051e-02       1.591364e-04
      5               11       -2.69468192e-02       1.547155e-04
     10                5       -2.70170526e-02       1.817975e-04
     20                2       -2.71203408e-02       3.650893e-04
# Stocahstic error estimate: 1.702119e-04
#
Final Results:
lno-ccsd-afqmc energy: -5.233465 +/- 0.000170
lno-ccsd-afqmc hf_orb_cr: -0.020939 +/- 0.001665
lno-ccsd-afqmc olp_ratio: 0.980231 +/- 0.001622
lno-ccsd-afqmc ccsd_orb_cr0: 0.031710 +/- 0.002636
lno-ccsd-afqmc ccsd_orb_cr1: -0.032276 +/- 0.002931
lno-ccsd-afqmc ccsd_orb_cr2: -0.005392 +/- 0.002118
lno-ccsd-afqmc ccsd_orb_cr: -0.005958 +/- 0.001822
lno-ccsd-afqmc tot_orb_corr: -0.026897 +/- 0.000170
total run time: 32.55
lno-mp2 orb_corr: -0.016536
number of active orbitals: 2
number of active electrons: 3
