# frag  hf_orb_cr  err  ccsd_orb_cr  err  afqmc_orb_corr  err  mp2_orb_corr  ccsd_orb_corr  n_orb  n_elec  time
  1  -0.014577  0.000781  0.000926  0.000781  -0.013651  0.000000  -0.010183  -0.013651  3  2  30.30
  2  -0.026651  0.001764  0.000742  0.001764  -0.025909  0.000000  -0.016723  -0.025909  3  2  54.21
  3  -0.037867  0.002276  0.005342  0.002380  -0.032525  0.000129  -0.019489  -0.025909  2  3  34.67
  4  -0.031157  0.002953  -0.001432  0.003061  -0.032589  0.000207  -0.019489  -0.025909  2  3  32.65
  5  -0.020939  0.001665  -0.005958  0.001822  -0.026897  0.000170  -0.016536  -0.025909  2  3  32.55
# final results 
# mean-field energy: -5.3553816675
# hf_cr: -0.131191 +/- 0.004516
# ccsd_cr: -0.000380 +/- 0.004698
# lno_afqmc_corr: -0.131571 +/- 0.000297
# e_mp2_corr: -0.082420
# e_ccsd_corr: -0.117287
# mp2_corrected lno_afqmc_corr: -0.229598
# lno-thresh [0.01, 0.001]
# number of orbitals: average 2.40 maxium 3
# number of electrons: average 2.60 maxium 3
# total run time: 184.38
