# thresh(occ,vir) 	 afqmc_corr 	   err		mp2_afqmc_corr 	 ccsd_corr 	   hf_cr  	   err  	 ccsd_cr0 	   err  	  ccsd_cr1   	   err 	         ccsd_cr2   	   err  	   ccsd_cr   	   err 	       ave_olp_ratio 	   err 	       ave_norb  max_norb ave_nelec  max_nelec  run_time
  (0.01, 0.001) 	 -0.019491 	 0.000022 	 -0.056352 	 0.000000 	 -0.019067 	 0.000110 	 0.018042 	 0.000105 	 -0.013608 	 0.000076 	 -0.004858 	 0.000101 	 -0.000424 	 0.000130 	 0.994416 	 0.000046 	 2.00  	 2 	 4.00 	 4 	 126.06
  (0.001, 0.0001) 	 -0.066387 	 0.000010 	 -0.071331 	 0.000000 	 -0.063820 	 0.000261 	 0.139530 	 0.000650 	 -0.216095 	 0.001029 	 0.073998 	 0.000630 	 -0.002567 	 0.000255 	 0.967759 	 0.000199 	 4.00  	 4 	 10.00 	 10 	 307.18
  (0.0001, 1e-05) 	 -0.069408 	 0.000008 	 -0.069584 	 0.000000 	 -0.067445 	 0.000274 	 0.143730 	 0.000751 	 -0.241334 	 0.001326 	 0.095642 	 0.000838 	 -0.001962 	 0.000269 	 0.967075 	 0.000224 	 4.00  	 4 	 18.00 	 18 	 641.96
  (9.999999999999999e-06, 1e-06) 	 -0.069482 	 0.000008 	 -0.069482 	 0.000000 	 -0.066654 	 0.000255 	 0.141806 	 0.000710 	 -0.240115 	 0.001257 	 0.095481 	 0.000789 	 -0.002827 	 0.000251 	 0.967478 	 0.000214 	 4.00  	 4 	 20.00 	 20 	 797.54
