# Hostname: yichi-thinkpad
# System Type: Linux
# Machine Type: x86_64
# Processor: x86_64
# Number of MPI ranks: 8
#
# norb: 21
# nelec: (4, 4)
#
# n_eql: 5
# n_prop_steps: 30
# n_ene_blocks: 1
# n_sr_blocks: 10
# n_blocks: 20
# n_walkers: 50
# seed: 2
# walker_type: rhf
# trial: cisd
# dt: 0.01
# n_exp_terms: 6
# orbital_rotation: True
# do_sr: True
# symmetry: False
# save_walkers: False
# ene0: 0.0
# free_projection: False
# n_batch: 1
# maxError: 0.001
# use_gpu: False
#
# Hostname: yichi-thinkpad
# System Type: Linux
# Machine Type: x86_64
# Processor: x86_64
# afqmc propagation with ccsd trial using 400 walkers
# system relaxing and appraching the equilibrium of the Markov Chain
# eql_step 	 sys_energy 	 zero_orb_cr 	 hf_orb_cr 	 ccsd_orb_cr 	 tot_orb_cr 	 wall_time
    0	 	 -76.237719	 0.000000	 0.000000	 -0.034280	 -0.034280	    0.00
    1	 	 -76.240494	 0.169872	 -0.031283	 -0.172966	 -0.034377	   83.78 
    2	 	 -76.241989	 0.185758	 -0.033773	 -0.186429	 -0.034445	   154.08 
    3	 	 -76.241211	 0.178188	 -0.032588	 -0.179912	 -0.034312	   193.86 
    4	 	 -76.241669	 0.177124	 -0.032601	 -0.178909	 -0.034386	   233.71 
    5	 	 -76.241341	 0.176633	 -0.032082	 -0.178772	 -0.034221	   273.50 
# Sampling sweeps:
# iter 	 sys_energy 	 err 	 zero_orb_cr 	 err 	 hf_orb_cr 	 err 	 ccsd_orb_cr 	 err 	 tot_orb_cr 	 err 	 time
   0   -76.242088     None     0.181246   0.181246   -0.033096   0.000521   -0.182558   0.002424   -0.034408   0.000078  39.87 
   2   -76.241478   0.000262   0.181761   0.181761   -0.033211   0.000497   -0.182848   0.002369   -0.034298   0.000050  177.43 
   4   -76.241363   0.000196   0.180799   0.180799   -0.033031   0.000331   -0.182045   0.001572   -0.034277     None    256.24 
   6   -76.241432   0.000171   0.180224   0.180224   -0.032890   0.000263   -0.181604   0.001253   -0.034270   0.000045  334.64 
   8   -76.241331   0.000148   0.180004   0.180004   -0.032829   0.000211   -0.181431   0.001010   -0.034256   0.000036  413.16 
  10   -76.241210     None     0.179288   0.179288   -0.032698   0.000189   -0.180838   0.000900   -0.034248   0.000033  492.65 
  12   -76.241174   0.000132   0.178863   0.178863   -0.032616   0.000167   -0.180494   0.000797   -0.034247   0.000029  571.89 
  14   -76.241153     None     0.178876   0.178876   -0.032607   0.000156   -0.180509   0.000747   -0.034240   0.000027  651.36 
  16   -76.241166   0.000119   0.178900   0.178900   -0.032617   0.000143   -0.180537   0.000683   -0.034254   0.000025  731.16 
  18   -76.241172   0.000134   0.178563   0.178563   -0.032560   0.000135   -0.180264   0.000647   -0.034261   0.000023  810.50 
# Number of outliers in post: 0 
#
# Mean: -7.62411736e+01
# Block size    # of blocks         Mean                Error
      1              160       -7.62411736e+01       1.098331e-04
      2               80       -7.62411736e+01       1.157925e-04
      5               32       -7.62411736e+01       1.253984e-04
     10               16       -7.62411736e+01       1.252404e-04
     20                8       -7.62411736e+01       1.315836e-04
     50                3       -7.62411727e+01       1.717711e-04
# Stocahstic error estimate: 1.253984e-04
#
#
# Mean: 1.78517478e-01
# Block size    # of blocks         Mean                Error
      1              160       1.78517478e-01       7.479353e-04
      2               80       1.78517478e-01       7.025047e-04
      5               32       1.78517478e-01       6.788171e-04
     10               16       1.78517478e-01       5.773018e-04
     20                8       1.78517478e-01       6.134914e-04
     50                3       1.78541181e-01       1.069174e-03
# Stocahstic error estimate: 7.479353e-04
#
#
# Mean: -3.25525551e-02
# Block size    # of blocks         Mean                Error
      1              160       -3.25525551e-02       1.323366e-04
      2               80       -3.25525551e-02       1.284827e-04
      5               32       -3.25525551e-02       1.197612e-04
     10               16       -3.25525551e-02       1.041147e-04
     20                8       -3.25525551e-02       1.228075e-04
     50                3       -3.25580523e-02       2.426239e-04
# Stocahstic error estimate: 1.323366e-04
#
#
# Mean: -1.80227843e-01
# Block size    # of blocks         Mean                Error
      1              160       -1.80227843e-01       6.307681e-04
      2               80       -1.80227843e-01       5.901116e-04
      5               32       -1.80227843e-01       5.699147e-04
     10               16       -1.80227843e-01       4.798000e-04
     20                8       -1.80227843e-01       4.939574e-04
     50                3       -1.80241892e-01       8.356248e-04
# Stocahstic error estimate: 6.307681e-04
#
#
# Mean: -3.42629206e-02
# Block size    # of blocks         Mean                Error
      1              160       -3.42629206e-02       2.093309e-05
      2               80       -3.42629206e-02       2.255786e-05
      5               32       -3.42629206e-02       1.779648e-05
     10               16       -3.42629206e-02       2.023001e-05
     20                8       -3.42629206e-02       2.004484e-05
     50                3       -3.42587631e-02       2.679730e-05
# Stocahstic error estimate: 2.255786e-05
#
afqmc energy: -76.241174 +/- 0.000125
zero_orb_cr: 0.178517 +/- 0.178517
hf_orb_cr: -0.032553 +/- 0.000132
ccsd_orb_cr: -0.180228 +/- 0.000631
tot_orb_cr: -0.034263 +/- 0.000023
